Archive member included to satisfy reference by file (symbol)

D:/ST/STM32CubeIDE_1.19.0/STM32CubeIDE/plugins/com.st.stm32cube.ide.mcu.externaltools.gnu-tools-for-stm32.13.3.rel1.win32_1.0.0.202411081344/tools/bin/../lib/gcc/arm-none-eabi/13.3.1/../../../../arm-none-eabi/lib/thumb/v7e-m+dp/hard\libc_nano.a(libc_a-exit.o)
                              D:/ST/STM32CubeIDE_1.19.0/STM32CubeIDE/plugins/com.st.stm32cube.ide.mcu.externaltools.gnu-tools-for-stm32.13.3.rel1.win32_1.0.0.202411081344/tools/bin/../lib/gcc/arm-none-eabi/13.3.1/../../../../arm-none-eabi/lib/thumb/v7e-m+dp/hard/crt0.o (exit)
D:/ST/STM32CubeIDE_1.19.0/STM32CubeIDE/plugins/com.st.stm32cube.ide.mcu.externaltools.gnu-tools-for-stm32.13.3.rel1.win32_1.0.0.202411081344/tools/bin/../lib/gcc/arm-none-eabi/13.3.1/../../../../arm-none-eabi/lib/thumb/v7e-m+dp/hard\libc_nano.a(libc_a-findfp.o)
                              D:/ST/STM32CubeIDE_1.19.0/STM32CubeIDE/plugins/com.st.stm32cube.ide.mcu.externaltools.gnu-tools-for-stm32.13.3.rel1.win32_1.0.0.202411081344/tools/bin/../lib/gcc/arm-none-eabi/13.3.1/../../../../arm-none-eabi/lib/thumb/v7e-m+dp/hard\libc_nano.a(libc_a-exit.o) (__stdio_exit_handler)
D:/ST/STM32CubeIDE_1.19.0/STM32CubeIDE/plugins/com.st.stm32cube.ide.mcu.externaltools.gnu-tools-for-stm32.13.3.rel1.win32_1.0.0.202411081344/tools/bin/../lib/gcc/arm-none-eabi/13.3.1/../../../../arm-none-eabi/lib/thumb/v7e-m+dp/hard\libc_nano.a(libc_a-fwalk.o)
                              D:/ST/STM32CubeIDE_1.19.0/STM32CubeIDE/plugins/com.st.stm32cube.ide.mcu.externaltools.gnu-tools-for-stm32.13.3.rel1.win32_1.0.0.202411081344/tools/bin/../lib/gcc/arm-none-eabi/13.3.1/../../../../arm-none-eabi/lib/thumb/v7e-m+dp/hard\libc_nano.a(libc_a-findfp.o) (_fwalk_sglue)
D:/ST/STM32CubeIDE_1.19.0/STM32CubeIDE/plugins/com.st.stm32cube.ide.mcu.externaltools.gnu-tools-for-stm32.13.3.rel1.win32_1.0.0.202411081344/tools/bin/../lib/gcc/arm-none-eabi/13.3.1/../../../../arm-none-eabi/lib/thumb/v7e-m+dp/hard\libc_nano.a(libc_a-snprintf.o)
                              ./Core/Src/camera_app.o (snprintf)
D:/ST/STM32CubeIDE_1.19.0/STM32CubeIDE/plugins/com.st.stm32cube.ide.mcu.externaltools.gnu-tools-for-stm32.13.3.rel1.win32_1.0.0.202411081344/tools/bin/../lib/gcc/arm-none-eabi/13.3.1/../../../../arm-none-eabi/lib/thumb/v7e-m+dp/hard\libc_nano.a(libc_a-stdio.o)
                              D:/ST/STM32CubeIDE_1.19.0/STM32CubeIDE/plugins/com.st.stm32cube.ide.mcu.externaltools.gnu-tools-for-stm32.13.3.rel1.win32_1.0.0.202411081344/tools/bin/../lib/gcc/arm-none-eabi/13.3.1/../../../../arm-none-eabi/lib/thumb/v7e-m+dp/hard\libc_nano.a(libc_a-findfp.o) (__sread)
D:/ST/STM32CubeIDE_1.19.0/STM32CubeIDE/plugins/com.st.stm32cube.ide.mcu.externaltools.gnu-tools-for-stm32.13.3.rel1.win32_1.0.0.202411081344/tools/bin/../lib/gcc/arm-none-eabi/13.3.1/../../../../arm-none-eabi/lib/thumb/v7e-m+dp/hard\libc_nano.a(libc_a-memset.o)
                              D:/ST/STM32CubeIDE_1.19.0/STM32CubeIDE/plugins/com.st.stm32cube.ide.mcu.externaltools.gnu-tools-for-stm32.13.3.rel1.win32_1.0.0.202411081344/tools/bin/../lib/gcc/arm-none-eabi/13.3.1/../../../../arm-none-eabi/lib/thumb/v7e-m+dp/hard/crt0.o (memset)
D:/ST/STM32CubeIDE_1.19.0/STM32CubeIDE/plugins/com.st.stm32cube.ide.mcu.externaltools.gnu-tools-for-stm32.13.3.rel1.win32_1.0.0.202411081344/tools/bin/../lib/gcc/arm-none-eabi/13.3.1/../../../../arm-none-eabi/lib/thumb/v7e-m+dp/hard\libc_nano.a(libc_a-closer.o)
                              D:/ST/STM32CubeIDE_1.19.0/STM32CubeIDE/plugins/com.st.stm32cube.ide.mcu.externaltools.gnu-tools-for-stm32.13.3.rel1.win32_1.0.0.202411081344/tools/bin/../lib/gcc/arm-none-eabi/13.3.1/../../../../arm-none-eabi/lib/thumb/v7e-m+dp/hard\libc_nano.a(libc_a-stdio.o) (_close_r)
D:/ST/STM32CubeIDE_1.19.0/STM32CubeIDE/plugins/com.st.stm32cube.ide.mcu.externaltools.gnu-tools-for-stm32.13.3.rel1.win32_1.0.0.202411081344/tools/bin/../lib/gcc/arm-none-eabi/13.3.1/../../../../arm-none-eabi/lib/thumb/v7e-m+dp/hard\libc_nano.a(libc_a-reent.o)
                              D:/ST/STM32CubeIDE_1.19.0/STM32CubeIDE/plugins/com.st.stm32cube.ide.mcu.externaltools.gnu-tools-for-stm32.13.3.rel1.win32_1.0.0.202411081344/tools/bin/../lib/gcc/arm-none-eabi/13.3.1/../../../../arm-none-eabi/lib/thumb/v7e-m+dp/hard\libc_nano.a(libc_a-closer.o) (errno)
D:/ST/STM32CubeIDE_1.19.0/STM32CubeIDE/plugins/com.st.stm32cube.ide.mcu.externaltools.gnu-tools-for-stm32.13.3.rel1.win32_1.0.0.202411081344/tools/bin/../lib/gcc/arm-none-eabi/13.3.1/../../../../arm-none-eabi/lib/thumb/v7e-m+dp/hard\libc_nano.a(libc_a-impure.o)
                              D:/ST/STM32CubeIDE_1.19.0/STM32CubeIDE/plugins/com.st.stm32cube.ide.mcu.externaltools.gnu-tools-for-stm32.13.3.rel1.win32_1.0.0.202411081344/tools/bin/../lib/gcc/arm-none-eabi/13.3.1/../../../../arm-none-eabi/lib/thumb/v7e-m+dp/hard\libc_nano.a(libc_a-snprintf.o) (_impure_ptr)
[...]
Memory Configuration

Name             Origin             Length             Attributes
FLASH            0x08000000         0x00200000         xr
DTCMRAM          0x20000000         0x00020000         xrw
RAM_D1           0x24000000         0x00080000         xrw
RAM_D2           0x30000000         0x00048000         xrw
RAM_D3           0x38000000         0x00010000         xrw
ITCMRAM          0x00000000         0x00010000         xrw
*default*        0x00000000         0xffffffff

Linker script and memory map

LOAD D:/ST/STM32CubeIDE_1.19.0/STM32CubeIDE/plugins/com.st.stm32cube.ide.mcu.externaltools.gnu-tools-for-stm32.13.3.rel1.win32_1.0.0.202411081344/tools/bin/../lib/gcc/arm-none-eabi/13.3.1/thumb/v7e-m+dp/hard/crti.o
LOAD D:/ST/STM32CubeIDE_1.19.0/STM32CubeIDE/plugins/com.st.stm32cube.ide.mcu.externaltools.gnu-tools-for-stm32.13.3.rel1.win32_1.0.0.202411081344/tools/bin/../lib/gcc/arm-none-eabi/13.3.1/thumb/v7e-m+dp/hard/crtbegin.o
LOAD D:/ST/STM32CubeIDE_1.19.0/STM32CubeIDE/plugins/com.st.stm32cube.ide.mcu.externaltools.gnu-tools-for-stm32.13.3.rel1.win32_1.0.0.202411081344/tools/bin/../lib/gcc/arm-none-eabi/13.3.1/../../../../arm-none-eabi/lib/thumb/v7e-m+dp/hard/crt0.o
LOAD ./Core/Src/camera_app.o
LOAD ./Core/Src/dcmi.o
LOAD ./Core/Src/dma.o
LOAD ./Core/Src/gpio.o
LOAD ./Core/Src/jpeg_stream.o
LOAD ./Core/Src/main.o
LOAD ./Core/Src/ov2640.o
LOAD ./Core/Src/ov2640_sccb.o
LOAD ./Core/Src/stm32h7xx_hal_msp.o
LOAD ./Core/Src/stm32h7xx_it.o
LOAD ./Core/Src/syscalls.o
LOAD ./Core/Src/sysmem.o
LOAD ./Core/Src/system_stm32h7xx.o
LOAD ./Core/Src/usart.o
LOAD ./Core/Startup/startup_stm32h743iitx.o
LOAD ./Drivers/STM32H7xx_HAL_Driver/Src/stm32h7xx_hal.o
LOAD ./Drivers/STM32H7xx_HAL_Driver/Src/stm32h7xx_hal_cortex.o
LOAD ./Drivers/STM32H7xx_HAL_Driver/Src/stm32h7xx_hal_dcmi.o
LOAD ./Drivers/STM32H7xx_HAL_Driver/Src/stm32h7xx_hal_dma.o
LOAD ./Drivers/STM32H7xx_HAL_Driver/Src/stm32h7xx_hal_dma_ex.o
LOAD ./Drivers/STM32H7xx_HAL_Driver/Src/stm32h7xx_hal_exti.o
LOAD ./Drivers/STM32H7xx_HAL_Driver/Src/stm32h7xx_hal_flash.o
LOAD ./Drivers/STM32H7xx_HAL_Driver/Src/stm32h7xx_hal_flash_ex.o
LOAD ./Drivers/STM32H7xx_HAL_Driver/Src/stm32h7xx_hal_gpio.o
LOAD ./Drivers/STM32H7xx_HAL_Driver/Src/stm32h7xx_hal_hsem.o
LOAD ./Drivers/STM32H7xx_HAL_Driver/Src/stm32h7xx_hal_i2c.o
LOAD ./Drivers/STM32H7xx_HAL_Driver/Src/stm32h7xx_hal_i2c_ex.o
LOAD ./Drivers/STM32H7xx_HAL_Driver/Src/stm32h7xx_hal_mdma.o
LOAD ./Drivers/STM32H7xx_HAL_Driver/Src/stm32h7xx_hal_pwr.o
LOAD ./Drivers/STM32H7xx_HAL_Driver/Src/stm32h7xx_hal_pwr_ex.o
LOAD ./Drivers/STM32H7xx_HAL_Driver/Src/stm32h7xx_hal_rcc.o
LOAD ./Drivers/STM32H7xx_HAL_Driver/Src/stm32h7xx_hal_rcc_ex.o
LOAD ./Drivers/STM32H7xx_HAL_Driver/Src/stm32h7xx_hal_tim.o
LOAD ./Drivers/STM32H7xx_HAL_Driver/Src/stm32h7xx_hal_tim_ex.o
LOAD ./Drivers/STM32H7xx_HAL_Driver/Src/stm32h7xx_hal_uart.o
LOAD ./Drivers/STM32H7xx_HAL_Driver/Src/stm32h7xx_hal_uart_ex.o
START GROUP
LOAD D:/ST/STM32CubeIDE_1.19.0/STM32CubeIDE/plugins/com.st.stm32cube.ide.mcu.externaltools.gnu-tools-for-stm32.13.3.rel1.win32_1.0.0.202411081344/tools/bin/../lib/gcc/arm-none-eabi/13.3.1/../../../../arm-none-eabi/lib/thumb/v7e-m+dp/hard\libc_nano.a
LOAD D:/ST/STM32CubeIDE_1.19.0/STM32CubeIDE/plugins/com.st.stm32cube.ide.mcu.externaltools.gnu-tools-for-stm32.13.3.rel1.win32_1.0.0.202411081344/tools/bin/../lib/gcc/arm-none-eabi/13.3.1/../../../../arm-none-eabi/lib/thumb/v7e-m+dp/hard\libm.a
END GROUP
START GROUP
LOAD D:/ST/STM32CubeIDE_1.19.0/STM32CubeIDE/plugins/com.st.stm32cube.ide.mcu.externaltools.gnu-tools-for-stm32.13.3.rel1.win32_1.0.0.202411081344/tools/bin/../lib/gcc/arm-none-eabi/13.3.1/thumb/v7e-m+dp/hard\libgcc.a
LOAD D:/ST/STM32CubeIDE_1.19.0/STM32CubeIDE/plugins/com.st.stm32cube.ide.mcu.externaltools.gnu-tools-for-stm32.13.3.rel1.win32_1.0.0.202411081344/tools/bin/../lib/gcc/arm-none-eabi/13.3.1/../../../../arm-none-eabi/lib/thumb/v7e-m+dp/hard\libc_nano.a
END GROUP
START GROUP
LOAD D:/ST/STM32CubeIDE_1.19.0/STM32CubeIDE/plugins/com.st.stm32cube.ide.mcu.externaltools.gnu-tools-for-stm32.13.3.rel1.win32_1.0.0.202411081344/tools/bin/../lib/gcc/arm-none-eabi/13.3.1/thumb/v7e-m+dp/hard\libgcc.a
LOAD D:/ST/STM32CubeIDE_1.19.0/STM32CubeIDE/plugins/com.st.stm32cube.ide.mcu.externaltools.gnu-tools-for-stm32.13.3.rel1.win32_1.0.0.202411081344/tools/bin/../lib/gcc/arm-none-eabi/13.3.1/../../../../arm-none-eabi/lib/thumb/v7e-m+dp/hard\libc_nano.a
LOAD D:/ST/STM32CubeIDE_1.19.0/STM32CubeIDE/plugins/com.st.stm32cube.ide.mcu.externaltools.gnu-tools-for-stm32.13.3.rel1.win32_1.0.0.202411081344/tools/bin/../lib/gcc/arm-none-eabi/13.3.1/../../../../arm-none-eabi/lib/thumb/v7e-m+dp/hard\libnosys.a
END GROUP
START GROUP
LOAD D:/ST/STM32CubeIDE_1.19.0/STM32CubeIDE/plugins/com.st.stm32cube.ide.mcu.externaltools.gnu-tools-for-stm32.13.3.rel1.win32_1.0.0.202411081344/tools/bin/../lib/gcc/arm-none-eabi/13.3.1/thumb/v7e-m+dp/hard\libgcc.a
LOAD D:/ST/STM32CubeIDE_1.19.0/STM32CubeIDE/plugins/com.st.stm32cube.ide.mcu.externaltools.gnu-tools-for-stm32.13.3.rel1.win32_1.0.0.202411081344/tools/bin/../lib/gcc/arm-none-eabi/13.3.1/../../../../arm-none-eabi/lib/thumb/v7e-m+dp/hard\libc_nano.a
LOAD D:/ST/STM32CubeIDE_1.19.0/STM32CubeIDE/plugins/com.st.stm32cube.ide.mcu.externaltools.gnu-tools-for-stm32.13.3.rel1.win32_1.0.0.202411081344/tools/bin/../lib/gcc/arm-none-eabi/13.3.1/../../../../arm-none-eabi/lib/thumb/v7e-m+dp/hard\libnosys.a
END GROUP
LOAD D:/ST/STM32CubeIDE_1.19.0/STM32CubeIDE/plugins/com.st.stm32cube.ide.mcu.externaltools.gnu-tools-for-stm32.13.3.rel1.win32_1.0.0.202411081344/tools/bin/../lib/gcc/arm-none-eabi/13.3.1/thumb/v7e-m+dp/hard/crtend.o
LOAD D:/ST/STM32CubeIDE_1.19.0/STM32CubeIDE/plugins/com.st.stm32cube.ide.mcu.externaltools.gnu-tools-for-stm32.13.3.rel1.win32_1.0.0.202411081344/tools/bin/../lib/gcc/arm-none-eabi/13.3.1/thumb/v7e-m+dp/hard/crtn.o
                0x24080000                        _estack = (ORIGIN (RAM_D1) + LENGTH (RAM_D1))
                0x00000200                        _Min_Heap_Size = 0x200
                0x00000400                        _Min_Stack_Size = 0x400

.isr_vector     0x08000000      0x298
                0x08000000                        . = ALIGN (0x4)
 *(.isr_vector)
 .isr_vector    0x08000000      0x298 ./Core/Startup/startup_stm32h743iitx.o
                0x08000000                g_pfnVectors
                0x08000298                        . = ALIGN (0x4)

.text           0x080002a0     0xaa44
                0x080002a0                        . = ALIGN (0x4)
 *(.text)
 .text          0x080002a0       0x40 D:/ST/STM32CubeIDE_1.19.0/STM32CubeIDE/plugins/com.st.stm32cube.ide.mcu.externaltools.gnu-tools-for-stm32.13.3.rel1.win32_1.0.0.202411081344/tools/bin/../lib/gcc/arm-none-eabi/13.3.1/thumb/v7e-m+dp/hard/crtbegin.o
 .text          0x080002e0       0x10 D:/ST/STM32CubeIDE_1.19.0/STM32CubeIDE/plugins/com.st.stm32cube.ide.mcu.externaltools.gnu-tools-for-stm32.13.3.rel1.win32_1.0.0.202411081344/tools/bin/../lib/gcc/arm-none-eabi/13.3.1/../../../../arm-none-eabi/lib/thumb/v7e-m+dp/hard\libc_nano.a(libc_a-strlen.o)
                0x080002e0                strlen
 .text          0x080002f0       0xa0 D:/ST/STM32CubeIDE_1.19.0/STM32CubeIDE/plugins/com.st.stm32cube.ide.mcu.externaltools.gnu-tools-for-stm32.13.3.rel1.win32_1.0.0.202411081344/tools/bin/../lib/gcc/arm-none-eabi/13.3.1/../../../../arm-none-eabi/lib/thumb/v7e-m+dp/hard\libc_nano.a(libc_a-memchr.o)
                0x080002f0                memchr
 .text          0x08000390       0x30 D:/ST/STM32CubeIDE_1.19.0/STM32CubeIDE/plugins/com.st.stm32cube.ide.mcu.externaltools.gnu-tools-for-stm32.13.3.rel1.win32_1.0.0.202411081344/tools/bin/../lib/gcc/arm-none-eabi/13.3.1/thumb/v7e-m+dp/hard\libgcc.a(_aeabi_uldivmod.o)
                0x08000390                __aeabi_uldivmod
 .text          0x080003c0      0x2f8 D:/ST/STM32CubeIDE_1.19.0/STM32CubeIDE/plugins/com.st.stm32cube.ide.mcu.externaltools.gnu-tools-for-stm32.13.3.rel1.win32_1.0.0.202411081344/tools/bin/../lib/gcc/arm-none-eabi/13.3.1/thumb/v7e-m+dp/hard\libgcc.a(_udivmoddi4.o)
                0x080003c0                __udivmoddi4
 .text          0x080006b8        0x4 D:/ST/STM32CubeIDE_1.19.0/STM32CubeIDE/plugins/com.st.stm32cube.ide.mcu.externaltools.gnu-tools-for-stm32.13.3.rel1.win32_1.0.0.202411081344/tools/bin/../lib/gcc/arm-none-eabi/13.3.1/thumb/v7e-m+dp/hard\libgcc.a(_dvmd_tls.o)
                0x080006b8                __aeabi_idiv0
                0x080006b8                __aeabi_ldiv0
 *(.text*)
 .text.HAL_DCMI_FrameEventCallback
                0x080006bc       0x14 ./Core/Src/camera_app.o
                0x080006bc                HAL_DCMI_FrameEventCallback
 .text.HAL_DCMI_ErrorCallback
                0x080006d0       0x14 ./Core/Src/camera_app.o
                0x080006d0                HAL_DCMI_ErrorCallback
 .text.CameraApp_SignalFrameDone
                0x080006e4       0x18 ./Core/Src/camera_app.o
                0x080006e4                CameraApp_SignalFrameDone
 .text.dbg_print
                0x080006fc       0x30 ./Core/Src/camera_app.o
 .text.dbg_dump_dcmi_status
                0x0800072c       0x84 ./Core/Src/camera_app.o
 .text.ov2640_colorbar_enable
                0x080007b0       0x44 ./Core/Src/camera_app.o
 .text.ov2640_colorbar_disable
                0x080007f4       0x3a ./Core/Src/camera_app.o
 *fill*         0x0800082e        0x2 
 .text.CameraApp_Init
                0x08000830      0x318 ./Core/Src/camera_app.o
                0x08000830                CameraApp_Init
 .text.CameraApp_Run
                0x08000b48       0xd8 ./Core/Src/camera_app.o
                0x08000b48                CameraApp_Run
 .text.MX_DCMI_Init
                0x08000c20       0x68 ./Core/Src/dcmi.o
                0x08000c20                MX_DCMI_Init
 .text.HAL_DCMI_MspInit
                0x08000c88      0x248 ./Core/Src/dcmi.o
                0x08000c88                HAL_DCMI_MspInit
 .text.MX_DMA_Init
                0x08000ed0       0x40 ./Core/Src/dma.o
                0x08000ed0                MX_DMA_Init
 .text.MX_GPIO_Init
                0x08000f10      0x174 ./Core/Src/gpio.o
                0x08000f10                MX_GPIO_Init
 .text.JPEG_Stream_Init
                0x08001084        0xe ./Core/Src/jpeg_stream.o
                0x08001084                JPEG_Stream_Init
 *fill*         0x08001092        0x2 
 .text.JPEG_Stream_GetBuf
                0x08001094       0x14 ./Core/Src/jpeg_stream.o
                0x08001094                JPEG_Stream_GetBuf
 .text.JPEG_Stream_GetMaxSize
                0x080010a8       0x12 ./Core/Src/jpeg_stream.o
                0x080010a8                JPEG_Stream_GetMaxSize
 *fill*         0x080010ba        0x2 
 .text.JPEG_Stream_FindFrame
                0x080010bc       0xb4 ./Core/Src/jpeg_stream.o
                0x080010bc                JPEG_Stream_FindFrame
 .text.main     0x08001170      0x11c ./Core/Src/main.o
                0x08001170                main
 .text.SystemClock_Config
                0x0800128c       0xf4 ./Core/Src/main.o
                0x0800128c                SystemClock_Config
 .text.MPU_Config
                0x08001380       0x5a ./Core/Src/main.o
 .text.Error_Handler
                0x080013da        0xc ./Core/Src/main.o
                0x080013da                Error_Handler
 *fill*         0x080013e6        0x2 
 .text.ov2640_hw_reset
                0x080013e8       0x30 ./Core/Src/ov2640.o
 .text.ov2640_write_reg
                0x08001418       0x30 ./Core/Src/ov2640.o
 .text.ov2640_read_reg
                0x08001448       0x2c ./Core/Src/ov2640.o
 .text.ov2640_sw_reset
                0x08001474       0x1e ./Core/Src/ov2640.o
 .text.ov2640_write_table
                0x08001492       0x4c ./Core/Src/ov2640.o
 .text.OV2640_ProbeID
                0x080014de       0xc2 ./Core/Src/ov2640.o
                0x080014de                OV2640_ProbeID
 .text.OV2640_SetOutputFormatJPEG
                0x080015a0       0x20 ./Core/Src/ov2640.o
                0x080015a0                OV2640_SetOutputFormatJPEG
 .text.OV2640_SetOutputSize
                0x080015c0      0x10e ./Core/Src/ov2640.o
                0x080015c0                OV2640_SetOutputSize
 *fill*         0x080016ce        0x2 
 .text.OV2640_Probe
                0x080016d0       0x64 ./Core/Src/ov2640.o
                0x080016d0                OV2640_Probe
 .text.OV2640_Init
                0x08001734       0x8c ./Core/Src/ov2640.o
                0x08001734                OV2640_Init
 .text.sccb_scl_hi
                0x080017c0       0x18 ./Core/Src/ov2640_sccb.o
 .text.sccb_scl_lo
                0x080017d8       0x1c ./Core/Src/ov2640_sccb.o
 .text.sccb_sda_hi
                0x080017f4       0x18 ./Core/Src/ov2640_sccb.o
 .text.sccb_sda_lo
                0x0800180c       0x1c ./Core/Src/ov2640_sccb.o
 .text.sccb_sda_read
                0x08001828       0x24 ./Core/Src/ov2640_sccb.o
 .text.sccb_delay_us
                0x0800184c       0x84 ./Core/Src/ov2640_sccb.o
 .text.sccb_start
                0x080018d0       0x24 ./Core/Src/ov2640_sccb.o
 .text.sccb_stop
                0x080018f4       0x26 ./Core/Src/ov2640_sccb.o
 .text.sccb_write_byte
                0x0800191a       0x74 ./Core/Src/ov2640_sccb.o
 .text.sccb_read_byte
                0x0800198e       0x92 ./Core/Src/ov2640_sccb.o
 .text.OV2640_SCCB_Init
                0x08001a20       0xb0 ./Core/Src/ov2640_sccb.o
                0x08001a20                OV2640_SCCB_Init
 .text.OV2640_SCCB_WriteReg
                0x08001ad0       0x42 ./Core/Src/ov2640_sccb.o
                0x08001ad0                OV2640_SCCB_WriteReg
 .text.OV2640_SCCB_ReadReg
                0x08001b12       0x64 ./Core/Src/ov2640_sccb.o
                0x08001b12                OV2640_SCCB_ReadReg
 *fill*         0x08001b76        0x2 
 .text.HAL_MspInit
                0x08001b78       0x34 ./Core/Src/stm32h7xx_hal_msp.o
                0x08001b78                HAL_MspInit
 .text.NMI_Handler
                0x08001bac        0x8 ./Core/Src/stm32h7xx_it.o
                0x08001bac                NMI_Handler
 .text.HardFault_Handler
                0x08001bb4        0x8 ./Core/Src/stm32h7xx_it.o
                0x08001bb4                HardFault_Handler
 .text.MemManage_Handler
                0x08001bbc        0x8 ./Core/Src/stm32h7xx_it.o
                0x08001bbc                MemManage_Handler
 .text.BusFault_Handler
                0x08001bc4        0x8 ./Core/Src/stm32h7xx_it.o
                0x08001bc4                BusFault_Handler
 .text.UsageFault_Handler
                0x08001bcc        0x8 ./Core/Src/stm32h7xx_it.o
                0x08001bcc                UsageFault_Handler
 .text.SVC_Handler
                0x08001bd4        0xe ./Core/Src/stm32h7xx_it.o
                0x08001bd4                SVC_Handler
 .text.DebugMon_Handler
                0x08001be2        0xe ./Core/Src/stm32h7xx_it.o
                0x08001be2                DebugMon_Handler
 .text.PendSV_Handler
                0x08001bf0        0xe ./Core/Src/stm32h7xx_it.o
                0x08001bf0                PendSV_Handler
 .text.SysTick_Handler
                0x08001bfe        0xc ./Core/Src/stm32h7xx_it.o
                0x08001bfe                SysTick_Handler
 *fill*         0x08001c0a        0x2 
 .text.DMA2_Stream3_IRQHandler
                0x08001c0c       0x14 ./Core/Src/stm32h7xx_it.o
                0x08001c0c                DMA2_Stream3_IRQHandler
 .text.DCMI_IRQHandler
                0x08001c20       0x14 ./Core/Src/stm32h7xx_it.o
                0x08001c20                DCMI_IRQHandler
 .text._sbrk    0x08001c34       0x6c ./Core/Src/sysmem.o
                0x08001c34                _sbrk
 .text.SystemInit
                0x08001ca0      0x140 ./Core/Src/system_stm32h7xx.o
                0x08001ca0                SystemInit
 .text.ExitRun0Mode
                0x08001de0       0x30 ./Core/Src/system_stm32h7xx.o
                0x08001de0                ExitRun0Mode
 .text.MX_USART1_UART_Init
                0x08001e10       0x98 ./Core/Src/usart.o
                0x08001e10                MX_USART1_UART_Init
 .text.HAL_UART_MspInit
                0x08001ea8       0xd4 ./Core/Src/usart.o
                0x08001ea8                HAL_UART_MspInit
 .text.Reset_Handler
                0x08001f7c       0x54 ./Core/Startup/startup_stm32h743iitx.o
                0x08001f7c                Reset_Handler
 .text.Default_Handler
                0x08001fd0        0x2 ./Core/Startup/startup_stm32h743iitx.o
                0x08001fd0                RTC_Alarm_IRQHandler
                0x08001fd0                EXTI2_IRQHandler
                0x08001fd0                TIM8_CC_IRQHandler
                0x08001fd0                HRTIM1_Master_IRQHandler
                0x08001fd0                UART8_IRQHandler
                0x08001fd0                SPI4_IRQHandler
                0x08001fd0                TIM1_CC_IRQHandler
                0x08001fd0                BDMA_Channel6_IRQHandler
                0x08001fd0                DMA2_Stream5_IRQHandler
                0x08001fd0                HRTIM1_FLT_IRQHandler
                0x08001fd0                JPEG_IRQHandler
                0x08001fd0                DMA1_Stream5_IRQHandler
                0x08001fd0                BDMA_Channel1_IRQHandler
                0x08001fd0                HRTIM1_TIMD_IRQHandler
                0x08001fd0                TAMP_STAMP_IRQHandler
                0x08001fd0                EXTI3_IRQHandler
                0x08001fd0                LPTIM4_IRQHandler
                0x08001fd0                TIM8_TRG_COM_TIM14_IRQHandler
                0x08001fd0                LPTIM2_IRQHandler
                0x08001fd0                DFSDM1_FLT1_IRQHandler
                0x08001fd0                DMAMUX2_OVR_IRQHandler
                0x08001fd0                TIM8_UP_TIM13_IRQHandler
                0x08001fd0                I2C3_ER_IRQHandler
                0x08001fd0                DFSDM1_FLT2_IRQHandler
                0x08001fd0                MDMA_IRQHandler
                0x08001fd0                LPTIM3_IRQHandler
                0x08001fd0                HSEM1_IRQHandler
                0x08001fd0                EXTI0_IRQHandler
                0x08001fd0                I2C2_EV_IRQHandler
                0x08001fd0                DMA1_Stream2_IRQHandler
                0x08001fd0                FPU_IRQHandler
                0x08001fd0                OTG_HS_WKUP_IRQHandler
                0x08001fd0                FDCAN1_IT1_IRQHandler
                0x08001fd0                LTDC_ER_IRQHandler
                0x08001fd0                DMA2_Stream2_IRQHandler
                0x08001fd0                HRTIM1_TIME_IRQHandler
                0x08001fd0                SPI1_IRQHandler
                0x08001fd0                TIM6_DAC_IRQHandler
                0x08001fd0                HRTIM1_TIMC_IRQHandler
                0x08001fd0                SAI2_IRQHandler
                0x08001fd0                DFSDM1_FLT3_IRQHandler
                0x08001fd0                USART6_IRQHandler
                0x08001fd0                TIM17_IRQHandler
                0x08001fd0                USART3_IRQHandler
                0x08001fd0                BDMA_Channel7_IRQHandler
                0x08001fd0                LPTIM5_IRQHandler
                0x08001fd0                UART5_IRQHandler
                0x08001fd0                ADC3_IRQHandler
                0x08001fd0                DMA2_Stream0_IRQHandler
                0x08001fd0                TIM4_IRQHandler
                0x08001fd0                BDMA_Channel2_IRQHandler
                0x08001fd0                QUADSPI_IRQHandler
                0x08001fd0                I2C1_EV_IRQHandler
                0x08001fd0                DMA1_Stream6_IRQHandler
                0x08001fd0                DMAMUX1_OVR_IRQHandler
                0x08001fd0                DMA1_Stream1_IRQHandler
                0x08001fd0                TIM16_IRQHandler
                0x08001fd0                UART4_IRQHandler
                0x08001fd0                BDMA_Channel5_IRQHandler
                0x08001fd0                TIM3_IRQHandler
                0x08001fd0                RCC_IRQHandler
                0x08001fd0                TIM8_BRK_TIM12_IRQHandler
                0x08001fd0                TIM1_TRG_COM_IRQHandler
                0x08001fd0                Default_Handler
                0x08001fd0                ECC_IRQHandler
                0x08001fd0                CEC_IRQHandler
                0x08001fd0                EXTI15_10_IRQHandler
                0x08001fd0                BDMA_Channel0_IRQHandler
                0x08001fd0                ADC_IRQHandler
                0x08001fd0                DMA1_Stream7_IRQHandler
                0x08001fd0                HRTIM1_TIMA_IRQHandler
                0x08001fd0                SPI5_IRQHandler
                0x08001fd0                TIM7_IRQHandler
                0x08001fd0                SDMMC1_IRQHandler
                0x08001fd0                TIM5_IRQHandler
                0x08001fd0                DMA2_Stream7_IRQHandler
                0x08001fd0                TIM15_IRQHandler
                0x08001fd0                PVD_AVD_IRQHandler
                0x08001fd0                I2C3_EV_IRQHandler
                0x08001fd0                EXTI9_5_IRQHandler
                0x08001fd0                RTC_WKUP_IRQHandler
                0x08001fd0                LTDC_IRQHandler
                0x08001fd0                SAI3_IRQHandler
                0x08001fd0                ETH_WKUP_IRQHandler
                0x08001fd0                SPDIF_RX_IRQHandler
                0x08001fd0                SPI2_IRQHandler
                0x08001fd0                OTG_HS_EP1_IN_IRQHandler
                0x08001fd0                DMA1_Stream0_IRQHandler
                0x08001fd0                CRS_IRQHandler
                0x08001fd0                EXTI4_IRQHandler
                0x08001fd0                RNG_IRQHandler
                0x08001fd0                HRTIM1_TIMB_IRQHandler
                0x08001fd0                FDCAN2_IT1_IRQHandler
                0x08001fd0                ETH_IRQHandler
                0x08001fd0                TIM1_UP_IRQHandler
                0x08001fd0                BDMA_Channel4_IRQHandler
                0x08001fd0                OTG_HS_EP1_OUT_IRQHandler
                0x08001fd0                WWDG_IRQHandler
                0x08001fd0                SPI6_IRQHandler
                0x08001fd0                MDIOS_IRQHandler
                0x08001fd0                I2C4_EV_IRQHandler
                0x08001fd0                FDCAN2_IT0_IRQHandler
                0x08001fd0                LPUART1_IRQHandler
                0x08001fd0                FDCAN1_IT0_IRQHandler
                0x08001fd0                TIM2_IRQHandler
                0x08001fd0                OTG_FS_WKUP_IRQHandler
                0x08001fd0                OTG_HS_IRQHandler
                0x08001fd0                DMA2D_IRQHandler
                0x08001fd0                TIM1_BRK_IRQHandler
                0x08001fd0                EXTI1_IRQHandler
                0x08001fd0                SDMMC2_IRQHandler
                0x08001fd0                OTG_FS_EP1_OUT_IRQHandler
                0x08001fd0                BDMA_Channel3_IRQHandler
                0x08001fd0                UART7_IRQHandler
                0x08001fd0                MDIOS_WKUP_IRQHandler
                0x08001fd0                USART2_IRQHandler
                0x08001fd0                DFSDM1_FLT0_IRQHandler
                0x08001fd0                SAI4_IRQHandler
                0x08001fd0                I2C2_ER_IRQHandler
                0x08001fd0                DMA2_Stream1_IRQHandler
                0x08001fd0                FLASH_IRQHandler
                0x08001fd0                DMA2_Stream4_IRQHandler
                0x08001fd0                USART1_IRQHandler
                0x08001fd0                OTG_FS_IRQHandler
                0x08001fd0                SPI3_IRQHandler
                0x08001fd0                WAKEUP_PIN_IRQHandler
                0x08001fd0                DMA1_Stream4_IRQHandler
                0x08001fd0                OTG_FS_EP1_IN_IRQHandler
                0x08001fd0                I2C1_ER_IRQHandler
                0x08001fd0                FMC_IRQHandler
                0x08001fd0                FDCAN_CAL_IRQHandler
                0x08001fd0                SWPMI1_IRQHandler
                0x08001fd0                COMP1_IRQHandler
                0x08001fd0                LPTIM1_IRQHandler
                0x08001fd0                I2C4_ER_IRQHandler
                0x08001fd0                DMA2_Stream6_IRQHandler
                0x08001fd0                SAI1_IRQHandler
                0x08001fd0                DMA1_Stream3_IRQHandler
 *fill*         0x08001fd2        0x2 
 .text.HAL_Init
                0x08001fd4       0x78 ./Drivers/STM32H7xx_HAL_Driver/Src/stm32h7xx_hal.o
                0x08001fd4                HAL_Init
 .text.HAL_InitTick
                0x0800204c       0x6c ./Drivers/STM32H7xx_HAL_Driver/Src/stm32h7xx_hal.o
                0x0800204c                HAL_InitTick
 .text.HAL_IncTick
                0x080020b8       0x28 ./Drivers/STM32H7xx_HAL_Driver/Src/stm32h7xx_hal.o
                0x080020b8                HAL_IncTick
 .text.HAL_GetTick
                0x080020e0       0x18 ./Drivers/STM32H7xx_HAL_Driver/Src/stm32h7xx_hal.o
                0x080020e0                HAL_GetTick
 .text.HAL_Delay
                0x080020f8       0x48 ./Drivers/STM32H7xx_HAL_Driver/Src/stm32h7xx_hal.o
                0x080020f8                HAL_Delay
 .text.HAL_GetREVID
                0x08002140       0x18 ./Drivers/STM32H7xx_HAL_Driver/Src/stm32h7xx_hal.o
                0x08002140                HAL_GetREVID
 .text.HAL_SYSCFG_AnalogSwitchConfig
                0x08002158       0x2c ./Drivers/STM32H7xx_HAL_Driver/Src/stm32h7xx_hal.o
                0x08002158                HAL_SYSCFG_AnalogSwitchConfig
 .text.__NVIC_SetPriorityGrouping
                0x08002184       0x48 ./Drivers/STM32H7xx_HAL_Driver/Src/stm32h7xx_hal_cortex.o
 .text.__NVIC_GetPriorityGrouping
                0x080021cc       0x1c ./Drivers/STM32H7xx_HAL_Driver/Src/stm32h7xx_hal_cortex.o
 .text.__NVIC_EnableIRQ
                0x080021e8       0x3c ./Drivers/STM32H7xx_HAL_Driver/Src/stm32h7xx_hal_cortex.o
 .text.__NVIC_SetPriority
                0x08002224       0x54 ./Drivers/STM32H7xx_HAL_Driver/Src/stm32h7xx_hal_cortex.o
 .text.NVIC_EncodePriority
                0x08002278       0x66 ./Drivers/STM32H7xx_HAL_Driver/Src/stm32h7xx_hal_cortex.o
 *fill*         0x080022de        0x2 
 .text.SysTick_Config
                0x080022e0       0x44 ./Drivers/STM32H7xx_HAL_Driver/Src/stm32h7xx_hal_cortex.o
 .text.HAL_NVIC_SetPriorityGrouping
                0x08002324       0x16 ./Drivers/STM32H7xx_HAL_Driver/Src/stm32h7xx_hal_cortex.o
                0x08002324                HAL_NVIC_SetPriorityGrouping
 .text.HAL_NVIC_SetPriority
                0x0800233a       0x34 ./Drivers/STM32H7xx_HAL_Driver/Src/stm32h7xx_hal_cortex.o
                0x0800233a                HAL_NVIC_SetPriority
 .text.HAL_NVIC_EnableIRQ
                0x0800236e       0x1c ./Drivers/STM32H7xx_HAL_Driver/Src/stm32h7xx_hal_cortex.o
                0x0800236e                HAL_NVIC_EnableIRQ
 .text.HAL_SYSTICK_Config
                0x0800238a       0x18 ./Drivers/STM32H7xx_HAL_Driver/Src/stm32h7xx_hal_cortex.o
                0x0800238a                HAL_SYSTICK_Config
 *fill*         0x080023a2        0x2 
 .text.HAL_MPU_Disable
                0x080023a4       0x30 ./Drivers/STM32H7xx_HAL_Driver/Src/stm32h7xx_hal_cortex.o
                0x080023a4                HAL_MPU_Disable
 .text.HAL_MPU_Enable
                0x080023d4       0x40 ./Drivers/STM32H7xx_HAL_Driver/Src/stm32h7xx_hal_cortex.o
                0x080023d4                HAL_MPU_Enable
 .text.HAL_MPU_ConfigRegion
                0x08002414       0x80 ./Drivers/STM32H7xx_HAL_Driver/Src/stm32h7xx_hal_cortex.o
                0x08002414                HAL_MPU_ConfigRegion
 .text.HAL_DCMI_Init
                0x08002494       0xf4 ./Drivers/STM32H7xx_HAL_Driver/Src/stm32h7xx_hal_dcmi.o
                0x08002494                HAL_DCMI_Init
 .text.HAL_DCMI_Start_DMA
                0x08002588      0x184 ./Drivers/STM32H7xx_HAL_Driver/Src/stm32h7xx_hal_dcmi.o
                0x08002588                HAL_DCMI_Start_DMA
 .text.HAL_DCMI_Stop
                0x0800270c       0xc0 ./Drivers/STM32H7xx_HAL_Driver/Src/stm32h7xx_hal_dcmi.o
                0x0800270c                HAL_DCMI_Stop
 .text.HAL_DCMI_IRQHandler
                0x080027cc      0x104 ./Drivers/STM32H7xx_HAL_Driver/Src/stm32h7xx_hal_dcmi.o
                0x080027cc                HAL_DCMI_IRQHandler
 .text.HAL_DCMI_LineEventCallback
                0x080028d0       0x14 ./Drivers/STM32H7xx_HAL_Driver/Src/stm32h7xx_hal_dcmi.o
                0x080028d0                HAL_DCMI_LineEventCallback
 .text.HAL_DCMI_VsyncEventCallback
                0x080028e4       0x14 ./Drivers/STM32H7xx_HAL_Driver/Src/stm32h7xx_hal_dcmi.o
                0x080028e4                HAL_DCMI_VsyncEventCallback
 .text.DCMI_DMAXferCplt
                0x080028f8      0x126 ./Drivers/STM32H7xx_HAL_Driver/Src/stm32h7xx_hal_dcmi.o
 .text.DCMI_DMAError
                0x08002a1e       0x3a ./Drivers/STM32H7xx_HAL_Driver/Src/stm32h7xx_hal_dcmi.o
 .text.HAL_DMA_Init
                0x08002a58      0x6b8 ./Drivers/STM32H7xx_HAL_Driver/Src/stm32h7xx_hal_dma.o
                0x08002a58                HAL_DMA_Init
 .text.HAL_DMA_Start_IT
                0x08003110      0x4d4 ./Drivers/STM32H7xx_HAL_Driver/Src/stm32h7xx_hal_dma.o
                0x08003110                HAL_DMA_Start_IT
 .text.HAL_DMA_Abort
                0x080035e4      0x63c ./Drivers/STM32H7xx_HAL_Driver/Src/stm32h7xx_hal_dma.o
                0x080035e4                HAL_DMA_Abort
 .text.HAL_DMA_Abort_IT
                0x08003c20      0x48c ./Drivers/STM32H7xx_HAL_Driver/Src/stm32h7xx_hal_dma.o
                0x08003c20                HAL_DMA_Abort_IT
 .text.HAL_DMA_IRQHandler
                0x080040ac      0xe54 ./Drivers/STM32H7xx_HAL_Driver/Src/stm32h7xx_hal_dma.o
                0x080040ac                HAL_DMA_IRQHandler
 .text.DMA_SetConfig
                0x08004f00      0x358 ./Drivers/STM32H7xx_HAL_Driver/Src/stm32h7xx_hal_dma.o
 .text.DMA_CalcBaseAndBitshift
                0x08005258      0x164 ./Drivers/STM32H7xx_HAL_Driver/Src/stm32h7xx_hal_dma.o
 .text.DMA_CheckFifoParam
                0x080053bc       0xf8 ./Drivers/STM32H7xx_HAL_Driver/Src/stm32h7xx_hal_dma.o
 .text.DMA_CalcDMAMUXChannelBaseAndMask
                0x080054b4      0x134 ./Drivers/STM32H7xx_HAL_Driver/Src/stm32h7xx_hal_dma.o
 .text.DMA_CalcDMAMUXRequestGenBaseAndMask
                0x080055e8       0xe8 ./Drivers/STM32H7xx_HAL_Driver/Src/stm32h7xx_hal_dma.o
 .text.HAL_DMAEx_MultiBufferStart_IT
                0x080056d0      0x6bc ./Drivers/STM32H7xx_HAL_Driver/Src/stm32h7xx_hal_dma_ex.o
                0x080056d0                HAL_DMAEx_MultiBufferStart_IT
 .text.HAL_DMAEx_ChangeMemory
                0x08005d8c      0x138 ./Drivers/STM32H7xx_HAL_Driver/Src/stm32h7xx_hal_dma_ex.o
                0x08005d8c                HAL_DMAEx_ChangeMemory
 .text.DMA_MultiBufferSetConfig
                0x08005ec4      0x16c ./Drivers/STM32H7xx_HAL_Driver/Src/stm32h7xx_hal_dma_ex.o
 .text.HAL_GPIO_Init
                0x08006030      0x360 ./Drivers/STM32H7xx_HAL_Driver/Src/stm32h7xx_hal_gpio.o
                0x08006030                HAL_GPIO_Init
 .text.HAL_GPIO_WritePin
                0x08006390       0x32 ./Drivers/STM32H7xx_HAL_Driver/Src/stm32h7xx_hal_gpio.o
                0x08006390                HAL_GPIO_WritePin
 .text.HAL_GPIO_TogglePin
                0x080063c2       0x34 ./Drivers/STM32H7xx_HAL_Driver/Src/stm32h7xx_hal_gpio.o
                0x080063c2                HAL_GPIO_TogglePin
 *fill*         0x080063f6        0x2 
 .text.HAL_PWREx_ConfigSupply
                0x080063f8       0x74 ./Drivers/STM32H7xx_HAL_Driver/Src/stm32h7xx_hal_pwr_ex.o
                0x080063f8                HAL_PWREx_ConfigSupply
 .text.HAL_RCC_OscConfig
                0x0800646c      0x8b4 ./Drivers/STM32H7xx_HAL_Driver/Src/stm32h7xx_hal_rcc.o
                0x0800646c                HAL_RCC_OscConfig
 .text.HAL_RCC_ClockConfig
                0x08006d20      0x36c ./Drivers/STM32H7xx_HAL_Driver/Src/stm32h7xx_hal_rcc.o
                0x08006d20                HAL_RCC_ClockConfig
 .text.HAL_RCC_GetSysClockFreq
                0x0800708c      0x2f4 ./Drivers/STM32H7xx_HAL_Driver/Src/stm32h7xx_hal_rcc.o
                0x0800708c                HAL_RCC_GetSysClockFreq
 .text.HAL_RCC_GetHCLKFreq
                0x08007380       0x60 ./Drivers/STM32H7xx_HAL_Driver/Src/stm32h7xx_hal_rcc.o
                0x08007380                HAL_RCC_GetHCLKFreq
 .text.HAL_RCC_GetPCLK1Freq
                0x080073e0       0x2c ./Drivers/STM32H7xx_HAL_Driver/Src/stm32h7xx_hal_rcc.o
                0x080073e0                HAL_RCC_GetPCLK1Freq
 .text.HAL_RCC_GetPCLK2Freq
                0x0800740c       0x2c ./Drivers/STM32H7xx_HAL_Driver/Src/stm32h7xx_hal_rcc.o
                0x0800740c                HAL_RCC_GetPCLK2Freq
 .text.HAL_RCCEx_PeriphCLKConfig
                0x08007438     0x1414 ./Drivers/STM32H7xx_HAL_Driver/Src/stm32h7xx_hal_rcc_ex.o
                0x08007438                HAL_RCCEx_PeriphCLKConfig
 .text.HAL_RCCEx_GetD3PCLK1Freq
                0x0800884c       0x2c ./Drivers/STM32H7xx_HAL_Driver/Src/stm32h7xx_hal_rcc_ex.o
                0x0800884c                HAL_RCCEx_GetD3PCLK1Freq
 .text.HAL_RCCEx_GetPLL2ClockFreq
                0x08008878      0x2a8 ./Drivers/STM32H7xx_HAL_Driver/Src/stm32h7xx_hal_rcc_ex.o
                0x08008878                HAL_RCCEx_GetPLL2ClockFreq
 .text.HAL_RCCEx_GetPLL3ClockFreq
                0x08008b20      0x2a8 ./Drivers/STM32H7xx_HAL_Driver/Src/stm32h7xx_hal_rcc_ex.o
                0x08008b20                HAL_RCCEx_GetPLL3ClockFreq
 .text.RCCEx_PLL2_Config
                0x08008dc8      0x164 ./Drivers/STM32H7xx_HAL_Driver/Src/stm32h7xx_hal_rcc_ex.o
 .text.RCCEx_PLL3_Config
                0x08008f2c      0x164 ./Drivers/STM32H7xx_HAL_Driver/Src/stm32h7xx_hal_rcc_ex.o
 .text.HAL_UART_Init
                0x08009090       0xa0 ./Drivers/STM32H7xx_HAL_Driver/Src/stm32h7xx_hal_uart.o
                0x08009090                HAL_UART_Init
 .text.HAL_UART_Transmit
                0x08009130      0x11c ./Drivers/STM32H7xx_HAL_Driver/Src/stm32h7xx_hal_uart.o
                0x08009130                HAL_UART_Transmit
 .text.UART_SetConfig
                0x0800924c      0xad0 ./Drivers/STM32H7xx_HAL_Driver/Src/stm32h7xx_hal_uart.o
                0x0800924c                UART_SetConfig
 .text.UART_AdvFeatureConfig
                0x08009d1c      0x144 ./Drivers/STM32H7xx_HAL_Driver/Src/stm32h7xx_hal_uart.o
                0x08009d1c                UART_AdvFeatureConfig
 .text.UART_CheckIdleState
                0x08009e60      0x154 ./Drivers/STM32H7xx_HAL_Driver/Src/stm32h7xx_hal_uart.o
                0x08009e60                UART_CheckIdleState
 .text.UART_WaitOnFlagUntilTimeout
                0x08009fb4       0xda ./Drivers/STM32H7xx_HAL_Driver/Src/stm32h7xx_hal_uart.o
                0x08009fb4                UART_WaitOnFlagUntilTimeout
 *fill*         0x0800a08e        0x2 
 .text.UART_EndRxTransfer
                0x0800a090       0xcc ./Drivers/STM32H7xx_HAL_Driver/Src/stm32h7xx_hal_uart.o
 .text.HAL_UARTEx_DisableFifoMode
                0x0800a15c       0x72 ./Drivers/STM32H7xx_HAL_Driver/Src/stm32h7xx_hal_uart_ex.o
                0x0800a15c                HAL_UARTEx_DisableFifoMode
 .text.HAL_UARTEx_SetTxFifoThreshold
                0x0800a1ce       0x7c ./Drivers/STM32H7xx_HAL_Driver/Src/stm32h7xx_hal_uart_ex.o
                0x0800a1ce                HAL_UARTEx_SetTxFifoThreshold
 .text.HAL_UARTEx_SetRxFifoThreshold
                0x0800a24a       0x7c ./Drivers/STM32H7xx_HAL_Driver/Src/stm32h7xx_hal_uart_ex.o
                0x0800a24a                HAL_UARTEx_SetRxFifoThreshold
 *fill*         0x0800a2c6        0x2 
 .text.UARTEx_SetNbDataToProcess
                0x0800a2c8       0x9c ./Drivers/STM32H7xx_HAL_Driver/Src/stm32h7xx_hal_uart_ex.o
 .text.snprintf
                0x0800a364       0x6c D:/ST/STM32CubeIDE_1.19.0/STM32CubeIDE/plugins/com.st.stm32cube.ide.mcu.externaltools.gnu-tools-for-stm32.13.3.rel1.win32_1.0.0.202411081344/tools/bin/../lib/gcc/arm-none-eabi/13.3.1/../../../../arm-none-eabi/lib/thumb/v7e-m+dp/hard\libc_nano.a(libc_a-snprintf.o)
                0x0800a364                sniprintf
                0x0800a364                snprintf
 .text.memset   0x0800a3d0       0x10 D:/ST/STM32CubeIDE_1.19.0/STM32CubeIDE/plugins/com.st.stm32cube.ide.mcu.externaltools.gnu-tools-for-stm32.13.3.rel1.win32_1.0.0.202411081344/tools/bin/../lib/gcc/arm-none-eabi/13.3.1/../../../../arm-none-eabi/lib/thumb/v7e-m+dp/hard\libc_nano.a(libc_a-memset.o)
                0x0800a3d0                memset
 .text.__errno  0x0800a3e0        0xc D:/ST/STM32CubeIDE_1.19.0/STM32CubeIDE/plugins/com.st.stm32cube.ide.mcu.externaltools.gnu-tools-for-stm32.13.3.rel1.win32_1.0.0.202411081344/tools/bin/../lib/gcc/arm-none-eabi/13.3.1/../../../../arm-none-eabi/lib/thumb/v7e-m+dp/hard\libc_nano.a(libc_a-errno.o)
                0x0800a3e0                __errno
 .text.__libc_init_array
                0x0800a3ec       0x48 D:/ST/STM32CubeIDE_1.19.0/STM32CubeIDE/plugins/com.st.stm32cube.ide.mcu.externaltools.gnu-tools-for-stm32.13.3.rel1.win32_1.0.0.202411081344/tools/bin/../lib/gcc/arm-none-eabi/13.3.1/../../../../arm-none-eabi/lib/thumb/v7e-m+dp/hard\libc_nano.a(libc_a-init.o)
                0x0800a3ec                __libc_init_array
 .text.__retarget_lock_acquire_recursive
                0x0800a434        0x2 D:/ST/STM32CubeIDE_1.19.0/STM32CubeIDE/plugins/com.st.stm32cube.ide.mcu.externaltools.gnu-tools-for-stm32.13.3.rel1.win32_1.0.0.202411081344/tools/bin/../lib/gcc/arm-none-eabi/13.3.1/../../../../arm-none-eabi/lib/thumb/v7e-m+dp/hard\libc_nano.a(libc_a-lock.o)
                0x0800a434                __retarget_lock_acquire_recursive
 .text.__retarget_lock_release_recursive
                0x0800a436        0x2 D:/ST/STM32CubeIDE_1.19.0/STM32CubeIDE/plugins/com.st.stm32cube.ide.mcu.externaltools.gnu-tools-for-stm32.13.3.rel1.win32_1.0.0.202411081344/tools/bin/../lib/gcc/arm-none-eabi/13.3.1/../../../../arm-none-eabi/lib/thumb/v7e-m+dp/hard\libc_nano.a(libc_a-lock.o)
                0x0800a436                __retarget_lock_release_recursive
 .text._free_r  0x0800a438       0x94 D:/ST/STM32CubeIDE_1.19.0/STM32CubeIDE/plugins/com.st.stm32cube.ide.mcu.externaltools.gnu-tools-for-stm32.13.3.rel1.win32_1.0.0.202411081344/tools/bin/../lib/gcc/arm-none-eabi/13.3.1/../../../../arm-none-eabi/lib/thumb/v7e-m+dp/hard\libc_nano.a(libc_a-freer.o)
                0x0800a438                _free_r
 .text.sbrk_aligned
                0x0800a4cc       0x44 D:/ST/STM32CubeIDE_1.19.0/STM32CubeIDE/plugins/com.st.stm32cube.ide.mcu.externaltools.gnu-tools-for-stm32.13.3.rel1.win32_1.0.0.202411081344/tools/bin/../lib/gcc/arm-none-eabi/13.3.1/../../../../arm-none-eabi/lib/thumb/v7e-m+dp/hard\libc_nano.a(libc_a-mallocr.o)
 .text._malloc_r
                0x0800a510      0x100 D:/ST/STM32CubeIDE_1.19.0/STM32CubeIDE/plugins/com.st.stm32cube.ide.mcu.externaltools.gnu-tools-for-stm32.13.3.rel1.win32_1.0.0.202411081344/tools/bin/../lib/gcc/arm-none-eabi/13.3.1/../../../../arm-none-eabi/lib/thumb/v7e-m+dp/hard\libc_nano.a(libc_a-mallocr.o)
                0x0800a510                _malloc_r
 .text.__malloc_lock
                0x0800a610        0xc D:/ST/STM32CubeIDE_1.19.0/STM32CubeIDE/plugins/com.st.stm32cube.ide.mcu.externaltools.gnu-tools-for-stm32.13.3.rel1.win32_1.0.0.202411081344/tools/bin/../lib/gcc/arm-none-eabi/13.3.1/../../../../arm-none-eabi/lib/thumb/v7e-m+dp/hard\libc_nano.a(libc_a-mlock.o)
                0x0800a610                __malloc_lock
 .text.__malloc_unlock
                0x0800a61c        0xc D:/ST/STM32CubeIDE_1.19.0/STM32CubeIDE/plugins/com.st.stm32cube.ide.mcu.externaltools.gnu-tools-for-stm32.13.3.rel1.win32_1.0.0.202411081344/tools/bin/../lib/gcc/arm-none-eabi/13.3.1/../../../../arm-none-eabi/lib/thumb/v7e-m+dp/hard\libc_nano.a(libc_a-mlock.o)
                0x0800a61c                __malloc_unlock
 .text.__ssputs_r
                0x0800a628       0xb6 D:/ST/STM32CubeIDE_1.19.0/STM32CubeIDE/plugins/com.st.stm32cube.ide.mcu.externaltools.gnu-tools-for-stm32.13.3.rel1.win32_1.0.0.202411081344/tools/bin/../lib/gcc/arm-none-eabi/13.3.1/../../../../arm-none-eabi/lib/thumb/v7e-m+dp/hard\libc_nano.a(libc_a-nano-svfprintf.o)
                0x0800a628                __ssputs_r
 *fill*         0x0800a6de        0x2 
 .text._svfprintf_r
                0x0800a6e0      0x1f8 D:/ST/STM32CubeIDE_1.19.0/STM32CubeIDE/plugins/com.st.stm32cube.ide.mcu.externaltools.gnu-tools-for-stm32.13.3.rel1.win32_1.0.0.202411081344/tools/bin/../lib/gcc/arm-none-eabi/13.3.1/../../../../arm-none-eabi/lib/thumb/v7e-m+dp/hard\libc_nano.a(libc_a-nano-svfprintf.o)
                0x0800a6e0                _svfiprintf_r
                0x0800a6e0                _svfprintf_r
 .text._printf_common
                0x0800a8d8       0xda D:/ST/STM32CubeIDE_1.19.0/STM32CubeIDE/plugins/com.st.stm32cube.ide.mcu.externaltools.gnu-tools-for-stm32.13.3.rel1.win32_1.0.0.202411081344/tools/bin/../lib/gcc/arm-none-eabi/13.3.1/../../../../arm-none-eabi/lib/thumb/v7e-m+dp/hard\libc_nano.a(libc_a-nano-vfprintf_i.o)
                0x0800a8d8                _printf_common
 *fill*         0x0800a9b2        0x2 
 .text._printf_i
                0x0800a9b4      0x23c D:/ST/STM32CubeIDE_1.19.0/STM32CubeIDE/plugins/com.st.stm32cube.ide.mcu.externaltools.gnu-tools-for-stm32.13.3.rel1.win32_1.0.0.202411081344/tools/bin/../lib/gcc/arm-none-eabi/13.3.1/../../../../arm-none-eabi/lib/thumb/v7e-m+dp/hard\libc_nano.a(libc_a-nano-vfprintf_i.o)
                0x0800a9b4                _printf_i
 .text.memmove  0x0800abf0       0x34 D:/ST/STM32CubeIDE_1.19.0/STM32CubeIDE/plugins/com.st.stm32cube.ide.mcu.externaltools.gnu-tools-for-stm32.13.3.rel1.win32_1.0.0.202411081344/tools/bin/../lib/gcc/arm-none-eabi/13.3.1/../../../../arm-none-eabi/lib/thumb/v7e-m+dp/hard\libc_nano.a(libc_a-memmove.o)
                0x0800abf0                memmove
 .text._sbrk_r  0x0800ac24       0x20 D:/ST/STM32CubeIDE_1.19.0/STM32CubeIDE/plugins/com.st.stm32cube.ide.mcu.externaltools.gnu-tools-for-stm32.13.3.rel1.win32_1.0.0.202411081344/tools/bin/../lib/gcc/arm-none-eabi/13.3.1/../../../../arm-none-eabi/lib/thumb/v7e-m+dp/hard\libc_nano.a(libc_a-sbrkr.o)
                0x0800ac24                _sbrk_r
 .text.memcpy   0x0800ac44       0x1c D:/ST/STM32CubeIDE_1.19.0/STM32CubeIDE/plugins/com.st.stm32cube.ide.mcu.externaltools.gnu-tools-for-stm32.13.3.rel1.win32_1.0.0.202411081344/tools/bin/../lib/gcc/arm-none-eabi/13.3.1/../../../../arm-none-eabi/lib/thumb/v7e-m+dp/hard\libc_nano.a(libc_a-memcpy-stub.o)
                0x0800ac44                memcpy
 .text._realloc_r
                0x0800ac60       0x5c D:/ST/STM32CubeIDE_1.19.0/STM32CubeIDE/plugins/com.st.stm32cube.ide.mcu.externaltools.gnu-tools-for-stm32.13.3.rel1.win32_1.0.0.202411081344/tools/bin/../lib/gcc/arm-none-eabi/13.3.1/../../../../arm-none-eabi/lib/thumb/v7e-m+dp/hard\libc_nano.a(libc_a-reallocr.o)
                0x0800ac60                _realloc_r
 .text._malloc_usable_size_r
                0x0800acbc       0x10 D:/ST/STM32CubeIDE_1.19.0/STM32CubeIDE/plugins/com.st.stm32cube.ide.mcu.externaltools.gnu-tools-for-stm32.13.3.rel1.win32_1.0.0.202411081344/tools/bin/../lib/gcc/arm-none-eabi/13.3.1/../../../../arm-none-eabi/lib/thumb/v7e-m+dp/hard\libc_nano.a(libc_a-msizer.o)
                0x0800acbc                _malloc_usable_size_r
 *(.glue_7)
 .glue_7        0x0800accc        0x0 linker stubs
 *(.glue_7t)
 .glue_7t       0x0800accc        0x0 linker stubs
 *(.eh_frame)
 .eh_frame      0x0800accc        0x0 D:/ST/STM32CubeIDE_1.19.0/STM32CubeIDE/plugins/com.st.stm32cube.ide.mcu.externaltools.gnu-tools-for-stm32.13.3.rel1.win32_1.0.0.202411081344/tools/bin/../lib/gcc/arm-none-eabi/13.3.1/thumb/v7e-m+dp/hard/crtbegin.o
 *(.init)
 .init          0x0800accc        0x4 D:/ST/STM32CubeIDE_1.19.0/STM32CubeIDE/plugins/com.st.stm32cube.ide.mcu.externaltools.gnu-tools-for-stm32.13.3.rel1.win32_1.0.0.202411081344/tools/bin/../lib/gcc/arm-none-eabi/13.3.1/thumb/v7e-m+dp/hard/crti.o
                0x0800accc                _init
 .init          0x0800acd0        0x8 D:/ST/STM32CubeIDE_1.19.0/STM32CubeIDE/plugins/com.st.stm32cube.ide.mcu.externaltools.gnu-tools-for-stm32.13.3.rel1.win32_1.0.0.202411081344/tools/bin/../lib/gcc/arm-none-eabi/13.3.1/thumb/v7e-m+dp/hard/crtn.o
 *(.fini)
 .fini          0x0800acd8        0x4 D:/ST/STM32CubeIDE_1.19.0/STM32CubeIDE/plugins/com.st.stm32cube.ide.mcu.externaltools.gnu-tools-for-stm32.13.3.rel1.win32_1.0.0.202411081344/tools/bin/../lib/gcc/arm-none-eabi/13.3.1/thumb/v7e-m+dp/hard/crti.o
                0x0800acd8                _fini
 .fini          0x0800acdc        0x8 D:/ST/STM32CubeIDE_1.19.0/STM32CubeIDE/plugins/com.st.stm32cube.ide.mcu.externaltools.gnu-tools-for-stm32.13.3.rel1.win32_1.0.0.202411081344/tools/bin/../lib/gcc/arm-none-eabi/13.3.1/thumb/v7e-m+dp/hard/crtn.o
                0x0800ace4                        . = ALIGN (0x4)
                0x0800ace4                        _etext = .

.vfp11_veneer   0x0800ace4        0x0
 .vfp11_veneer  0x0800ace4        0x0 linker stubs

.v4_bx          0x0800ace4        0x0
 .v4_bx         0x0800ace4        0x0 linker stubs

.iplt           0x0800ace4        0x0
 .iplt          0x0800ace4        0x0 D:/ST/STM32CubeIDE_1.19.0/STM32CubeIDE/plugins/com.st.stm32cube.ide.mcu.externaltools.gnu-tools-for-stm32.13.3.rel1.win32_1.0.0.202411081344/tools/bin/../lib/gcc/arm-none-eabi/13.3.1/thumb/v7e-m+dp/hard/crtbegin.o

.rodata         0x0800ace4      0x4bc
                0x0800ace4                        . = ALIGN (0x4)
 *(.rodata)
 .rodata        0x0800ace4      0x2a9 ./Core/Src/camera_app.o
 *fill*         0x0800af8d        0x3 
 .rodata        0x0800af90       0x1a ./Core/Src/main.o
 *(.rodata*)
 *fill*         0x0800afaa        0x2 
 .rodata.ov2640_init_common_cfg
                0x0800afac      0x164 ./Core/Src/ov2640.o
 .rodata.ov2640_jpeg_cfg
                0x0800b110        0xe ./Core/Src/ov2640.o
 *fill*         0x0800b11e        0x2 
 .rodata.ov2640_video_fast_cfg
                0x0800b120        0xa ./Core/Src/ov2640.o
 *fill*         0x0800b12a        0x2 
 .rodata.D1CorePrescTable
                0x0800b12c       0x10 ./Core/Src/system_stm32h7xx.o
                0x0800b12c                D1CorePrescTable
 .rodata.flagBitshiftOffset.0
                0x0800b13c        0x8 ./Drivers/STM32H7xx_HAL_Driver/Src/stm32h7xx_hal_dma.o
 .rodata.UARTPrescTable
                0x0800b144       0x18 ./Drivers/STM32H7xx_HAL_Driver/Src/stm32h7xx_hal_uart.o
                0x0800b144                UARTPrescTable
 .rodata.numerator.1
                0x0800b15c        0x8 ./Drivers/STM32H7xx_HAL_Driver/Src/stm32h7xx_hal_uart_ex.o
 .rodata.denominator.0
                0x0800b164        0x8 ./Drivers/STM32H7xx_HAL_Driver/Src/stm32h7xx_hal_uart_ex.o
 .rodata._svfprintf_r.str1.1
                0x0800b16c       0x33 D:/ST/STM32CubeIDE_1.19.0/STM32CubeIDE/plugins/com.st.stm32cube.ide.mcu.externaltools.gnu-tools-for-stm32.13.3.rel1.win32_1.0.0.202411081344/tools/bin/../lib/gcc/arm-none-eabi/13.3.1/../../../../arm-none-eabi/lib/thumb/v7e-m+dp/hard\libc_nano.a(libc_a-nano-svfprintf.o)
                                 0x11 (size before relaxing)
 .rodata._printf_i.str1.1
                0x0800b19f       0x22 D:/ST/STM32CubeIDE_1.19.0/STM32CubeIDE/plugins/com.st.stm32cube.ide.mcu.externaltools.gnu-tools-for-stm32.13.3.rel1.win32_1.0.0.202411081344/tools/bin/../lib/gcc/arm-none-eabi/13.3.1/../../../../arm-none-eabi/lib/thumb/v7e-m+dp/hard\libc_nano.a(libc_a-nano-vfprintf_i.o)
                0x0800b1c4                        . = ALIGN (0x4)
 *fill*         0x0800b19f        0x1 

.ARM.extab
 *(.ARM.extab* .gnu.linkonce.armextab.*)

.ARM            0x0800b1a0        0x8
                0x0800b1a0                        __exidx_start = .
 *(.ARM.exidx*)
 .ARM.exidx     0x0800b1a0        0x8 D:/ST/STM32CubeIDE_1.19.0/STM32CubeIDE/plugins/com.st.stm32cube.ide.mcu.externaltools.gnu-tools-for-stm32.13.3.rel1.win32_1.0.0.202411081344/tools/bin/../lib/gcc/arm-none-eabi/13.3.1/../../../../arm-none-eabi/lib/thumb/v7e-m+dp/hard\libc_nano.a(libc_a-strlen.o)
 .ARM.exidx     0x0800b1a8        0x0 D:/ST/STM32CubeIDE_1.19.0/STM32CubeIDE/plugins/com.st.stm32cube.ide.mcu.externaltools.gnu-tools-for-stm32.13.3.rel1.win32_1.0.0.202411081344/tools/bin/../lib/gcc/arm-none-eabi/13.3.1/../../../../arm-none-eabi/lib/thumb/v7e-m+dp/hard\libc_nano.a(libc_a-memchr.o)
                                  0x8 (size before relaxing)
 .ARM.exidx     0x0800b1a8        0x0 D:/ST/STM32CubeIDE_1.19.0/STM32CubeIDE/plugins/com.st.stm32cube.ide.mcu.externaltools.gnu-tools-for-stm32.13.3.rel1.win32_1.0.0.202411081344/tools/bin/../lib/gcc/arm-none-eabi/13.3.1/thumb/v7e-m+dp/hard\libgcc.a(_udivmoddi4.o)
                                  0x8 (size before relaxing)
                0x0800b1a8                        __exidx_end = .

.preinit_array  0x0800b1a8        0x0
                0x0800b1a8                        PROVIDE (__preinit_array_start = .)
 *(.preinit_array*)
                0x0800b1a8                        PROVIDE (__preinit_array_end = .)

.init_array     0x0800b1a8        0x4
                0x0800b1a8                        PROVIDE (__init_array_start = .)
 *(SORT_BY_NAME(.init_array.*))
 *(.init_array*)
 .init_array    0x0800b1a8        0x4 D:/ST/STM32CubeIDE_1.19.0/STM32CubeIDE/plugins/com.st.stm32cube.ide.mcu.externaltools.gnu-tools-for-stm32.13.3.rel1.win32_1.0.0.202411081344/tools/bin/../lib/gcc/arm-none-eabi/13.3.1/thumb/v7e-m+dp/hard/crtbegin.o
                0x0800b1ac                        PROVIDE (__init_array_end = .)

.fini_array     0x0800b1ac        0x4
                [!provide]                        PROVIDE (__fini_array_start = .)
 *(SORT_BY_NAME(.fini_array.*))
 *(.fini_array*)
 .fini_array    0x0800b1ac        0x4 D:/ST/STM32CubeIDE_1.19.0/STM32CubeIDE/plugins/com.st.stm32cube.ide.mcu.externaltools.gnu-tools-for-stm32.13.3.rel1.win32_1.0.0.202411081344/tools/bin/../lib/gcc/arm-none-eabi/13.3.1/thumb/v7e-m+dp/hard/crtbegin.o
                [!provide]                        PROVIDE (__fini_array_end = .)
                0x0800b1b0                        _sidata = LOADADDR (.data)

.rel.dyn        0x0800b1b0        0x0
 .rel.iplt      0x0800b1b0        0x0 D:/ST/STM32CubeIDE_1.19.0/STM32CubeIDE/plugins/com.st.stm32cube.ide.mcu.externaltools.gnu-tools-for-stm32.13.3.rel1.win32_1.0.0.202411081344/tools/bin/../lib/gcc/arm-none-eabi/13.3.1/thumb/v7e-m+dp/hard/crtbegin.o

.data           0x24000000       0x60 load address 0x0800b1b0
                0x24000000                        . = ALIGN (0x4)
                0x24000000                        _sdata = .
 *(.data)
 *(.data*)
 .data.SystemCoreClock
                0x24000000        0x4 ./Core/Src/system_stm32h7xx.o
                0x24000000                SystemCoreClock
 .data.SystemD2Clock
                0x24000004        0x4 ./Core/Src/system_stm32h7xx.o
                0x24000004                SystemD2Clock
 .data.uwTickPrio
                0x24000008        0x4 ./Drivers/STM32H7xx_HAL_Driver/Src/stm32h7xx_hal.o
                0x24000008                uwTickPrio
 .data.uwTickFreq
                0x2400000c        0x1 ./Drivers/STM32H7xx_HAL_Driver/Src/stm32h7xx_hal.o
                0x2400000c                uwTickFreq
 *fill*         0x2400000d        0x3 
 .data._impure_ptr
                0x24000010        0x4 D:/ST/STM32CubeIDE_1.19.0/STM32CubeIDE/plugins/com.st.stm32cube.ide.mcu.externaltools.gnu-tools-for-stm32.13.3.rel1.win32_1.0.0.202411081344/tools/bin/../lib/gcc/arm-none-eabi/13.3.1/../../../../arm-none-eabi/lib/thumb/v7e-m+dp/hard\libc_nano.a(libc_a-impure.o)
                0x24000010                _impure_ptr
 .data._impure_data
                0x24000014       0x4c D:/ST/STM32CubeIDE_1.19.0/STM32CubeIDE/plugins/com.st.stm32cube.ide.mcu.externaltools.gnu-tools-for-stm32.13.3.rel1.win32_1.0.0.202411081344/tools/bin/../lib/gcc/arm-none-eabi/13.3.1/../../../../arm-none-eabi/lib/thumb/v7e-m+dp/hard\libc_nano.a(libc_a-impure.o)
                0x24000014                _impure_data
 *(.RamFunc)
 *(.RamFunc*)
                0x24000060                        . = ALIGN (0x4)
                0x24000060                        _edata = .

.igot.plt       0x24000060        0x0 load address 0x0800b210
 .igot.plt      0x24000060        0x0 D:/ST/STM32CubeIDE_1.19.0/STM32CubeIDE/plugins/com.st.stm32cube.ide.mcu.externaltools.gnu-tools-for-stm32.13.3.rel1.win32_1.0.0.202411081344/tools/bin/../lib/gcc/arm-none-eabi/13.3.1/thumb/v7e-m+dp/hard/crtbegin.o
                0x24000060                        . = ALIGN (0x4)

.bss            0x24000060    0x102e8 load address 0x0800b210
                0x24000060                        _sbss = .
                0x24000060                        __bss_start__ = _sbss
 *(.bss)
 .bss           0x24000060       0x1c D:/ST/STM32CubeIDE_1.19.0/STM32CubeIDE/plugins/com.st.stm32cube.ide.mcu.externaltools.gnu-tools-for-stm32.13.3.rel1.win32_1.0.0.202411081344/tools/bin/../lib/gcc/arm-none-eabi/13.3.1/thumb/v7e-m+dp/hard/crtbegin.o
 *(.bss*)
 .bss.g_frame_done
                0x2400007c        0x1 ./Core/Src/camera_app.o
 *fill*         0x2400007d        0x3 
 .bss.nof_cnt.0
                0x24000080        0x4 ./Core/Src/camera_app.o
 .bss.hdcmi     0x24000084       0x50 ./Core/Src/dcmi.o
                0x24000084                hdcmi
 .bss.hdma_dcmi
                0x240000d4       0x78 ./Core/Src/dcmi.o
                0x240000d4                hdma_dcmi
 *fill*         0x2400014c       0x14 
 .bss.s_buf     0x24000160    0x10000 ./Core/Src/jpeg_stream.o
 .bss.s_initialized
                0x24010160        0x1 ./Core/Src/ov2640.o
 .bss.s_dwt_ready
                0x24010161        0x1 ./Core/Src/ov2640_sccb.o
 *fill*         0x24010162        0x2 
 .bss.__sbrk_heap_end
                0x24010164        0x4 ./Core/Src/sysmem.o
 .bss.huart1    0x24010168       0x94 ./Core/Src/usart.o
                0x24010168                huart1
 .bss.uwTick    0x240101fc        0x4 ./Drivers/STM32H7xx_HAL_Driver/Src/stm32h7xx_hal.o
                0x240101fc                uwTick
 .bss.__sf      0x24010200      0x138 D:/ST/STM32CubeIDE_1.19.0/STM32CubeIDE/plugins/com.st.stm32cube.ide.mcu.externaltools.gnu-tools-for-stm32.13.3.rel1.win32_1.0.0.202411081344/tools/bin/../lib/gcc/arm-none-eabi/13.3.1/../../../../arm-none-eabi/lib/thumb/v7e-m+dp/hard\libc_nano.a(libc_a-findfp.o)
                0x24010200                __sf
 .bss.errno     0x24010338        0x4 D:/ST/STM32CubeIDE_1.19.0/STM32CubeIDE/plugins/com.st.stm32cube.ide.mcu.externaltools.gnu-tools-for-stm32.13.3.rel1.win32_1.0.0.202411081344/tools/bin/../lib/gcc/arm-none-eabi/13.3.1/../../../../arm-none-eabi/lib/thumb/v7e-m+dp/hard\libc_nano.a(libc_a-reent.o)
                0x24010338                errno
 .bss.__lock___malloc_recursive_mutex
                0x2401033c        0x1 D:/ST/STM32CubeIDE_1.19.0/STM32CubeIDE/plugins/com.st.stm32cube.ide.mcu.externaltools.gnu-tools-for-stm32.13.3.rel1.win32_1.0.0.202411081344/tools/bin/../lib/gcc/arm-none-eabi/13.3.1/../../../../arm-none-eabi/lib/thumb/v7e-m+dp/hard\libc_nano.a(libc_a-lock.o)
                0x2401033c                __lock___malloc_recursive_mutex
 *fill*         0x2401033d        0x3 
 .bss.__malloc_sbrk_start
                0x24010340        0x4 D:/ST/STM32CubeIDE_1.19.0/STM32CubeIDE/plugins/com.st.stm32cube.ide.mcu.externaltools.gnu-tools-for-stm32.13.3.rel1.win32_1.0.0.202411081344/tools/bin/../lib/gcc/arm-none-eabi/13.3.1/../../../../arm-none-eabi/lib/thumb/v7e-m+dp/hard\libc_nano.a(libc_a-mallocr.o)
                0x24010340                __malloc_sbrk_start
 .bss.__malloc_free_list
                0x24010344        0x4 D:/ST/STM32CubeIDE_1.19.0/STM32CubeIDE/plugins/com.st.stm32cube.ide.mcu.externaltools.gnu-tools-for-stm32.13.3.rel1.win32_1.0.0.202411081344/tools/bin/../lib/gcc/arm-none-eabi/13.3.1/../../../../arm-none-eabi/lib/thumb/v7e-m+dp/hard\libc_nano.a(libc_a-mallocr.o)
                0x24010344                __malloc_free_list
 *(COMMON)
                0x24010348                        . = ALIGN (0x4)
                0x24010348                        _ebss = .
                0x24010348                        __bss_end__ = _ebss

._user_heap_stack
                0x24010348      0x600 load address 0x0800b210
                0x24010348                        . = ALIGN (0x8)
                [!provide]                        PROVIDE (end = .)
                0x24010348                        PROVIDE (_end = .)
                0x24010548                        . = (. + _Min_Heap_Size)
 *fill*         0x24010348      0x200 
                0x24010948                        . = (. + _Min_Stack_Size)
 *fill*         0x24010548      0x400 
                0x24010948                        . = ALIGN (0x8)

/DISCARD/
 libc.a(*)
 libm.a(*)
 libgcc.a(*)

.ARM.attributes
                0x00000000       0x2e
 *(.ARM.attributes)
 .ARM.attributes
                0x00000000       0x20 D:/ST/STM32CubeIDE_1.19.0/STM32CubeIDE/plugins/com.st.stm32cube.ide.mcu.externaltools.gnu-tools-for-stm32.13.3.rel1.win32_1.0.0.202411081344/tools/bin/../lib/gcc/arm-none-eabi/13.3.1/thumb/v7e-m+dp/hard/crti.o
 .ARM.attributes
                0x00000020       0x32 D:/ST/STM32CubeIDE_1.19.0/STM32CubeIDE/plugins/com.st.stm32cube.ide.mcu.externaltools.gnu-tools-for-stm32.13.3.rel1.win32_1.0.0.202411081344/tools/bin/../lib/gcc/arm-none-eabi/13.3.1/thumb/v7e-m+dp/hard/crtbegin.o
 .ARM.attributes
                0x00000052       0x32 ./Core/Src/camera_app.o
 .ARM.attributes
                0x00000084       0x32 ./Core/Src/dcmi.o
 .ARM.attributes
                0x000000b6       0x32 ./Core/Src/dma.o
 .ARM.attributes
                0x000000e8       0x32 ./Core/Src/gpio.o
 .ARM.attributes
                0x0000011a       0x32 ./Core/Src/jpeg_stream.o
 .ARM.attributes
                0x0000014c       0x32 ./Core/Src/main.o
 .ARM.attributes
                0x0000017e       0x32 ./Core/Src/ov2640.o
 .ARM.attributes
                0x000001b0       0x32 ./Core/Src/ov2640_sccb.o
 .ARM.attributes
                0x000001e2       0x32 ./Core/Src/stm32h7xx_hal_msp.o
 .ARM.attributes
                0x00000214       0x32 ./Core/Src/stm32h7xx_it.o
 .ARM.attributes
                0x00000246       0x32 ./Core/Src/sysmem.o
 .ARM.attributes
                0x00000278       0x32 ./Core/Src/system_stm32h7xx.o
 .ARM.attributes
                0x000002aa       0x32 ./Core/Src/usart.o
 .ARM.attributes
                0x000002dc       0x21 ./Core/Startup/startup_stm32h743iitx.o
 .ARM.attributes
                0x000002fd       0x32 ./Drivers/STM32H7xx_HAL_Driver/Src/stm32h7xx_hal.o
 .ARM.attributes
                0x0000032f       0x32 ./Drivers/STM32H7xx_HAL_Driver/Src/stm32h7xx_hal_cortex.o
 .ARM.attributes
                0x00000361       0x32 ./Drivers/STM32H7xx_HAL_Driver/Src/stm32h7xx_hal_dcmi.o
 .ARM.attributes
                0x00000393       0x32 ./Drivers/STM32H7xx_HAL_Driver/Src/stm32h7xx_hal_dma.o
 .ARM.attributes
                0x000003c5       0x32 ./Drivers/STM32H7xx_HAL_Driver/Src/stm32h7xx_hal_dma_ex.o
 .ARM.attributes
                0x000003f7       0x32 ./Drivers/STM32H7xx_HAL_Driver/Src/stm32h7xx_hal_gpio.o
 .ARM.attributes
                0x00000429       0x32 ./Drivers/STM32H7xx_HAL_Driver/Src/stm32h7xx_hal_pwr_ex.o
 .ARM.attributes
                0x0000045b       0x32 ./Drivers/STM32H7xx_HAL_Driver/Src/stm32h7xx_hal_rcc.o
 .ARM.attributes
                0x0000048d       0x32 ./Drivers/STM32H7xx_HAL_Driver/Src/stm32h7xx_hal_rcc_ex.o
 .ARM.attributes
                0x000004bf       0x32 ./Drivers/STM32H7xx_HAL_Driver/Src/stm32h7xx_hal_uart.o
 .ARM.attributes
                0x000004f1       0x32 ./Drivers/STM32H7xx_HAL_Driver/Src/stm32h7xx_hal_uart_ex.o
 .ARM.attributes
                0x00000523       0x32 D:/ST/STM32CubeIDE_1.19.0/STM32CubeIDE/plugins/com.st.stm32cube.ide.mcu.externaltools.gnu-tools-for-stm32.13.3.rel1.win32_1.0.0.202411081344/tools/bin/../lib/gcc/arm-none-eabi/13.3.1/../../../../arm-none-eabi/lib/thumb/v7e-m+dp/hard\libc_nano.a(libc_a-findfp.o)
 .ARM.attributes
                0x00000555       0x32 D:/ST/STM32CubeIDE_1.19.0/STM32CubeIDE/plugins/com.st.stm32cube.ide.mcu.externaltools.gnu-tools-for-stm32.13.3.rel1.win32_1.0.0.202411081344/tools/bin/../lib/gcc/arm-none-eabi/13.3.1/../../../../arm-none-eabi/lib/thumb/v7e-m+dp/hard\libc_nano.a(libc_a-snprintf.o)
 .ARM.attributes
                0x00000587       0x32 D:/ST/STM32CubeIDE_1.19.0/STM32CubeIDE/plugins/com.st.stm32cube.ide.mcu.externaltools.gnu-tools-for-stm32.13.3.rel1.win32_1.0.0.202411081344/tools/bin/../lib/gcc/arm-none-eabi/13.3.1/../../../../arm-none-eabi/lib/thumb/v7e-m+dp/hard\libc_nano.a(libc_a-memset.o)
 .ARM.attributes
                0x000005b9       0x32 D:/ST/STM32CubeIDE_1.19.0/STM32CubeIDE/plugins/com.st.stm32cube.ide.mcu.externaltools.gnu-tools-for-stm32.13.3.rel1.win32_1.0.0.202411081344/tools/bin/../lib/gcc/arm-none-eabi/13.3.1/../../../../arm-none-eabi/lib/thumb/v7e-m+dp/hard\libc_nano.a(libc_a-reent.o)
 .ARM.attributes
                0x000005eb       0x32 D:/ST/STM32CubeIDE_1.19.0/STM32CubeIDE/plugins/com.st.stm32cube.ide.mcu.externaltools.gnu-tools-for-stm32.13.3.rel1.win32_1.0.0.202411081344/tools/bin/../lib/gcc/arm-none-eabi/13.3.1/../../../../arm-none-eabi/lib/thumb/v7e-m+dp/hard\libc_nano.a(libc_a-impure.o)
 .ARM.attributes
                0x0000061d       0x32 D:/ST/STM32CubeIDE_1.19.0/STM32CubeIDE/plugins/com.st.stm32cube.ide.mcu.externaltools.gnu-tools-for-stm32.13.3.rel1.win32_1.0.0.202411081344/tools/bin/../lib/gcc/arm-none-eabi/13.3.1/../../../../arm-none-eabi/lib/thumb/v7e-m+dp/hard\libc_nano.a(libc_a-errno.o)
 .ARM.attributes
                0x0000064f       0x32 D:/ST/STM32CubeIDE_1.19.0/STM32CubeIDE/plugins/com.st.stm32cube.ide.mcu.externaltools.gnu-tools-for-stm32.13.3.rel1.win32_1.0.0.202411081344/tools/bin/../lib/gcc/arm-none-eabi/13.3.1/../../../../arm-none-eabi/lib/thumb/v7e-m+dp/hard\libc_nano.a(libc_a-init.o)
 .ARM.attributes
                0x00000681       0x32 D:/ST/STM32CubeIDE_1.19.0/STM32CubeIDE/plugins/com.st.stm32cube.ide.mcu.externaltools.gnu-tools-for-stm32.13.3.rel1.win32_1.0.0.202411081344/tools/bin/../lib/gcc/arm-none-eabi/13.3.1/../../../../arm-none-eabi/lib/thumb/v7e-m+dp/hard\libc_nano.a(libc_a-lock.o)
 .ARM.attributes
                0x000006b3       0x17 D:/ST/STM32CubeIDE_1.19.0/STM32CubeIDE/plugins/com.st.stm32cube.ide.mcu.externaltools.gnu-tools-for-stm32.13.3.rel1.win32_1.0.0.202411081344/tools/bin/../lib/gcc/arm-none-eabi/13.3.1/../../../../arm-none-eabi/lib/thumb/v7e-m+dp/hard\libc_nano.a(libc_a-strlen.o)
 .ARM.attributes
                0x000006ca       0x32 D:/ST/STM32CubeIDE_1.19.0/STM32CubeIDE/plugins/com.st.stm32cube.ide.mcu.externaltools.gnu-tools-for-stm32.13.3.rel1.win32_1.0.0.202411081344/tools/bin/../lib/gcc/arm-none-eabi/13.3.1/../../../../arm-none-eabi/lib/thumb/v7e-m+dp/hard\libc_nano.a(libc_a-freer.o)
 .ARM.attributes
                0x000006fc       0x32 D:/ST/STM32CubeIDE_1.19.0/STM32CubeIDE/plugins/com.st.stm32cube.ide.mcu.externaltools.gnu-tools-for-stm32.13.3.rel1.win32_1.0.0.202411081344/tools/bin/../lib/gcc/arm-none-eabi/13.3.1/../../../../arm-none-eabi/lib/thumb/v7e-m+dp/hard\libc_nano.a(libc_a-mallocr.o)
 .ARM.attributes
                0x0000072e       0x32 D:/ST/STM32CubeIDE_1.19.0/STM32CubeIDE/plugins/com.st.stm32cube.ide.mcu.externaltools.gnu-tools-for-stm32.13.3.rel1.win32_1.0.0.202411081344/tools/bin/../lib/gcc/arm-none-eabi/13.3.1/../../../../arm-none-eabi/lib/thumb/v7e-m+dp/hard\libc_nano.a(libc_a-mlock.o)
 .ARM.attributes
                0x00000760       0x32 D:/ST/STM32CubeIDE_1.19.0/STM32CubeIDE/plugins/com.st.stm32cube.ide.mcu.externaltools.gnu-tools-for-stm32.13.3.rel1.win32_1.0.0.202411081344/tools/bin/../lib/gcc/arm-none-eabi/13.3.1/../../../../arm-none-eabi/lib/thumb/v7e-m+dp/hard\libc_nano.a(libc_a-nano-svfprintf.o)
 .ARM.attributes
                0x00000792       0x32 D:/ST/STM32CubeIDE_1.19.0/STM32CubeIDE/plugins/com.st.stm32cube.ide.mcu.externaltools.gnu-tools-for-stm32.13.3.rel1.win32_1.0.0.202411081344/tools/bin/../lib/gcc/arm-none-eabi/13.3.1/../../../../arm-none-eabi/lib/thumb/v7e-m+dp/hard\libc_nano.a(libc_a-nano-vfprintf_i.o)
 .ARM.attributes
                0x000007c4       0x32 D:/ST/STM32CubeIDE_1.19.0/STM32CubeIDE/plugins/com.st.stm32cube.ide.mcu.externaltools.gnu-tools-for-stm32.13.3.rel1.win32_1.0.0.202411081344/tools/bin/../lib/gcc/arm-none-eabi/13.3.1/../../../../arm-none-eabi/lib/thumb/v7e-m+dp/hard\libc_nano.a(libc_a-memmove.o)
 .ARM.attributes
                0x000007f6       0x32 D:/ST/STM32CubeIDE_1.19.0/STM32CubeIDE/plugins/com.st.stm32cube.ide.mcu.externaltools.gnu-tools-for-stm32.13.3.rel1.win32_1.0.0.202411081344/tools/bin/../lib/gcc/arm-none-eabi/13.3.1/../../../../arm-none-eabi/lib/thumb/v7e-m+dp/hard\libc_nano.a(libc_a-sbrkr.o)
 .ARM.attributes
                0x00000828       0x1c D:/ST/STM32CubeIDE_1.19.0/STM32CubeIDE/plugins/com.st.stm32cube.ide.mcu.externaltools.gnu-tools-for-stm32.13.3.rel1.win32_1.0.0.202411081344/tools/bin/../lib/gcc/arm-none-eabi/13.3.1/../../../../arm-none-eabi/lib/thumb/v7e-m+dp/hard\libc_nano.a(libc_a-memchr.o)
 .ARM.attributes
                0x00000844       0x32 D:/ST/STM32CubeIDE_1.19.0/STM32CubeIDE/plugins/com.st.stm32cube.ide.mcu.externaltools.gnu-tools-for-stm32.13.3.rel1.win32_1.0.0.202411081344/tools/bin/../lib/gcc/arm-none-eabi/13.3.1/../../../../arm-none-eabi/lib/thumb/v7e-m+dp/hard\libc_nano.a(libc_a-memcpy-stub.o)
 .ARM.attributes
                0x00000876       0x32 D:/ST/STM32CubeIDE_1.19.0/STM32CubeIDE/plugins/com.st.stm32cube.ide.mcu.externaltools.gnu-tools-for-stm32.13.3.rel1.win32_1.0.0.202411081344/tools/bin/../lib/gcc/arm-none-eabi/13.3.1/../../../../arm-none-eabi/lib/thumb/v7e-m+dp/hard\libc_nano.a(libc_a-reallocr.o)
 .ARM.attributes
                0x000008a8       0x32 D:/ST/STM32CubeIDE_1.19.0/STM32CubeIDE/plugins/com.st.stm32cube.ide.mcu.externaltools.gnu-tools-for-stm32.13.3.rel1.win32_1.0.0.202411081344/tools/bin/../lib/gcc/arm-none-eabi/13.3.1/../../../../arm-none-eabi/lib/thumb/v7e-m+dp/hard\libc_nano.a(libc_a-msizer.o)
 .ARM.attributes
                0x000008da       0x20 D:/ST/STM32CubeIDE_1.19.0/STM32CubeIDE/plugins/com.st.stm32cube.ide.mcu.externaltools.gnu-tools-for-stm32.13.3.rel1.win32_1.0.0.202411081344/tools/bin/../lib/gcc/arm-none-eabi/13.3.1/thumb/v7e-m+dp/hard\libgcc.a(_aeabi_uldivmod.o)
 .ARM.attributes
                0x000008fa       0x32 D:/ST/STM32CubeIDE_1.19.0/STM32CubeIDE/plugins/com.st.stm32cube.ide.mcu.externaltools.gnu-tools-for-stm32.13.3.rel1.win32_1.0.0.202411081344/tools/bin/../lib/gcc/arm-none-eabi/13.3.1/thumb/v7e-m+dp/hard\libgcc.a(_udivmoddi4.o)
 .ARM.attributes
                0x0000092c       0x20 D:/ST/STM32CubeIDE_1.19.0/STM32CubeIDE/plugins/com.st.stm32cube.ide.mcu.externaltools.gnu-tools-for-stm32.13.3.rel1.win32_1.0.0.202411081344/tools/bin/../lib/gcc/arm-none-eabi/13.3.1/thumb/v7e-m+dp/hard\libgcc.a(_dvmd_tls.o)
 .ARM.attributes
                0x0000094c       0x20 D:/ST/STM32CubeIDE_1.19.0/STM32CubeIDE/plugins/com.st.stm32cube.ide.mcu.externaltools.gnu-tools-for-stm32.13.3.rel1.win32_1.0.0.202411081344/tools/bin/../lib/gcc/arm-none-eabi/13.3.1/thumb/v7e-m+dp/hard/crtn.o
OUTPUT(H7serial.elf elf32-littlearm)
LOAD linker stubs
LOAD D:/ST/STM32CubeIDE_1.19.0/STM32CubeIDE/plugins/com.st.stm32cube.ide.mcu.externaltools.gnu-tools-for-stm32.13.3.rel1.win32_1.0.0.202411081344/tools/bin/../lib/gcc/arm-none-eabi/13.3.1/../../../../arm-none-eabi/lib/thumb/v7e-m+dp/hard\libc.a
LOAD D:/ST/STM32CubeIDE_1.19.0/STM32CubeIDE/plugins/com.st.stm32cube.ide.mcu.externaltools.gnu-tools-for-stm32.13.3.rel1.win32_1.0.0.202411081344/tools/bin/../lib/gcc/arm-none-eabi/13.3.1/../../../../arm-none-eabi/lib/thumb/v7e-m+dp/hard\libm.a
LOAD D:/ST/STM32CubeIDE_1.19.0/STM32CubeIDE/plugins/com.st.stm32cube.ide.mcu.externaltools.gnu-tools-for-stm32.13.3.rel1.win32_1.0.0.202411081344/tools/bin/../lib/gcc/arm-none-eabi/13.3.1/thumb/v7e-m+dp/hard\libgcc.a

.debug_info     0x00000000    0x162fe
 .debug_info    0x00000000     0x1280 ./Core/Src/camera_app.o
 .debug_info    0x00001280      0xd45 ./Core/Src/dcmi.o
 .debug_info    0x00001fc5      0x823 ./Core/Src/dma.o
 .debug_info    0x000027e8      0x682 ./Core/Src/gpio.o
 .debug_info    0x00002e6a      0x17e ./Core/Src/jpeg_stream.o
 .debug_info    0x00002fe8     0x13c1 ./Core/Src/main.o
 .debug_info    0x000043a9      0xb37 ./Core/Src/ov2640.o
 .debug_info    0x00004ee0      0xa3b ./Core/Src/ov2640_sccb.o
 .debug_info    0x0000591b      0x464 ./Core/Src/stm32h7xx_hal_msp.o
 .debug_info    0x00005d7f      0x734 ./Core/Src/stm32h7xx_it.o
 .debug_info    0x000064b3      0x168 ./Core/Src/sysmem.o
 .debug_info    0x0000661b      0xdb2 ./Core/Src/system_stm32h7xx.o
 .debug_info    0x000073cd     0x10b5 ./Core/Src/usart.o
 .debug_info    0x00008482       0x30 ./Core/Startup/startup_stm32h743iitx.o
 .debug_info    0x000084b2     0x153b ./Drivers/STM32H7xx_HAL_Driver/Src/stm32h7xx_hal.o
 .debug_info    0x000099ed     0x10b1 ./Drivers/STM32H7xx_HAL_Driver/Src/stm32h7xx_hal_cortex.o
 .debug_info    0x0000aa9e      0xc27 ./Drivers/STM32H7xx_HAL_Driver/Src/stm32h7xx_hal_dcmi.o
 .debug_info    0x0000b6c5      0xc31 ./Drivers/STM32H7xx_HAL_Driver/Src/stm32h7xx_hal_dma.o
 .debug_info    0x0000c2f6      0x831 ./Drivers/STM32H7xx_HAL_Driver/Src/stm32h7xx_hal_dma_ex.o
 .debug_info    0x0000cb27      0xc5a ./Drivers/STM32H7xx_HAL_Driver/Src/stm32h7xx_hal_gpio.o
 .debug_info    0x0000d781     0x1012 ./Drivers/STM32H7xx_HAL_Driver/Src/stm32h7xx_hal_pwr_ex.o
 .debug_info    0x0000e793      0xe6a ./Drivers/STM32H7xx_HAL_Driver/Src/stm32h7xx_hal_rcc.o
 .debug_info    0x0000f5fd     0x1225 ./Drivers/STM32H7xx_HAL_Driver/Src/stm32h7xx_hal_rcc_ex.o
 .debug_info    0x00010822     0x4b1d ./Drivers/STM32H7xx_HAL_Driver/Src/stm32h7xx_hal_uart.o
 .debug_info    0x0001533f      0xfbf ./Drivers/STM32H7xx_HAL_Driver/Src/stm32h7xx_hal_uart_ex.o

.debug_abbrev   0x00000000     0x3335
 .debug_abbrev  0x00000000      0x298 ./Core/Src/camera_app.o
 .debug_abbrev  0x00000298      0x23c ./Core/Src/dcmi.o
 .debug_abbrev  0x000004d4      0x11e ./Core/Src/dma.o
 .debug_abbrev  0x000005f2      0x18a ./Core/Src/gpio.o
 .debug_abbrev  0x0000077c       0xe9 ./Core/Src/jpeg_stream.o
 .debug_abbrev  0x00000865      0x2f2 ./Core/Src/main.o
 .debug_abbrev  0x00000b57      0x270 ./Core/Src/ov2640.o
 .debug_abbrev  0x00000dc7      0x28a ./Core/Src/ov2640_sccb.o
 .debug_abbrev  0x00001051       0xdb ./Core/Src/stm32h7xx_hal_msp.o
 .debug_abbrev  0x0000112c      0x16b ./Core/Src/stm32h7xx_it.o
 .debug_abbrev  0x00001297       0xbc ./Core/Src/sysmem.o
 .debug_abbrev  0x00001353      0x165 ./Core/Src/system_stm32h7xx.o
 .debug_abbrev  0x000014b8      0x241 ./Core/Src/usart.o
 .debug_abbrev  0x000016f9       0x24 ./Core/Startup/startup_stm32h743iitx.o
 .debug_abbrev  0x0000171d      0x295 ./Drivers/STM32H7xx_HAL_Driver/Src/stm32h7xx_hal.o
 .debug_abbrev  0x000019b2      0x339 ./Drivers/STM32H7xx_HAL_Driver/Src/stm32h7xx_hal_cortex.o
 .debug_abbrev  0x00001ceb      0x24a ./Drivers/STM32H7xx_HAL_Driver/Src/stm32h7xx_hal_dcmi.o
 .debug_abbrev  0x00001f35      0x248 ./Drivers/STM32H7xx_HAL_Driver/Src/stm32h7xx_hal_dma.o
 .debug_abbrev  0x0000217d      0x1cc ./Drivers/STM32H7xx_HAL_Driver/Src/stm32h7xx_hal_dma_ex.o
 .debug_abbrev  0x00002349      0x205 ./Drivers/STM32H7xx_HAL_Driver/Src/stm32h7xx_hal_gpio.o
 .debug_abbrev  0x0000254e      0x2a7 ./Drivers/STM32H7xx_HAL_Driver/Src/stm32h7xx_hal_pwr_ex.o
 .debug_abbrev  0x000027f5      0x2c8 ./Drivers/STM32H7xx_HAL_Driver/Src/stm32h7xx_hal_rcc.o
 .debug_abbrev  0x00002abd      0x269 ./Drivers/STM32H7xx_HAL_Driver/Src/stm32h7xx_hal_rcc_ex.o
 .debug_abbrev  0x00002d26      0x33d ./Drivers/STM32H7xx_HAL_Driver/Src/stm32h7xx_hal_uart.o
 .debug_abbrev  0x00003063      0x2d2 ./Drivers/STM32H7xx_HAL_Driver/Src/stm32h7xx_hal_uart_ex.o

.debug_aranges  0x00000000      0xe28
 .debug_aranges
                0x00000000       0x60 ./Core/Src/camera_app.o
 .debug_aranges
                0x00000060       0x30 ./Core/Src/dcmi.o
 .debug_aranges
                0x00000090       0x20 ./Core/Src/dma.o
 .debug_aranges
                0x000000b0       0x20 ./Core/Src/gpio.o
 .debug_aranges
                0x000000d0       0x38 ./Core/Src/jpeg_stream.o
 .debug_aranges
                0x00000108       0x38 ./Core/Src/main.o
 .debug_aranges
                0x00000140       0x88 ./Core/Src/ov2640.o
 .debug_aranges
                0x000001c8       0x80 ./Core/Src/ov2640_sccb.o
 .debug_aranges
                0x00000248       0x20 ./Core/Src/stm32h7xx_hal_msp.o
 .debug_aranges
                0x00000268       0x70 ./Core/Src/stm32h7xx_it.o
 .debug_aranges
                0x000002d8       0x20 ./Core/Src/sysmem.o
 .debug_aranges
                0x000002f8       0x30 ./Core/Src/system_stm32h7xx.o
 .debug_aranges
                0x00000328       0x30 ./Core/Src/usart.o
 .debug_aranges
                0x00000358       0x28 ./Core/Startup/startup_stm32h743iitx.o
 .debug_aranges
                0x00000380      0x198 ./Drivers/STM32H7xx_HAL_Driver/Src/stm32h7xx_hal.o
 .debug_aranges
                0x00000518      0x130 ./Drivers/STM32H7xx_HAL_Driver/Src/stm32h7xx_hal_cortex.o
 .debug_aranges
                0x00000648       0xc0 ./Drivers/STM32H7xx_HAL_Driver/Src/stm32h7xx_hal_dcmi.o
 .debug_aranges
                0x00000708       0xa0 ./Drivers/STM32H7xx_HAL_Driver/Src/stm32h7xx_hal_dma.o
 .debug_aranges
                0x000007a8       0x60 ./Drivers/STM32H7xx_HAL_Driver/Src/stm32h7xx_hal_dma_ex.o
 .debug_aranges
                0x00000808       0x58 ./Drivers/STM32H7xx_HAL_Driver/Src/stm32h7xx_hal_gpio.o
 .debug_aranges
                0x00000860      0x158 ./Drivers/STM32H7xx_HAL_Driver/Src/stm32h7xx_hal_pwr_ex.o
 .debug_aranges
                0x000009b8       0x88 ./Drivers/STM32H7xx_HAL_Driver/Src/stm32h7xx_hal_rcc.o
 .debug_aranges
                0x00000a40       0xf8 ./Drivers/STM32H7xx_HAL_Driver/Src/stm32h7xx_hal_rcc_ex.o
 .debug_aranges
                0x00000b38      0x248 ./Drivers/STM32H7xx_HAL_Driver/Src/stm32h7xx_hal_uart.o
 .debug_aranges
                0x00000d80       0xa8 ./Drivers/STM32H7xx_HAL_Driver/Src/stm32h7xx_hal_uart_ex.o

.debug_rnglists
                0x00000000      0xaca
 .debug_rnglists
                0x00000000       0x52 ./Core/Src/camera_app.o
 .debug_rnglists
                0x00000052       0x21 ./Core/Src/dcmi.o
 .debug_rnglists
                0x00000073       0x13 ./Core/Src/dma.o
 .debug_rnglists
                0x00000086       0x14 ./Core/Src/gpio.o
 .debug_rnglists
                0x0000009a       0x26 ./Core/Src/jpeg_stream.o
 .debug_rnglists
                0x000000c0       0x27 ./Core/Src/main.o
 .debug_rnglists
                0x000000e7       0x64 ./Core/Src/ov2640.o
 .debug_rnglists
                0x0000014b       0x5e ./Core/Src/ov2640_sccb.o
 .debug_rnglists
                0x000001a9       0x13 ./Core/Src/stm32h7xx_hal_msp.o
 .debug_rnglists
                0x000001bc       0x4f ./Core/Src/stm32h7xx_it.o
 .debug_rnglists
                0x0000020b       0x13 ./Core/Src/sysmem.o
 .debug_rnglists
                0x0000021e       0x21 ./Core/Src/system_stm32h7xx.o
 .debug_rnglists
                0x0000023f       0x21 ./Core/Src/usart.o
 .debug_rnglists
                0x00000260       0x19 ./Core/Startup/startup_stm32h743iitx.o
 .debug_rnglists
                0x00000279      0x131 ./Drivers/STM32H7xx_HAL_Driver/Src/stm32h7xx_hal.o
 .debug_rnglists
                0x000003aa       0xe0 ./Drivers/STM32H7xx_HAL_Driver/Src/stm32h7xx_hal_cortex.o
 .debug_rnglists
                0x0000048a       0x91 ./Drivers/STM32H7xx_HAL_Driver/Src/stm32h7xx_hal_dcmi.o
 .debug_rnglists
                0x0000051b       0x82 ./Drivers/STM32H7xx_HAL_Driver/Src/stm32h7xx_hal_dma.o
 .debug_rnglists
                0x0000059d       0x4a ./Drivers/STM32H7xx_HAL_Driver/Src/stm32h7xx_hal_dma_ex.o
 .debug_rnglists
                0x000005e7       0x3f ./Drivers/STM32H7xx_HAL_Driver/Src/stm32h7xx_hal_gpio.o
 .debug_rnglists
                0x00000626      0x103 ./Drivers/STM32H7xx_HAL_Driver/Src/stm32h7xx_hal_pwr_ex.o
 .debug_rnglists
                0x00000729       0x68 ./Drivers/STM32H7xx_HAL_Driver/Src/stm32h7xx_hal_rcc.o
 .debug_rnglists
                0x00000791       0xc0 ./Drivers/STM32H7xx_HAL_Driver/Src/stm32h7xx_hal_rcc_ex.o
 .debug_rnglists
                0x00000851      0x1fa ./Drivers/STM32H7xx_HAL_Driver/Src/stm32h7xx_hal_uart.o
 .debug_rnglists
                0x00000a4b       0x7f ./Drivers/STM32H7xx_HAL_Driver/Src/stm32h7xx_hal_uart_ex.o

.debug_macro    0x00000000    0x37ef2
 .debug_macro   0x00000000      0x349 ./Core/Src/camera_app.o
 .debug_macro   0x00000349      0xaf6 ./Core/Src/camera_app.o
 .debug_macro   0x00000e3f      0x238 ./Core/Src/camera_app.o
 .debug_macro   0x00001077       0x2e ./Core/Src/camera_app.o
 .debug_macro   0x000010a5       0x3b ./Core/Src/camera_app.o
 .debug_macro   0x000010e0       0x22 ./Core/Src/camera_app.o
 .debug_macro   0x00001102       0x8e ./Core/Src/camera_app.o
 .debug_macro   0x00001190       0x51 ./Core/Src/camera_app.o
 .debug_macro   0x000011e1      0x103 ./Core/Src/camera_app.o
 .debug_macro   0x000012e4       0x6a ./Core/Src/camera_app.o
 .debug_macro   0x0000134e      0x1df ./Core/Src/camera_app.o
 .debug_macro   0x0000152d       0x1c ./Core/Src/camera_app.o
 .debug_macro   0x00001549       0x22 ./Core/Src/camera_app.o
 .debug_macro   0x0000156b       0xfb ./Core/Src/camera_app.o
 .debug_macro   0x00001666     0x1305 ./Core/Src/camera_app.o
 .debug_macro   0x0000296b      0x11f ./Core/Src/camera_app.o
 .debug_macro   0x00002a8a       0x27 ./Core/Src/camera_app.o
 .debug_macro   0x00002ab1    0x25b9b ./Core/Src/camera_app.o
 .debug_macro   0x0002864c       0x6d ./Core/Src/camera_app.o
 .debug_macro   0x000286b9     0x3d79 ./Core/Src/camera_app.o
 .debug_macro   0x0002c432      0x190 ./Core/Src/camera_app.o
 .debug_macro   0x0002c5c2       0x61 ./Core/Src/camera_app.o
 .debug_macro   0x0002c623       0x29 ./Core/Src/camera_app.o
 .debug_macro   0x0002c64c       0x43 ./Core/Src/camera_app.o
 .debug_macro   0x0002c68f       0x34 ./Core/Src/camera_app.o
 .debug_macro   0x0002c6c3      0x370 ./Core/Src/camera_app.o
 .debug_macro   0x0002ca33       0x16 ./Core/Src/camera_app.o
 .debug_macro   0x0002ca49       0x4a ./Core/Src/camera_app.o
 .debug_macro   0x0002ca93       0x34 ./Core/Src/camera_app.o
 .debug_macro   0x0002cac7       0x10 ./Core/Src/camera_app.o
 .debug_macro   0x0002cad7       0x58 ./Core/Src/camera_app.o
 .debug_macro   0x0002cb2f       0x8e ./Core/Src/camera_app.o
 .debug_macro   0x0002cbbd       0x1c ./Core/Src/camera_app.o
 .debug_macro   0x0002cbd9      0x185 ./Core/Src/camera_app.o
 .debug_macro   0x0002cd5e      0x19b ./Core/Src/camera_app.o
 .debug_macro   0x0002cef9       0x5d ./Core/Src/camera_app.o
 .debug_macro   0x0002cf56     0x2382 ./Core/Src/camera_app.o
 .debug_macro   0x0002f2d8     0x102c ./Core/Src/camera_app.o
 .debug_macro   0x00030304      0x154 ./Core/Src/camera_app.o
 .debug_macro   0x00030458      0x114 ./Core/Src/camera_app.o
 .debug_macro   0x0003056c      0x3b6 ./Core/Src/camera_app.o
 .debug_macro   0x00030922       0xac ./Core/Src/camera_app.o
 .debug_macro   0x000309ce      0x72d ./Core/Src/camera_app.o
 .debug_macro   0x000310fb      0x228 ./Core/Src/camera_app.o
 .debug_macro   0x00031323       0x66 ./Core/Src/camera_app.o
 .debug_macro   0x00031389      0x3bb ./Core/Src/camera_app.o
 .debug_macro   0x00031744      0x22c ./Core/Src/camera_app.o
 .debug_macro   0x00031970      0x3e4 ./Core/Src/camera_app.o
 .debug_macro   0x00031d54      0x275 ./Core/Src/camera_app.o
 .debug_macro   0x00031fc9      0x3ca ./Core/Src/camera_app.o
 .debug_macro   0x00032393      0x408 ./Core/Src/camera_app.o
 .debug_macro   0x0003279b       0x51 ./Core/Src/camera_app.o
 .debug_macro   0x000327ec       0x4a ./Core/Src/camera_app.o
 .debug_macro   0x00032836      0x22c ./Core/Src/camera_app.o
 .debug_macro   0x00032a62       0x67 ./Core/Src/camera_app.o
 .debug_macro   0x00032ac9       0xa5 ./Core/Src/camera_app.o
 .debug_macro   0x00032b6e      0x1c4 ./Core/Src/camera_app.o
 .debug_macro   0x00032d32      0x25e ./Core/Src/camera_app.o
 .debug_macro   0x00032f90       0x35 ./Core/Src/camera_app.o
 .debug_macro   0x00032fc5      0x693 ./Core/Src/camera_app.o
 .debug_macro   0x00033658       0xa6 ./Core/Src/camera_app.o
 .debug_macro   0x000336fe      0x5ac ./Core/Src/camera_app.o
 .debug_macro   0x00033caa       0x10 ./Core/Src/camera_app.o
 .debug_macro   0x00033cba       0x34 ./Core/Src/camera_app.o
 .debug_macro   0x00033cee       0x22 ./Core/Src/camera_app.o
 .debug_macro   0x00033d10       0x10 ./Core/Src/camera_app.o
 .debug_macro   0x00033d20       0x1c ./Core/Src/camera_app.o
 .debug_macro   0x00033d3c       0x3c ./Core/Src/camera_app.o
 .debug_macro   0x00033d78       0x10 ./Core/Src/camera_app.o
 .debug_macro   0x00033d88       0x1c ./Core/Src/camera_app.o
 .debug_macro   0x00033da4       0x16 ./Core/Src/camera_app.o
 .debug_macro   0x00033dba      0x146 ./Core/Src/camera_app.o
 .debug_macro   0x00033f00       0x16 ./Core/Src/camera_app.o
 .debug_macro   0x00033f16       0x20 ./Core/Src/camera_app.o
 .debug_macro   0x00033f36      0x2b1 ./Core/Src/dcmi.o
 .debug_macro   0x000341e7      0x2b1 ./Core/Src/dma.o
 .debug_macro   0x00034498      0x2b1 ./Core/Src/gpio.o
 .debug_macro   0x00034749      0x2ad ./Core/Src/jpeg_stream.o
 .debug_macro   0x000349f6      0x2dc ./Core/Src/main.o
 .debug_macro   0x00034cd2       0x16 ./Core/Src/main.o
 .debug_macro   0x00034ce8      0x2f5 ./Core/Src/ov2640.o
 .debug_macro   0x00034fdd       0x2e ./Core/Src/ov2640.o
 .debug_macro   0x0003500b      0x2da ./Core/Src/ov2640_sccb.o
 .debug_macro   0x000352e5       0x1c ./Core/Src/ov2640_sccb.o
 .debug_macro   0x00035301      0x2a7 ./Core/Src/stm32h7xx_hal_msp.o
 .debug_macro   0x000355a8      0x2b1 ./Core/Src/stm32h7xx_it.o
 .debug_macro   0x00035859      0x112 ./Core/Src/sysmem.o
 .debug_macro   0x0003596b      0x23c ./Core/Src/sysmem.o
 .debug_macro   0x00035ba7      0x29d ./Core/Src/system_stm32h7xx.o
 .debug_macro   0x00035e44      0x2b1 ./Core/Src/usart.o
 .debug_macro   0x000360f5      0x2c7 ./Drivers/STM32H7xx_HAL_Driver/Src/stm32h7xx_hal.o
 .debug_macro   0x000363bc      0x29d ./Drivers/STM32H7xx_HAL_Driver/Src/stm32h7xx_hal_cortex.o
 .debug_macro   0x00036659      0x2a4 ./Drivers/STM32H7xx_HAL_Driver/Src/stm32h7xx_hal_dcmi.o
 .debug_macro   0x000368fd      0x2f1 ./Drivers/STM32H7xx_HAL_Driver/Src/stm32h7xx_hal_dma.o
 .debug_macro   0x00036bee      0x29d ./Drivers/STM32H7xx_HAL_Driver/Src/stm32h7xx_hal_dma_ex.o
 .debug_macro   0x00036e8b      0x2a4 ./Drivers/STM32H7xx_HAL_Driver/Src/stm32h7xx_hal_gpio.o
 .debug_macro   0x0003712f      0x2d6 ./Drivers/STM32H7xx_HAL_Driver/Src/stm32h7xx_hal_pwr_ex.o
 .debug_macro   0x00037405      0x2c1 ./Drivers/STM32H7xx_HAL_Driver/Src/stm32h7xx_hal_rcc.o
 .debug_macro   0x000376c6      0x2bb ./Drivers/STM32H7xx_HAL_Driver/Src/stm32h7xx_hal_rcc_ex.o
 .debug_macro   0x00037981      0x2c8 ./Drivers/STM32H7xx_HAL_Driver/Src/stm32h7xx_hal_uart.o
 .debug_macro   0x00037c49      0x2a9 ./Drivers/STM32H7xx_HAL_Driver/Src/stm32h7xx_hal_uart_ex.o

.debug_line     0x00000000    0x17dda
 .debug_line    0x00000000      0xbb7 ./Core/Src/camera_app.o
 .debug_line    0x00000bb7      0x9be ./Core/Src/dcmi.o
 .debug_line    0x00001575      0x8bd ./Core/Src/dma.o
 .debug_line    0x00001e32      0x8fc ./Core/Src/gpio.o
 .debug_line    0x0000272e      0x986 ./Core/Src/jpeg_stream.o
 .debug_line    0x000030b4      0xac4 ./Core/Src/main.o
 .debug_line    0x00003b78      0xca7 ./Core/Src/ov2640.o
 .debug_line    0x0000481f      0xb07 ./Core/Src/ov2640_sccb.o
 .debug_line    0x00005326      0x8c0 ./Core/Src/stm32h7xx_hal_msp.o
 .debug_line    0x00005be6      0x9a0 ./Core/Src/stm32h7xx_it.o
 .debug_line    0x00006586      0x588 ./Core/Src/sysmem.o
 .debug_line    0x00006b0e      0xac0 ./Core/Src/system_stm32h7xx.o
 .debug_line    0x000075ce      0x976 ./Core/Src/usart.o
 .debug_line    0x00007f44       0x7b ./Core/Startup/startup_stm32h743iitx.o
 .debug_line    0x00007fbf      0xe99 ./Drivers/STM32H7xx_HAL_Driver/Src/stm32h7xx_hal.o
 .debug_line    0x00008e58      0xe83 ./Drivers/STM32H7xx_HAL_Driver/Src/stm32h7xx_hal_cortex.o
 .debug_line    0x00009cdb      0xefd ./Drivers/STM32H7xx_HAL_Driver/Src/stm32h7xx_hal_dcmi.o
 .debug_line    0x0000abd8     0x281a ./Drivers/STM32H7xx_HAL_Driver/Src/stm32h7xx_hal_dma.o
 .debug_line    0x0000d3f2     0x11ce ./Drivers/STM32H7xx_HAL_Driver/Src/stm32h7xx_hal_dma_ex.o
 .debug_line    0x0000e5c0      0xd22 ./Drivers/STM32H7xx_HAL_Driver/Src/stm32h7xx_hal_gpio.o
 .debug_line    0x0000f2e2     0x101d ./Drivers/STM32H7xx_HAL_Driver/Src/stm32h7xx_hal_pwr_ex.o
 .debug_line    0x000102ff     0x1540 ./Drivers/STM32H7xx_HAL_Driver/Src/stm32h7xx_hal_rcc.o
 .debug_line    0x0001183f     0x1e4c ./Drivers/STM32H7xx_HAL_Driver/Src/stm32h7xx_hal_rcc_ex.o
 .debug_line    0x0001368b     0x3920 ./Drivers/STM32H7xx_HAL_Driver/Src/stm32h7xx_hal_uart.o
 .debug_line    0x00016fab      0xe2f ./Drivers/STM32H7xx_HAL_Driver/Src/stm32h7xx_hal_uart_ex.o

.debug_str      0x00000000   0x159b20
 .debug_str     0x00000000   0x159b20 ./Core/Src/camera_app.o
                             0x1553a8 (size before relaxing)
 .debug_str     0x00159b20   0x154179 ./Core/Src/dcmi.o
 .debug_str     0x00159b20   0x154328 ./Core/Src/dma.o
 .debug_str     0x00159b20   0x153bc5 ./Core/Src/gpio.o
 .debug_str     0x00159b20   0x153939 ./Core/Src/jpeg_stream.o
 .debug_str     0x00159b20   0x1544b5 ./Core/Src/main.o
 .debug_str     0x00159b20   0x15425b ./Core/Src/ov2640.o
 .debug_str     0x00159b20   0x153f33 ./Core/Src/ov2640_sccb.o
 .debug_str     0x00159b20   0x153adc ./Core/Src/stm32h7xx_hal_msp.o
 .debug_str     0x00159b20   0x153ee0 ./Core/Src/stm32h7xx_it.o
 .debug_str     0x00159b20     0x77cf ./Core/Src/sysmem.o
 .debug_str     0x00159b20   0x153e4e ./Core/Src/system_stm32h7xx.o
 .debug_str     0x00159b20   0x15455f ./Core/Src/usart.o
 .debug_str     0x00159b20       0x73 ./Core/Startup/startup_stm32h743iitx.o
 .debug_str     0x00159b20   0x154d25 ./Drivers/STM32H7xx_HAL_Driver/Src/stm32h7xx_hal.o
 .debug_str     0x00159b20   0x154760 ./Drivers/STM32H7xx_HAL_Driver/Src/stm32h7xx_hal_cortex.o
 .debug_str     0x00159b20   0x154155 ./Drivers/STM32H7xx_HAL_Driver/Src/stm32h7xx_hal_dcmi.o
 .debug_str     0x00159b20   0x154549 ./Drivers/STM32H7xx_HAL_Driver/Src/stm32h7xx_hal_dma.o
 .debug_str     0x00159b20   0x153ed6 ./Drivers/STM32H7xx_HAL_Driver/Src/stm32h7xx_hal_dma_ex.o
 .debug_str     0x00159b20   0x153dc6 ./Drivers/STM32H7xx_HAL_Driver/Src/stm32h7xx_hal_gpio.o
 .debug_str     0x00159b20   0x154287 ./Drivers/STM32H7xx_HAL_Driver/Src/stm32h7xx_hal_pwr_ex.o
 .debug_str     0x00159b20   0x1541aa ./Drivers/STM32H7xx_HAL_Driver/Src/stm32h7xx_hal_rcc.o
 .debug_str     0x00159b20   0x15468b ./Drivers/STM32H7xx_HAL_Driver/Src/stm32h7xx_hal_rcc_ex.o
 .debug_str     0x00159b20   0x154ceb ./Drivers/STM32H7xx_HAL_Driver/Src/stm32h7xx_hal_uart.o
 .debug_str     0x00159b20   0x1542ab ./Drivers/STM32H7xx_HAL_Driver/Src/stm32h7xx_hal_uart_ex.o

.comment        0x00000000       0x43
 .comment       0x00000000       0x43 ./Core/Src/camera_app.o
                                 0x44 (size before relaxing)
 .comment       0x00000043       0x44 ./Core/Src/dcmi.o
 .comment       0x00000043       0x44 ./Core/Src/dma.o
 .comment       0x00000043       0x44 ./Core/Src/gpio.o
 .comment       0x00000043       0x44 ./Core/Src/jpeg_stream.o
 .comment       0x00000043       0x44 ./Core/Src/main.o
 .comment       0x00000043       0x44 ./Core/Src/ov2640.o
 .comment       0x00000043       0x44 ./Core/Src/ov2640_sccb.o
 .comment       0x00000043       0x44 ./Core/Src/stm32h7xx_hal_msp.o
 .comment       0x00000043       0x44 ./Core/Src/stm32h7xx_it.o
 .comment       0x00000043       0x44 ./Core/Src/sysmem.o
 .comment       0x00000043       0x44 ./Core/Src/system_stm32h7xx.o
 .comment       0x00000043       0x44 ./Core/Src/usart.o
 .comment       0x00000043       0x44 ./Drivers/STM32H7xx_HAL_Driver/Src/stm32h7xx_hal.o
 .comment       0x00000043       0x44 ./Drivers/STM32H7xx_HAL_Driver/Src/stm32h7xx_hal_cortex.o
 .comment       0x00000043       0x44 ./Drivers/STM32H7xx_HAL_Driver/Src/stm32h7xx_hal_dcmi.o
 .comment       0x00000043       0x44 ./Drivers/STM32H7xx_HAL_Driver/Src/stm32h7xx_hal_dma.o
 .comment       0x00000043       0x44 ./Drivers/STM32H7xx_HAL_Driver/Src/stm32h7xx_hal_dma_ex.o
 .comment       0x00000043       0x44 ./Drivers/STM32H7xx_HAL_Driver/Src/stm32h7xx_hal_gpio.o
 .comment       0x00000043       0x44 ./Drivers/STM32H7xx_HAL_Driver/Src/stm32h7xx_hal_pwr_ex.o
 .comment       0x00000043       0x44 ./Drivers/STM32H7xx_HAL_Driver/Src/stm32h7xx_hal_rcc.o
 .comment       0x00000043       0x44 ./Drivers/STM32H7xx_HAL_Driver/Src/stm32h7xx_hal_rcc_ex.o
 .comment       0x00000043       0x44 ./Drivers/STM32H7xx_HAL_Driver/Src/stm32h7xx_hal_uart.o
 .comment       0x00000043       0x44 ./Drivers/STM32H7xx_HAL_Driver/Src/stm32h7xx_hal_uart_ex.o

.debug_frame    0x00000000     0x3cc8
 .debug_frame   0x00000000      0x164 ./Core/Src/camera_app.o
 .debug_frame   0x00000164       0x78 ./Core/Src/dcmi.o
 .debug_frame   0x000001dc       0x34 ./Core/Src/dma.o
 .debug_frame   0x00000210       0x34 ./Core/Src/gpio.o
 .debug_frame   0x00000244       0x98 ./Core/Src/jpeg_stream.o
 .debug_frame   0x000002dc       0x90 ./Core/Src/main.o
 .debug_frame   0x0000036c      0x1e0 ./Core/Src/ov2640.o
 .debug_frame   0x0000054c      0x1c4 ./Core/Src/ov2640_sccb.o
 .debug_frame   0x00000710       0x38 ./Core/Src/stm32h7xx_hal_msp.o
 .debug_frame   0x00000748      0x13c ./Core/Src/stm32h7xx_it.o
 .debug_frame   0x00000884       0x34 ./Core/Src/sysmem.o
 .debug_frame   0x000008b8       0x78 ./Core/Src/system_stm32h7xx.o
 .debug_frame   0x00000930       0x78 ./Core/Src/usart.o
 .debug_frame   0x000009a8      0x690 ./Drivers/STM32H7xx_HAL_Driver/Src/stm32h7xx_hal.o
 .debug_frame   0x00001038      0x508 ./Drivers/STM32H7xx_HAL_Driver/Src/stm32h7xx_hal_cortex.o
 .debug_frame   0x00001540      0x340 ./Drivers/STM32H7xx_HAL_Driver/Src/stm32h7xx_hal_dcmi.o
 .debug_frame   0x00001880      0x2b4 ./Drivers/STM32H7xx_HAL_Driver/Src/stm32h7xx_hal_dma.o
 .debug_frame   0x00001b34      0x174 ./Drivers/STM32H7xx_HAL_Driver/Src/stm32h7xx_hal_dma_ex.o
 .debug_frame   0x00001ca8      0x14c ./Drivers/STM32H7xx_HAL_Driver/Src/stm32h7xx_hal_gpio.o
 .debug_frame   0x00001df4      0x580 ./Drivers/STM32H7xx_HAL_Driver/Src/stm32h7xx_hal_pwr_ex.o
 .debug_frame   0x00002374      0x1f8 ./Drivers/STM32H7xx_HAL_Driver/Src/stm32h7xx_hal_rcc.o
 .debug_frame   0x0000256c      0x414 ./Drivers/STM32H7xx_HAL_Driver/Src/stm32h7xx_hal_rcc_ex.o
 .debug_frame   0x00002980      0xa94 ./Drivers/STM32H7xx_HAL_Driver/Src/stm32h7xx_hal_uart.o
 .debug_frame   0x00003414      0x2c0 ./Drivers/STM32H7xx_HAL_Driver/Src/stm32h7xx_hal_uart_ex.o
 .debug_frame   0x000036d4      0x144 D:/ST/STM32CubeIDE_1.19.0/STM32CubeIDE/plugins/com.st.stm32cube.ide.mcu.externaltools.gnu-tools-for-stm32.13.3.rel1.win32_1.0.0.202411081344/tools/bin/../lib/gcc/arm-none-eabi/13.3.1/../../../../arm-none-eabi/lib/thumb/v7e-m+dp/hard\libc_nano.a(libc_a-findfp.o)
 .debug_frame   0x00003818       0x7c D:/ST/STM32CubeIDE_1.19.0/STM32CubeIDE/plugins/com.st.stm32cube.ide.mcu.externaltools.gnu-tools-for-stm32.13.3.rel1.win32_1.0.0.202411081344/tools/bin/../lib/gcc/arm-none-eabi/13.3.1/../../../../arm-none-eabi/lib/thumb/v7e-m+dp/hard\libc_nano.a(libc_a-snprintf.o)
 .debug_frame   0x00003894       0x20 D:/ST/STM32CubeIDE_1.19.0/STM32CubeIDE/plugins/com.st.stm32cube.ide.mcu.externaltools.gnu-tools-for-stm32.13.3.rel1.win32_1.0.0.202411081344/tools/bin/../lib/gcc/arm-none-eabi/13.3.1/../../../../arm-none-eabi/lib/thumb/v7e-m+dp/hard\libc_nano.a(libc_a-memset.o)
 .debug_frame   0x000038b4       0x38 D:/ST/STM32CubeIDE_1.19.0/STM32CubeIDE/plugins/com.st.stm32cube.ide.mcu.externaltools.gnu-tools-for-stm32.13.3.rel1.win32_1.0.0.202411081344/tools/bin/../lib/gcc/arm-none-eabi/13.3.1/../../../../arm-none-eabi/lib/thumb/v7e-m+dp/hard\libc_nano.a(libc_a-reent.o)
 .debug_frame   0x000038ec       0x20 D:/ST/STM32CubeIDE_1.19.0/STM32CubeIDE/plugins/com.st.stm32cube.ide.mcu.externaltools.gnu-tools-for-stm32.13.3.rel1.win32_1.0.0.202411081344/tools/bin/../lib/gcc/arm-none-eabi/13.3.1/../../../../arm-none-eabi/lib/thumb/v7e-m+dp/hard\libc_nano.a(libc_a-errno.o)
 .debug_frame   0x0000390c       0x2c D:/ST/STM32CubeIDE_1.19.0/STM32CubeIDE/plugins/com.st.stm32cube.ide.mcu.externaltools.gnu-tools-for-stm32.13.3.rel1.win32_1.0.0.202411081344/tools/bin/../lib/gcc/arm-none-eabi/13.3.1/../../../../arm-none-eabi/lib/thumb/v7e-m+dp/hard\libc_nano.a(libc_a-init.o)
 .debug_frame   0x00003938       0xb0 D:/ST/STM32CubeIDE_1.19.0/STM32CubeIDE/plugins/com.st.stm32cube.ide.mcu.externaltools.gnu-tools-for-stm32.13.3.rel1.win32_1.0.0.202411081344/tools/bin/../lib/gcc/arm-none-eabi/13.3.1/../../../../arm-none-eabi/lib/thumb/v7e-m+dp/hard\libc_nano.a(libc_a-lock.o)
 .debug_frame   0x000039e8       0x38 D:/ST/STM32CubeIDE_1.19.0/STM32CubeIDE/plugins/com.st.stm32cube.ide.mcu.externaltools.gnu-tools-for-stm32.13.3.rel1.win32_1.0.0.202411081344/tools/bin/../lib/gcc/arm-none-eabi/13.3.1/../../../../arm-none-eabi/lib/thumb/v7e-m+dp/hard\libc_nano.a(libc_a-freer.o)
 .debug_frame   0x00003a20       0x50 D:/ST/STM32CubeIDE_1.19.0/STM32CubeIDE/plugins/com.st.stm32cube.ide.mcu.externaltools.gnu-tools-for-stm32.13.3.rel1.win32_1.0.0.202411081344/tools/bin/../lib/gcc/arm-none-eabi/13.3.1/../../../../arm-none-eabi/lib/thumb/v7e-m+dp/hard\libc_nano.a(libc_a-mallocr.o)
 .debug_frame   0x00003a70       0x30 D:/ST/STM32CubeIDE_1.19.0/STM32CubeIDE/plugins/com.st.stm32cube.ide.mcu.externaltools.gnu-tools-for-stm32.13.3.rel1.win32_1.0.0.202411081344/tools/bin/../lib/gcc/arm-none-eabi/13.3.1/../../../../arm-none-eabi/lib/thumb/v7e-m+dp/hard\libc_nano.a(libc_a-mlock.o)