../Core/Src/camera_app.c:1806:13:camera_app_finger_log	176	static
../Core/Src/camera_app.c:1710:13:camera_app_oled_refresh_stub	32	static
../Core/Src/camera_app.c:2308:13:camera_app_pump_ctrl_apply_state	168	static
../Core/Src/camera_app.c:729:16:camera_app_capture_jpeg_snapshot	32	static
../Core/Src/camera_app.c:1946:16:camera_app_finger_try_connect.isra	48	static
../Core/Src/camera_app.c:1908:13:camera_app_pump_ctrl_report_session_to_esp32	120	static
../Core/Src/camera_app.c:486:16:camera_app_recover_camera	184	static
../Core/Src/camera_app.c:2430:13:camera_app_pump_ctrl_start_manual_cold	176	static
../Core/Src/camera_app.c:2393:13:camera_app_pump_ctrl_return_to_standby	184	static
../Core/Src/camera_app.c:2406:13:camera_app_pump_ctrl_fault_to_standby	184	static
../Core/Src/camera_app.c:2873:13:camera_app_pump_ctrl_decode_fail	256	static
../Core/Src/camera_app.c:1614:5:AI_GetState	0	static
../Core/Src/camera_app.c:2212:6:HAL_UART_RxCpltCallback	4	static
../Core/Src/camera_app.c:2243:6:HAL_UART_ErrorCallback	0	static
../Core/Src/camera_app.c:3233:6:HAL_DCMI_FrameEventCallback	0	static
../Core/Src/camera_app.c:3239:6:HAL_DCMI_ErrorCallback	0	static
../Core/Src/camera_app.c:3246:6:CameraApp_SignalFrameDone	0	static
../Core/Src/camera_app.c:3251:6:CameraApp_Init	128	static
../Core/Src/camera_app.c:3476:6:CameraApp_Run	464	static
