../Core/Src/camera_app.c:1808:13:camera_app_finger_log	176	static
../Core/Src/camera_app.c:1712:13:camera_app_oled_refresh_stub	32	static
../Core/Src/camera_app.c:2318:13:camera_app_pump_ctrl_apply_state	168	static
../Core/Src/camera_app.c:731:16:camera_app_capture_jpeg_snapshot	32	static
../Core/Src/camera_app.c:1955:16:camera_app_finger_try_connect.isra	48	static
../Core/Src/camera_app.c:1910:13:camera_app_pump_ctrl_report_session_to_esp32	128	static
../Core/Src/camera_app.c:488:16:camera_app_recover_camera	184	static
../Core/Src/camera_app.c:2440:13:camera_app_pump_ctrl_start_manual_cold	176	static
../Core/Src/camera_app.c:2403:13:camera_app_pump_ctrl_return_to_standby	184	static
../Core/Src/camera_app.c:2416:13:camera_app_pump_ctrl_fault_to_standby	184	static
../Core/Src/camera_app.c:2883:13:camera_app_pump_ctrl_decode_fail	256	static
../Core/Src/camera_app.c:1616:5:AI_GetState	0	static
../Core/Src/camera_app.c:2222:6:HAL_UART_RxCpltCallback	4	static
../Core/Src/camera_app.c:2253:6:HAL_UART_ErrorCallback	0	static
../Core/Src/camera_app.c:3243:6:HAL_DCMI_FrameEventCallback	0	static
../Core/Src/camera_app.c:3249:6:HAL_DCMI_ErrorCallback	0	static
../Core/Src/camera_app.c:3256:6:CameraApp_SignalFrameDone	0	static
../Core/Src/camera_app.c:3261:6:CameraApp_Init	128	static
../Core/Src/camera_app.c:3486:6:CameraApp_Run	464	static
