../Core/Src/camera_app.c:1812:13:camera_app_finger_log	176	static
../Core/Src/camera_app.c:1716:13:camera_app_oled_refresh_stub	32	static
../Core/Src/camera_app.c:2322:13:camera_app_pump_ctrl_apply_state	168	static
../Core/Src/camera_app.c:735:16:camera_app_capture_jpeg_snapshot	32	static
../Core/Src/camera_app.c:1959:16:camera_app_finger_try_connect.isra	48	static
../Core/Src/camera_app.c:2008:13:camera_app_finger_poll	72	static
../Core/Src/camera_app.c:1914:13:camera_app_pump_ctrl_report_session_to_esp32	128	static
../Core/Src/camera_app.c:492:16:camera_app_recover_camera	184	static
../Core/Src/camera_app.c:2474:13:camera_app_pump_ctrl_start_manual_cold	176	static
../Core/Src/camera_app.c:2409:13:camera_app_pump_ctrl_cancel_pre_dispense.constprop	184	static
../Core/Src/camera_app.c:2419:13:camera_app_pump_ctrl_return_to_standby	184	static
../Core/Src/camera_app.c:2432:13:camera_app_pump_ctrl_fault_to_standby	184	static
../Core/Src/camera_app.c:2936:13:camera_app_pump_ctrl_decode_fail	256	static
../Core/Src/camera_app.c:1620:5:AI_GetState	0	static
../Core/Src/camera_app.c:2226:6:HAL_UART_RxCpltCallback	4	static
../Core/Src/camera_app.c:2257:6:HAL_UART_ErrorCallback	0	static
../Core/Src/camera_app.c:3307:6:HAL_DCMI_FrameEventCallback	0	static
../Core/Src/camera_app.c:3313:6:HAL_DCMI_ErrorCallback	0	static
../Core/Src/camera_app.c:3320:6:CameraApp_SignalFrameDone	0	static
../Core/Src/camera_app.c:3325:6:CameraApp_Init	128	static
../Core/Src/camera_app.c:3550:6:CameraApp_Run	424	static
