../Core/Src/oled_1.c:265:6:OLED_ShowChar.constprop	40	static
../Core/Src/oled_1.c:133:6:OLED_ShowChinese16x16.constprop	64	static
../Core/Src/oled_1.c:41:6:OLED_WR_Bus	16	static
../Core/Src/oled_1.c:65:6:OLED_WR_REG	16	static
../Core/Src/oled_1.c:75:6:OLED_WR_Byte	16	static
../Core/Src/oled_1.c:83:6:Column_Address	24	static
../Core/Src/oled_1.c:102:6:Row_Address	24	static
../Core/Src/oled_1.c:113:6:OLED_Fill	48	static
../Core/Src/oled_1.c:133:6:OLED_ShowChinese16x16	72	static
../Core/Src/oled_1.c:184:6:OLED_ShowChinese24x24	72	static
../Core/Src/oled_1.c:216:6:OLED_ShowChinese32x32	72	static
../Core/Src/oled_1.c:249:6:OLED_ShowChinese	88	static
../Core/Src/oled_1.c:265:6:OLED_ShowChar	80	static
../Core/Src/oled_1.c:297:6:OLED_ShowString	40	static
../Core/Src/oled_1.c:310:5:oled_pow	0	static
../Core/Src/oled_1.c:320:6:OLED_ShowNum	64	static
../Core/Src/oled_1.c:342:6:OLED_DrawBMP	48	static
../Core/Src/oled_1.c:361:6:OLED_DrawSingleBMP	48	static
../Core/Src/oled_1.c:389:6:OLED_Clear	24	static
../Core/Src/oled_1.c:399:6:OLED_Init	24	static
../Core/Src/oled_1.c:465:6:Disp_DrawStatic	40	static
../Core/Src/oled_1.c:491:6:Disp_DrawDynamic	48	static
../Core/Src/oled_1.c:579:6:Disp_DrinkerUI	32	static
