../Core/Src/ov2640.c:221:9:OV2640_IsReady	0	static
../Core/Src/ov2640.c:223:9:OV2640_ProbeID	24	static
../Core/Src/ov2640.c:238:9:OV2640_SetOutputFormatJPEG	16	static
../Core/Src/ov2640.c:248:9:OV2640_SetOutputFormatRGB565	16	static
../Core/Src/ov2640.c:253:9:OV2640_SetLightMode	16	static
../Core/Src/ov2640.c:266:9:OV2640_SetColorSaturation	16	static
../Core/Src/ov2640.c:279:9:OV2640_SetBrightness	16	static
../Core/Src/ov2640.c:292:9:OV2640_SetContrast	16	static
../Core/Src/ov2640.c:305:9:OV2640_SetSpecialEffect	16	static
../Core/Src/ov2640.c:316:9:OV2640_SetOutputSize	8	static
../Core/Src/ov2640.c:333:9:OV2640_StartSnapshot	16	static
../Core/Src/ov2640.c:340:9:OV2640_StopCapture	8	static
../Core/Src/ov2640.c:345:6:OV2640_AttachFrameBuffer	0	static
../Core/Src/ov2640.c:347:9:OV2640_Probe	24	static
../Core/Src/ov2640.c:372:9:OV2640_Init	24	static
