../Core/Src/ov2640.c:226:13:ov2640_power_cycle_and_reset	8	static
../Core/Src/ov2640.c:195:9:OV2640_SelectCamera	16	static
../Core/Src/ov2640.c:213:9:OV2640_GetSelectedCamera	0	static
../Core/Src/ov2640.c:275:9:OV2640_IsReady	0	static
../Core/Src/ov2640.c:277:9:OV2640_ProbeID	24	static
../Core/Src/ov2640.c:291:9:OV2640_SetOutputFormatJPEG	16	static
../Core/Src/ov2640.c:301:9:OV2640_SetOutputFormatRGB565	16	static
../Core/Src/ov2640.c:306:9:OV2640_SetLightMode	16	static
../Core/Src/ov2640.c:319:9:OV2640_SetColorSaturation	16	static
../Core/Src/ov2640.c:332:9:OV2640_SetBrightness	16	static
../Core/Src/ov2640.c:345:9:OV2640_SetContrast	16	static
../Core/Src/ov2640.c:358:9:OV2640_SetSpecialEffect	16	static
../Core/Src/ov2640.c:369:9:OV2640_LockAutoExposureGain	16	static
../Core/Src/ov2640.c:381:9:OV2640_SetOutputSize	8	static
../Core/Src/ov2640.c:398:9:OV2640_StartSnapshot	16	static
../Core/Src/ov2640.c:405:9:OV2640_StopCapture	8	static
../Core/Src/ov2640.c:410:6:OV2640_AttachFrameBuffer	0	static
../Core/Src/ov2640.c:412:9:OV2640_Probe	24	static
../Core/Src/ov2640.c:444:9:OV2640_ProbeCamera	24	static
../Core/Src/ov2640.c:454:9:OV2640_Init	24	static
