../Core/Src/ov2640.c:196:13:ov2640_power_cycle_and_reset	8	static
../Core/Src/ov2640.c:245:9:OV2640_IsReady	0	static
../Core/Src/ov2640.c:247:9:OV2640_ProbeID	24	static
../Core/Src/ov2640.c:261:9:OV2640_SetOutputFormatJPEG	16	static
../Core/Src/ov2640.c:271:9:OV2640_SetOutputFormatRGB565	16	static
../Core/Src/ov2640.c:276:9:OV2640_SetLightMode	16	static
../Core/Src/ov2640.c:289:9:OV2640_SetColorSaturation	16	static
../Core/Src/ov2640.c:302:9:OV2640_SetBrightness	16	static
../Core/Src/ov2640.c:315:9:OV2640_SetContrast	16	static
../Core/Src/ov2640.c:328:9:OV2640_SetSpecialEffect	16	static
../Core/Src/ov2640.c:339:9:OV2640_SetOutputSize	8	static
../Core/Src/ov2640.c:356:9:OV2640_StartSnapshot	16	static
../Core/Src/ov2640.c:363:9:OV2640_StopCapture	8	static
../Core/Src/ov2640.c:368:6:OV2640_AttachFrameBuffer	0	static
../Core/Src/ov2640.c:370:9:OV2640_Probe	24	static
../Core/Src/ov2640.c:402:9:OV2640_Init	24	static
