../Core/Src/camera_app.c:79:13:dbg_print	16	static
../Core/Src/camera_app.c:91:13:camera_app_log	16	static
../Core/Src/camera_app.c:99:17:camera_app_float_to_permille	16	static
../Core/Src/camera_app.c:114:16:camera_app_ai_input_gray	16	static
../Core/Src/camera_app.c:119:17:camera_app_dma_get_ndtr	16	static
../Core/Src/camera_app.c:212:13:camera_app_wait_dma_settle	32	static
../Core/Src/camera_app.c:249:16:camera_app_capture_snapshot	24	static
../Core/Src/camera_app.c:280:20:camera_ai_class_name	16	static
../Core/Src/camera_app.c:298:16:camera_app_ai_init	16	static
../Core/Src/camera_app.c:329:16:camera_app_rgb565_gray	32	static
../Core/Src/camera_app.c:341:13:camera_app_clahe_build_lut	584	static
../Core/Src/camera_app.c:415:16:camera_app_clahe_apply_gray	96	static
../Core/Src/camera_app.c:440:13:camera_app_preprocess_rgb565_to_ai	80	static
../Core/Src/camera_app.c:572:16:camera_app_ai_run	56	static
../Core/Src/camera_app.c:629:13:camera_app_ai_report	320	static
../Core/Src/camera_app.c:769:6:HAL_DCMI_FrameEventCallback	16	static
../Core/Src/camera_app.c:775:6:HAL_DCMI_ErrorCallback	16	static
../Core/Src/camera_app.c:782:6:CameraApp_SignalFrameDone	4	static
../Core/Src/camera_app.c:787:6:CameraApp_Init	80	static
../Core/Src/camera_app.c:940:6:CameraApp_Run	40	static
