../Core/Src/camera_app.c:100:13:dbg_print	16	static
../Core/Src/camera_app.c:112:13:camera_app_log	16	static
../Core/Src/camera_app.c:120:17:camera_app_float_to_permille	16	static
../Core/Src/camera_app.c:135:16:camera_app_ai_input_gray	16	static
../Core/Src/camera_app.c:140:17:camera_app_dma_get_ndtr	16	static
../Core/Src/camera_app.c:233:13:camera_app_wait_dma_settle	32	static
../Core/Src/camera_app.c:270:16:camera_app_capture_snapshot	24	static
../Core/Src/camera_app.c:300:16:camera_app_capture_jpeg_snapshot	40	static
../Core/Src/camera_app.c:354:20:camera_ai_class_name	16	static
../Core/Src/camera_app.c:372:16:camera_app_ai_init	16	static
../Core/Src/camera_app.c:403:16:camera_app_rgb565_gray	32	static
../Core/Src/camera_app.c:415:13:camera_app_clahe_build_lut	584	static
../Core/Src/camera_app.c:489:16:camera_app_clahe_apply_gray	96	static
../Core/Src/camera_app.c:514:13:camera_app_preprocess_rgb565_to_ai	88	static
../Core/Src/camera_app.c:660:16:camera_app_ai_run	56	static
../Core/Src/camera_app.c:717:13:camera_app_ai_report	320	static
../Core/Src/camera_app.c:888:6:HAL_DCMI_FrameEventCallback	16	static
../Core/Src/camera_app.c:894:6:HAL_DCMI_ErrorCallback	16	static
../Core/Src/camera_app.c:901:6:CameraApp_SignalFrameDone	4	static
../Core/Src/camera_app.c:906:6:CameraApp_Init	96	static
../Core/Src/camera_app.c:1066:6:CameraApp_Run	120	static
