../Core/Src/ov2640.c:80:13:ov2640_hw_reset	8	static
../Core/Src/ov2640.c:88:16:ov2640_write_reg	16	static
../Core/Src/ov2640.c:93:16:ov2640_read_reg	16	static
../Core/Src/ov2640.c:98:13:ov2640_sw_reset	8	static
../Core/Src/ov2640.c:105:16:ov2640_write_table	24	static
../Core/Src/ov2640.c:118:9:OV2640_IsReady	4	static
../Core/Src/ov2640.c:120:9:OV2640_ProbeID	24	static
../Core/Src/ov2640.c:134:9:OV2640_SetOutputFormatJPEG	8	static
../Core/Src/ov2640.c:139:9:OV2640_SetOutputSize	24	static
../Core/Src/ov2640.c:158:9:OV2640_StartSnapshot	8	static
../Core/Src/ov2640.c:164:9:OV2640_StopCapture	8	static
../Core/Src/ov2640.c:169:6:OV2640_AttachFrameBuffer	16	static
../Core/Src/ov2640.c:171:9:OV2640_Probe	16	static
../Core/Src/ov2640.c:186:9:OV2640_Init	16	static
