../Core/Src/ov2640.c:178:13:ov2640_hw_reset	8	static
../Core/Src/ov2640.c:186:16:ov2640_write_reg	16	static
../Core/Src/ov2640.c:191:16:ov2640_read_reg	16	static
../Core/Src/ov2640.c:196:13:ov2640_sw_reset	8	static
../Core/Src/ov2640.c:203:16:ov2640_write_table	24	static
../Core/Src/ov2640.c:214:16:ov2640_apply_table	16	static
../Core/Src/ov2640.c:221:9:OV2640_IsReady	4	static
../Core/Src/ov2640.c:223:9:OV2640_ProbeID	24	static
../Core/Src/ov2640.c:238:9:OV2640_SetOutputFormatJPEG	8	static
../Core/Src/ov2640.c:248:9:OV2640_SetOutputFormatRGB565	8	static
../Core/Src/ov2640.c:253:9:OV2640_SetLightMode	16	static
../Core/Src/ov2640.c:266:9:OV2640_SetColorSaturation	16	static
../Core/Src/ov2640.c:279:9:OV2640_SetBrightness	16	static
../Core/Src/ov2640.c:292:9:OV2640_SetContrast	16	static
../Core/Src/ov2640.c:305:9:OV2640_SetSpecialEffect	16	static
../Core/Src/ov2640.c:316:9:OV2640_SetOutputSize	24	static
../Core/Src/ov2640.c:333:9:OV2640_StartSnapshot	8	static
../Core/Src/ov2640.c:340:9:OV2640_StopCapture	8	static
../Core/Src/ov2640.c:345:6:OV2640_AttachFrameBuffer	16	static
../Core/Src/ov2640.c:347:9:OV2640_Probe	16	static
../Core/Src/ov2640.c:372:9:OV2640_Init	16	static
