../Core/Src/ov2640.c:108:13:ov2640_hw_reset	8	static
../Core/Src/ov2640.c:116:16:ov2640_write_reg	16	static
../Core/Src/ov2640.c:121:16:ov2640_read_reg	16	static
../Core/Src/ov2640.c:126:13:ov2640_sw_reset	8	static
../Core/Src/ov2640.c:133:16:ov2640_write_table	24	static
../Core/Src/ov2640.c:146:9:OV2640_IsReady	4	static
../Core/Src/ov2640.c:148:9:OV2640_ProbeID	24	static
../Core/Src/ov2640.c:162:9:OV2640_SetOutputFormatJPEG	8	static
../Core/Src/ov2640.c:172:9:OV2640_SetOutputFormatRGB565	8	static
../Core/Src/ov2640.c:177:9:OV2640_SetOutputSize	24	static
../Core/Src/ov2640.c:194:9:OV2640_StartSnapshot	8	static
../Core/Src/ov2640.c:201:9:OV2640_StopCapture	8	static
../Core/Src/ov2640.c:206:6:OV2640_AttachFrameBuffer	16	static
../Core/Src/ov2640.c:208:9:OV2640_Probe	16	static
../Core/Src/ov2640.c:223:9:OV2640_Init	16	static
