../Core/Src/stm32h7xx_it.c:58:13:fault_dump_regs	240	static
../Core/Src/stm32h7xx_it.c:85:6:NMI_Handler	4	static
../Core/Src/stm32h7xx_it.c:100:6:HardFault_Handler	16	static
../Core/Src/stm32h7xx_it.c:118:6:MemManage_Handler	16	static
../Core/Src/stm32h7xx_it.c:136:6:BusFault_Handler	16	static
../Core/Src/stm32h7xx_it.c:154:6:UsageFault_Handler	16	static
../Core/Src/stm32h7xx_it.c:172:6:SVC_Handler	4	static
../Core/Src/stm32h7xx_it.c:185:6:DebugMon_Handler	4	static
../Core/Src/stm32h7xx_it.c:198:6:PendSV_Handler	4	static
../Core/Src/stm32h7xx_it.c:211:6:SysTick_Handler	8	static
../Core/Src/stm32h7xx_it.c:232:6:DMA2_Stream3_IRQHandler	8	static
../Core/Src/stm32h7xx_it.c:248:6:DCMI_IRQHandler	8	static
