../Core/Src/stm32h7xx_it.c:57:13:fault_dump_regs	240	static
../Core/Src/stm32h7xx_it.c:86:6:NMI_Handler	4	static
../Core/Src/stm32h7xx_it.c:101:6:HardFault_Handler	16	static
../Core/Src/stm32h7xx_it.c:119:6:MemManage_Handler	16	static
../Core/Src/stm32h7xx_it.c:137:6:BusFault_Handler	16	static
../Core/Src/stm32h7xx_it.c:155:6:UsageFault_Handler	16	static
../Core/Src/stm32h7xx_it.c:173:6:SVC_Handler	4	static
../Core/Src/stm32h7xx_it.c:186:6:DebugMon_Handler	4	static
../Core/Src/stm32h7xx_it.c:199:6:PendSV_Handler	4	static
../Core/Src/stm32h7xx_it.c:212:6:SysTick_Handler	8	static
../Core/Src/stm32h7xx_it.c:233:6:DMA2_Stream3_IRQHandler	8	static
../Core/Src/stm32h7xx_it.c:249:6:DCMI_IRQHandler	8	static
