Archive member included to satisfy reference by file (symbol)

../Middlewares/ST/AI/Lib\NetworkRuntime1020_CM7_GCC.a(ai_platform.o)
                              ./X-CUBE-AI/App/water_detect.o (ai_buffer_array_item_set_address)
../Middlewares/ST/AI/Lib\NetworkRuntime1020_CM7_GCC.a(ai_platform_interface.o)
                              ./X-CUBE-AI/App/water_detect.o (ai_platform_get_weights_map)
../Middlewares/ST/AI/Lib\NetworkRuntime1020_CM7_GCC.a(core_common.o)
                              ../Middlewares/ST/AI/Lib\NetworkRuntime1020_CM7_GCC.a(ai_platform_interface.o) (core_init)
../Middlewares/ST/AI/Lib\NetworkRuntime1020_CM7_GCC.a(core_convert.o)
                              ./X-CUBE-AI/App/waterlevel.o (node_convert_integer)
../Middlewares/ST/AI/Lib\NetworkRuntime1020_CM7_GCC.a(core_mem_manager.o)
                              ../Middlewares/ST/AI/Lib\NetworkRuntime1020_CM7_GCC.a(ai_platform_interface.o) (core_mem_alloc)
../Middlewares/ST/AI/Lib\NetworkRuntime1020_CM7_GCC.a(layers.o)
                              ../Middlewares/ST/AI/Lib\NetworkRuntime1020_CM7_GCC.a(ai_platform_interface.o) (ai_check_custom_types)
../Middlewares/ST/AI/Lib\NetworkRuntime1020_CM7_GCC.a(layers_conv2d_generic_float.o)
                              ./X-CUBE-AI/App/water_detect.o (forward_conv2d_if32of32wf32)
../Middlewares/ST/AI/Lib\NetworkRuntime1020_CM7_GCC.a(layers_conv2d_sssa8_ch.o)
                              ./X-CUBE-AI/App/waterlevel.o (forward_conv2d_sssa8_ch)
../Middlewares/ST/AI/Lib\NetworkRuntime1020_CM7_GCC.a(layers_conv2d_stm32_integer.o)
                              ./X-CUBE-AI/App/waterlevel.o (forward_dense_integer_SSSA)
../Middlewares/ST/AI/Lib\NetworkRuntime1020_CM7_GCC.a(layers_dw_sssa8_ch.o)
                              ./X-CUBE-AI/App/waterlevel.o (forward_dw_sssa8_ch)
../Middlewares/ST/AI/Lib\NetworkRuntime1020_CM7_GCC.a(layers_generic_float.o)
                              ./X-CUBE-AI/App/waterlevel.o (forward_pad)
../Middlewares/ST/AI/Lib\NetworkRuntime1020_CM7_GCC.a(layers_nl_generic_float.o)
                              ./X-CUBE-AI/App/water_detect.o (forward_sigmoid)
../Middlewares/ST/AI/Lib\NetworkRuntime1020_CM7_GCC.a(layers_nl_stm32_integer.o)
                              ./X-CUBE-AI/App/waterlevel.o (forward_nl_integer)
../Middlewares/ST/AI/Lib\NetworkRuntime1020_CM7_GCC.a(layers_pad_generic.o)
                              ../Middlewares/ST/AI/Lib\NetworkRuntime1020_CM7_GCC.a(layers_generic_float.o) (forward_pad_8bit_ch1st_3x3_constant)
../Middlewares/ST/AI/Lib\NetworkRuntime1020_CM7_GCC.a(layers_pool_generic_float.o)
                              ./X-CUBE-AI/App/water_detect.o (forward_ap)
../Middlewares/ST/AI/Lib\NetworkRuntime1020_CM7_GCC.a(layers_pool_stm32_integer.o)
                              ./X-CUBE-AI/App/waterlevel.o (forward_ap_integer_INT8)
../Middlewares/ST/AI/Lib\NetworkRuntime1020_CM7_GCC.a(layers_pw_sssa8_ch.o)
                              ./X-CUBE-AI/App/waterlevel.o (forward_pw_sssa8_ch)
../Middlewares/ST/AI/Lib\NetworkRuntime1020_CM7_GCC.a(layers_resize.o)
                              ../Middlewares/ST/AI/Lib\NetworkRuntime1020_CM7_GCC.a(layers_generic_float.o) (forward_resize_nearest_if32of32)
../Middlewares/ST/AI/Lib\NetworkRuntime1020_CM7_GCC.a(layers_stm32_integer.o)
                              ./X-CUBE-AI/App/waterlevel.o (forward_eltwise_integer_INT8)
../Middlewares/ST/AI/Lib\NetworkRuntime1020_CM7_GCC.a(layers_dw_ch1st_sssa8_ch.o)
                              ./X-CUBE-AI/App/waterlevel.o (forward_dw_3x3_ch1st_sssa8_ch)
../Middlewares/ST/AI/Lib\NetworkRuntime1020_CM7_GCC.a(layers_conv2d_integer_scratch.o)
                              ../Middlewares/ST/AI/Lib\NetworkRuntime1020_CM7_GCC.a(layers.o) (get_dense_scratch_size_s8)
../Middlewares/ST/AI/Lib\NetworkRuntime1020_CM7_GCC.a(forward_lite_argminmax.o)
                              ../Middlewares/ST/AI/Lib\NetworkRuntime1020_CM7_GCC.a(layers_generic_float.o) (forward_lite_argmax_if32)
../Middlewares/ST/AI/Lib\NetworkRuntime1020_CM7_GCC.a(forward_lite_conv2d_if32of32wf32.o)
                              ../Middlewares/ST/AI/Lib\NetworkRuntime1020_CM7_GCC.a(layers_conv2d_generic_float.o) (forward_lite_conv2d_if32of32wf32)
../Middlewares/ST/AI/Lib\NetworkRuntime1020_CM7_GCC.a(forward_lite_convert.o)
                              ../Middlewares/ST/AI/Lib\NetworkRuntime1020_CM7_GCC.a(core_convert.o) (forward_lite_node_convert_is1os8)
../Middlewares/ST/AI/Lib\NetworkRuntime1020_CM7_GCC.a(forward_lite_dense_is8os8ws8_ch.o)
                              ../Middlewares/ST/AI/Lib\NetworkRuntime1020_CM7_GCC.a(layers_conv2d_stm32_integer.o) (forward_lite_dense_is8os8ws8_ch)
../Middlewares/ST/AI/Lib\NetworkRuntime1020_CM7_GCC.a(forward_lite_dense_is8os8ws8.o)
                              ../Middlewares/ST/AI/Lib\NetworkRuntime1020_CM7_GCC.a(layers_conv2d_stm32_integer.o) (forward_lite_dense_is8os8ws8)
../Middlewares/ST/AI/Lib\NetworkRuntime1020_CM7_GCC.a(forward_lite_maxpool_is8os8_scalepos.o)
[...]
Memory Configuration

Name             Origin             Length             Attributes
FLASH            0x08000000         0x00200000         xr
DTCMRAM          0x20000000         0x00020000         xrw
RAM_D1           0x24000000         0x00080000         xrw
RAM_D2           0x30000000         0x00048000         xrw
RAM_D3           0x38000000         0x00010000         xrw
ITCMRAM          0x00000000         0x00010000         xrw
*default*        0x00000000         0xffffffff

Linker script and memory map

LOAD D:/ST/STM32CubeIDE_1.19.0/STM32CubeIDE/plugins/com.st.stm32cube.ide.mcu.externaltools.gnu-tools-for-stm32.13.3.rel1.win32_1.0.0.202411081344/tools/bin/../lib/gcc/arm-none-eabi/13.3.1/thumb/v7e-m+dp/hard/crti.o
LOAD D:/ST/STM32CubeIDE_1.19.0/STM32CubeIDE/plugins/com.st.stm32cube.ide.mcu.externaltools.gnu-tools-for-stm32.13.3.rel1.win32_1.0.0.202411081344/tools/bin/../lib/gcc/arm-none-eabi/13.3.1/thumb/v7e-m+dp/hard/crtbegin.o
LOAD D:/ST/STM32CubeIDE_1.19.0/STM32CubeIDE/plugins/com.st.stm32cube.ide.mcu.externaltools.gnu-tools-for-stm32.13.3.rel1.win32_1.0.0.202411081344/tools/bin/../lib/gcc/arm-none-eabi/13.3.1/../../../../arm-none-eabi/lib/thumb/v7e-m+dp/hard/crt0.o
LOAD ./Core/Src/as608.o
LOAD ./Core/Src/camera_app.o
LOAD ./Core/Src/dcmi.o
LOAD ./Core/Src/dma.o
LOAD ./Core/Src/gpio.o
LOAD ./Core/Src/i2c.o
LOAD ./Core/Src/jpeg_decode.o
LOAD ./Core/Src/jpeg_stream.o
LOAD ./Core/Src/main.o
LOAD ./Core/Src/oled_1.o
LOAD ./Core/Src/oled_status.o
LOAD ./Core/Src/oledfont.o
LOAD ./Core/Src/ov2640.o
LOAD ./Core/Src/ov2640_sccb.o
LOAD ./Core/Src/pump.o
LOAD ./Core/Src/stm32h7xx_hal_msp.o
LOAD ./Core/Src/stm32h7xx_it.o
LOAD ./Core/Src/sysmem.o
LOAD ./Core/Src/system_stm32h7xx.o
LOAD ./Core/Src/tjpgd.o
LOAD ./Core/Src/usart.o
LOAD ./Core/Src/voice_asr.o
LOAD ./Core/Startup/startup_stm32h743iitx.o
LOAD ./Drivers/STM32H7xx_HAL_Driver/Src/stm32h7xx_hal.o
LOAD ./Drivers/STM32H7xx_HAL_Driver/Src/stm32h7xx_hal_cortex.o
LOAD ./Drivers/STM32H7xx_HAL_Driver/Src/stm32h7xx_hal_dcmi.o
LOAD ./Drivers/STM32H7xx_HAL_Driver/Src/stm32h7xx_hal_dma.o
LOAD ./Drivers/STM32H7xx_HAL_Driver/Src/stm32h7xx_hal_dma_ex.o
LOAD ./Drivers/STM32H7xx_HAL_Driver/Src/stm32h7xx_hal_exti.o
LOAD ./Drivers/STM32H7xx_HAL_Driver/Src/stm32h7xx_hal_flash.o
LOAD ./Drivers/STM32H7xx_HAL_Driver/Src/stm32h7xx_hal_flash_ex.o
LOAD ./Drivers/STM32H7xx_HAL_Driver/Src/stm32h7xx_hal_gpio.o
LOAD ./Drivers/STM32H7xx_HAL_Driver/Src/stm32h7xx_hal_hsem.o
LOAD ./Drivers/STM32H7xx_HAL_Driver/Src/stm32h7xx_hal_i2c.o
LOAD ./Drivers/STM32H7xx_HAL_Driver/Src/stm32h7xx_hal_i2c_ex.o
LOAD ./Drivers/STM32H7xx_HAL_Driver/Src/stm32h7xx_hal_mdma.o
LOAD ./Drivers/STM32H7xx_HAL_Driver/Src/stm32h7xx_hal_pwr.o
LOAD ./Drivers/STM32H7xx_HAL_Driver/Src/stm32h7xx_hal_pwr_ex.o
LOAD ./Drivers/STM32H7xx_HAL_Driver/Src/stm32h7xx_hal_rcc.o
LOAD ./Drivers/STM32H7xx_HAL_Driver/Src/stm32h7xx_hal_rcc_ex.o
LOAD ./Drivers/STM32H7xx_HAL_Driver/Src/stm32h7xx_hal_tim.o
LOAD ./Drivers/STM32H7xx_HAL_Driver/Src/stm32h7xx_hal_tim_ex.o
LOAD ./Drivers/STM32H7xx_HAL_Driver/Src/stm32h7xx_hal_uart.o
LOAD ./Drivers/STM32H7xx_HAL_Driver/Src/stm32h7xx_hal_uart_ex.o
LOAD ./X-CUBE-AI/App/water_detect.o
LOAD ./X-CUBE-AI/App/water_detect_data.o
LOAD ./X-CUBE-AI/App/water_detect_data_params.o
LOAD ./X-CUBE-AI/App/waterlevel.o
LOAD ./X-CUBE-AI/App/waterlevel_data.o
LOAD ./X-CUBE-AI/App/waterlevel_data_params.o
LOAD ../Middlewares/ST/AI/Lib\NetworkRuntime1020_CM7_GCC.a
START GROUP
LOAD D:/ST/STM32CubeIDE_1.19.0/STM32CubeIDE/plugins/com.st.stm32cube.ide.mcu.externaltools.gnu-tools-for-stm32.13.3.rel1.win32_1.0.0.202411081344/tools/bin/../lib/gcc/arm-none-eabi/13.3.1/../../../../arm-none-eabi/lib/thumb/v7e-m+dp/hard\libc_nano.a
LOAD D:/ST/STM32CubeIDE_1.19.0/STM32CubeIDE/plugins/com.st.stm32cube.ide.mcu.externaltools.gnu-tools-for-stm32.13.3.rel1.win32_1.0.0.202411081344/tools/bin/../lib/gcc/arm-none-eabi/13.3.1/../../../../arm-none-eabi/lib/thumb/v7e-m+dp/hard\libm.a
END GROUP
START GROUP
LOAD D:/ST/STM32CubeIDE_1.19.0/STM32CubeIDE/plugins/com.st.stm32cube.ide.mcu.externaltools.gnu-tools-for-stm32.13.3.rel1.win32_1.0.0.202411081344/tools/bin/../lib/gcc/arm-none-eabi/13.3.1/thumb/v7e-m+dp/hard\libgcc.a
LOAD D:/ST/STM32CubeIDE_1.19.0/STM32CubeIDE/plugins/com.st.stm32cube.ide.mcu.externaltools.gnu-tools-for-stm32.13.3.rel1.win32_1.0.0.202411081344/tools/bin/../lib/gcc/arm-none-eabi/13.3.1/../../../../arm-none-eabi/lib/thumb/v7e-m+dp/hard\libc_nano.a
END GROUP
START GROUP
LOAD D:/ST/STM32CubeIDE_1.19.0/STM32CubeIDE/plugins/com.st.stm32cube.ide.mcu.externaltools.gnu-tools-for-stm32.13.3.rel1.win32_1.0.0.202411081344/tools/bin/../lib/gcc/arm-none-eabi/13.3.1/thumb/v7e-m+dp/hard\libgcc.a
LOAD D:/ST/STM32CubeIDE_1.19.0/STM32CubeIDE/plugins/com.st.stm32cube.ide.mcu.externaltools.gnu-tools-for-stm32.13.3.rel1.win32_1.0.0.202411081344/tools/bin/../lib/gcc/arm-none-eabi/13.3.1/../../../../arm-none-eabi/lib/thumb/v7e-m+dp/hard\libc_nano.a
LOAD D:/ST/STM32CubeIDE_1.19.0/STM32CubeIDE/plugins/com.st.stm32cube.ide.mcu.externaltools.gnu-tools-for-stm32.13.3.rel1.win32_1.0.0.202411081344/tools/bin/../lib/gcc/arm-none-eabi/13.3.1/../../../../arm-none-eabi/lib/thumb/v7e-m+dp/hard\libnosys.a
END GROUP
START GROUP
LOAD D:/ST/STM32CubeIDE_1.19.0/STM32CubeIDE/plugins/com.st.stm32cube.ide.mcu.externaltools.gnu-tools-for-stm32.13.3.rel1.win32_1.0.0.202411081344/tools/bin/../lib/gcc/arm-none-eabi/13.3.1/thumb/v7e-m+dp/hard\libgcc.a
LOAD D:/ST/STM32CubeIDE_1.19.0/STM32CubeIDE/plugins/com.st.stm32cube.ide.mcu.externaltools.gnu-tools-for-stm32.13.3.rel1.win32_1.0.0.202411081344/tools/bin/../lib/gcc/arm-none-eabi/13.3.1/../../../../arm-none-eabi/lib/thumb/v7e-m+dp/hard\libc_nano.a
LOAD D:/ST/STM32CubeIDE_1.19.0/STM32CubeIDE/plugins/com.st.stm32cube.ide.mcu.externaltools.gnu-tools-for-stm32.13.3.rel1.win32_1.0.0.202411081344/tools/bin/../lib/gcc/arm-none-eabi/13.3.1/../../../../arm-none-eabi/lib/thumb/v7e-m+dp/hard\libnosys.a
END GROUP
LOAD D:/ST/STM32CubeIDE_1.19.0/STM32CubeIDE/plugins/com.st.stm32cube.ide.mcu.externaltools.gnu-tools-for-stm32.13.3.rel1.win32_1.0.0.202411081344/tools/bin/../lib/gcc/arm-none-eabi/13.3.1/thumb/v7e-m+dp/hard/crtend.o
LOAD D:/ST/STM32CubeIDE_1.19.0/STM32CubeIDE/plugins/com.st.stm32cube.ide.mcu.externaltools.gnu-tools-for-stm32.13.3.rel1.win32_1.0.0.202411081344/tools/bin/../lib/gcc/arm-none-eabi/13.3.1/thumb/v7e-m+dp/hard/crtn.o
                0x24080000                        _estack = (ORIGIN (RAM_D1) + LENGTH (RAM_D1))
                0x00004000                        _Min_Heap_Size = 0x4000
                0x00002000                        _Min_Stack_Size = 0x2000

.isr_vector     0x08000000      0x298
                0x08000000                        . = ALIGN (0x4)
 *(.isr_vector)
 .isr_vector    0x08000000      0x298 ./Core/Startup/startup_stm32h743iitx.o
                0x08000000                g_pfnVectors
                0x08000298                        . = ALIGN (0x4)

.text           0x080002a0    0x1a29c
                0x080002a0                        . = ALIGN (0x4)
 *(.text)
 .text          0x080002a0       0x40 D:/ST/STM32CubeIDE_1.19.0/STM32CubeIDE/plugins/com.st.stm32cube.ide.mcu.externaltools.gnu-tools-for-stm32.13.3.rel1.win32_1.0.0.202411081344/tools/bin/../lib/gcc/arm-none-eabi/13.3.1/thumb/v7e-m+dp/hard/crtbegin.o
 .text          0x080002e0       0x10 D:/ST/STM32CubeIDE_1.19.0/STM32CubeIDE/plugins/com.st.stm32cube.ide.mcu.externaltools.gnu-tools-for-stm32.13.3.rel1.win32_1.0.0.202411081344/tools/bin/../lib/gcc/arm-none-eabi/13.3.1/../../../../arm-none-eabi/lib/thumb/v7e-m+dp/hard\libc_nano.a(libc_a-strlen.o)
                0x080002e0                strlen
 .text          0x080002f0       0xa0 D:/ST/STM32CubeIDE_1.19.0/STM32CubeIDE/plugins/com.st.stm32cube.ide.mcu.externaltools.gnu-tools-for-stm32.13.3.rel1.win32_1.0.0.202411081344/tools/bin/../lib/gcc/arm-none-eabi/13.3.1/../../../../arm-none-eabi/lib/thumb/v7e-m+dp/hard\libc_nano.a(libc_a-memchr.o)
                0x080002f0                memchr
 .text          0x08000390       0x30 D:/ST/STM32CubeIDE_1.19.0/STM32CubeIDE/plugins/com.st.stm32cube.ide.mcu.externaltools.gnu-tools-for-stm32.13.3.rel1.win32_1.0.0.202411081344/tools/bin/../lib/gcc/arm-none-eabi/13.3.1/thumb/v7e-m+dp/hard\libgcc.a(_aeabi_uldivmod.o)
                0x08000390                __aeabi_uldivmod
 .text          0x080003c0       0x28 D:/ST/STM32CubeIDE_1.19.0/STM32CubeIDE/plugins/com.st.stm32cube.ide.mcu.externaltools.gnu-tools-for-stm32.13.3.rel1.win32_1.0.0.202411081344/tools/bin/../lib/gcc/arm-none-eabi/13.3.1/thumb/v7e-m+dp/hard\libgcc.a(_fixsfdi.o)
                0x080003c0                __fixsfdi
                0x080003c0                __aeabi_f2lz
 .text          0x080003e8       0x40 D:/ST/STM32CubeIDE_1.19.0/STM32CubeIDE/plugins/com.st.stm32cube.ide.mcu.externaltools.gnu-tools-for-stm32.13.3.rel1.win32_1.0.0.202411081344/tools/bin/../lib/gcc/arm-none-eabi/13.3.1/thumb/v7e-m+dp/hard\libgcc.a(_fixunssfdi.o)
                0x080003e8                __fixunssfdi
                0x080003e8                __aeabi_f2ulz
 .text          0x08000428      0x2f8 D:/ST/STM32CubeIDE_1.19.0/STM32CubeIDE/plugins/com.st.stm32cube.ide.mcu.externaltools.gnu-tools-for-stm32.13.3.rel1.win32_1.0.0.202411081344/tools/bin/../lib/gcc/arm-none-eabi/13.3.1/thumb/v7e-m+dp/hard\libgcc.a(_udivmoddi4.o)
                0x08000428                __udivmoddi4
 .text          0x08000720        0x4 D:/ST/STM32CubeIDE_1.19.0/STM32CubeIDE/plugins/com.st.stm32cube.ide.mcu.externaltools.gnu-tools-for-stm32.13.3.rel1.win32_1.0.0.202411081344/tools/bin/../lib/gcc/arm-none-eabi/13.3.1/thumb/v7e-m+dp/hard\libgcc.a(_dvmd_tls.o)
                0x08000720                __aeabi_idiv0
                0x08000720                __aeabi_ldiv0
 *(.text*)
 .text.as608_receive_packet.constprop.0
                0x08000724      0x11c ./Core/Src/as608.o
 .text.as608_send_command.constprop.1
                0x08000840       0x88 ./Core/Src/as608.o
 .text.AS608_Init
                0x080008c8       0x24 ./Core/Src/as608.o
                0x080008c8                AS608_Init
 .text.AS608_AutoConnect
                0x080008ec      0x11c ./Core/Src/as608.o
                0x080008ec                AS608_AutoConnect
 .text.AS608_GetImage
                0x08000a08       0x44 ./Core/Src/as608.o
                0x08000a08                AS608_GetImage
 .text.AS608_GenChar
                0x08000a4c       0x98 ./Core/Src/as608.o
                0x08000a4c                AS608_GenChar
 .text.AS608_ReadSysPara
                0x08000ae4       0x74 ./Core/Src/as608.o
                0x08000ae4                AS608_ReadSysPara
 .text.AS608_ValidTemplateNum
                0x08000b58       0x54 ./Core/Src/as608.o
                0x08000b58                AS608_ValidTemplateNum
 .text.AS608_HighSpeedSearch
                0x08000bac       0xdc ./Core/Src/as608.o
                0x08000bac                AS608_HighSpeedSearch
 .text.camera_app_finger_log
                0x08000c88       0x40 ./Core/Src/camera_app.o
 .text.camera_app_oled_refresh_stub
                0x08000cc8       0xd4 ./Core/Src/camera_app.o
 .text.camera_app_pump_ctrl_apply_state
                0x08000d9c       0xd4 ./Core/Src/camera_app.o
 .text.camera_app_capture_jpeg_snapshot
                0x08000e70      0x120 ./Core/Src/camera_app.o
 .text.camera_app_finger_try_connect.isra.0
                0x08000f90       0xb4 ./Core/Src/camera_app.o
 .text.camera_app_pump_ctrl_report_session_to_esp32
                0x08001044       0xbc ./Core/Src/camera_app.o
 .text.camera_app_recover_camera
                0x08001100      0x280 ./Core/Src/camera_app.o
 .text.camera_app_pump_ctrl_start_manual_cold
                0x08001380       0x88 ./Core/Src/camera_app.o
 .text.camera_app_pump_ctrl_return_to_standby
                0x08001408       0xf4 ./Core/Src/camera_app.o
 .text.camera_app_pump_ctrl_fault_to_standby
                0x080014fc       0xf8 ./Core/Src/camera_app.o
 .text.camera_app_pump_ctrl_decode_fail
                0x080015f4       0x9c ./Core/Src/camera_app.o
 .text.HAL_UART_ErrorCallback
                0x08001690       0x28 ./Core/Src/camera_app.o
                0x08001690                HAL_UART_ErrorCallback
 .text.HAL_DCMI_FrameEventCallback
                0x080016b8        0xc ./Core/Src/camera_app.o
                0x080016b8                HAL_DCMI_FrameEventCallback
 .text.HAL_DCMI_ErrorCallback
                0x080016c4       0x14 ./Core/Src/camera_app.o
                0x080016c4                HAL_DCMI_ErrorCallback
 .text.CameraApp_Init
                0x080016d8      0x40c ./Core/Src/camera_app.o
                0x080016d8                CameraApp_Init
 .text.CameraApp_Run
                0x08001ae4     0x1014 ./Core/Src/camera_app.o
                0x08001ae4                CameraApp_Run
 .text.MX_DCMI_Init
                0x08002af8       0x3c ./Core/Src/dcmi.o
                0x08002af8                MX_DCMI_Init
 .text.HAL_DCMI_MspInit
                0x08002b34      0x1a4 ./Core/Src/dcmi.o
                0x08002b34                HAL_DCMI_MspInit
 .text.HAL_DCMI_MspDeInit
                0x08002cd8       0x70 ./Core/Src/dcmi.o
                0x08002cd8                HAL_DCMI_MspDeInit
 .text.MX_DMA_Init
                0x08002d48       0x38 ./Core/Src/dma.o
                0x08002d48                MX_DMA_Init
 .text.MX_GPIO_Init
                0x08002d80      0x1cc ./Core/Src/gpio.o
                0x08002d80                MX_GPIO_Init
 .text.MX_I2C4_Init
                0x08002f4c       0x6c ./Core/Src/i2c.o
                0x08002f4c                MX_I2C4_Init
 .text.HAL_I2C_MspInit
                0x08002fb8       0xa4 ./Core/Src/i2c.o
                0x08002fb8                HAL_I2C_MspInit
 .text.tjpgd_input
                0x0800305c       0x34 ./Core/Src/jpeg_decode.o
 .text.tjpgd_output
                0x08003090       0xd8 ./Core/Src/jpeg_decode.o
 .text.jpeg_to_ai_input
                0x08003168      0x468 ./Core/Src/jpeg_decode.o
                0x08003168                jpeg_to_ai_input
 .text.jpeg_decode_last_prepare_status
                0x080035d0        0xc ./Core/Src/jpeg_decode.o
                0x080035d0                jpeg_decode_last_prepare_status
 .text.jpeg_decode_last_decomp_status
                0x080035dc        0xc ./Core/Src/jpeg_decode.o
                0x080035dc                jpeg_decode_last_decomp_status
 .text.jpeg_decode_last_width
                0x080035e8        0xc ./Core/Src/jpeg_decode.o
                0x080035e8                jpeg_decode_last_width
 .text.jpeg_decode_last_height
                0x080035f4        0xc ./Core/Src/jpeg_decode.o
                0x080035f4                jpeg_decode_last_height
 .text.JPEG_Stream_Init
                0x08003600        0x4 ./Core/Src/jpeg_stream.o
                0x08003600                JPEG_Stream_Init
 .text.JPEG_Stream_GetBuf
                0x08003604        0x8 ./Core/Src/jpeg_stream.o
                0x08003604                JPEG_Stream_GetBuf
 .text.JPEG_Stream_GetMaxSize
                0x0800360c        0x8 ./Core/Src/jpeg_stream.o
                0x0800360c                JPEG_Stream_GetMaxSize
 .text.JPEG_Stream_FindFrame
                0x08003614       0x6c ./Core/Src/jpeg_stream.o
                0x08003614                JPEG_Stream_FindFrame
 .text.main_boot_stage.part.0
                0x08003680       0x30 ./Core/Src/main.o
 .text.main_uart_print.part.0
                0x080036b0       0x20 ./Core/Src/main.o
 .text.Error_Handler
                0x080036d0       0x74 ./Core/Src/main.o
                0x080036d0                Error_Handler
 .text.SystemClock_Config
                0x08003744       0xb4 ./Core/Src/main.o
                0x08003744                SystemClock_Config
 .text.startup.main
                0x080037f8      0x188 ./Core/Src/main.o
                0x080037f8                main
 .text.OLED_ShowChar.constprop.0
                0x08003980      0x324 ./Core/Src/oled_1.o
 .text.OLED_ShowChinese16x16.constprop.0
                0x08003ca4      0x44c ./Core/Src/oled_1.o
 .text.OLED_WR_REG
                0x080040f0       0x74 ./Core/Src/oled_1.o
                0x080040f0                OLED_WR_REG
 .text.OLED_Clear
                0x08004164      0x31c ./Core/Src/oled_1.o
                0x08004164                OLED_Clear
 .text.OLED_Init
                0x08004480      0xe1c ./Core/Src/oled_1.o
                0x08004480                OLED_Init
 .text.Disp_DrawStatic
                0x0800529c      0x8b8 ./Core/Src/oled_1.o
                0x0800529c                Disp_DrawStatic
 .text.Disp_DrawDynamic
                0x08005b54     0x12ec ./Core/Src/oled_1.o
                0x08005b54                Disp_DrawDynamic
 .text.Disp_DrinkerUI
                0x08006e40       0x40 ./Core/Src/oled_1.o
                0x08006e40                Disp_DrinkerUI
 .text.OLED_Status_Init
                0x08006e80       0x1c ./Core/Src/oled_status.o
                0x08006e80                OLED_Status_Init
 .text.OLED_Status_Show
                0x08006e9c       0xd4 ./Core/Src/oled_status.o
                0x08006e9c                OLED_Status_Show
 .text.ov2640_power_cycle_and_reset
                0x08006f70       0x8c ./Core/Src/ov2640.o
 .text.OV2640_ProbeID
                0x08006ffc       0x84 ./Core/Src/ov2640.o
                0x08006ffc                OV2640_ProbeID
 .text.OV2640_SetOutputFormatJPEG
                0x08007080       0x4c ./Core/Src/ov2640.o
                0x08007080                OV2640_SetOutputFormatJPEG
 .text.OV2640_SetOutputSize
                0x080070cc       0x6c ./Core/Src/ov2640.o
                0x080070cc                OV2640_SetOutputSize
 .text.OV2640_StartSnapshot
                0x08007138       0x44 ./Core/Src/ov2640.o
                0x08007138                OV2640_StartSnapshot
 .text.OV2640_AttachFrameBuffer
                0x0800717c       0x14 ./Core/Src/ov2640.o
                0x0800717c                OV2640_AttachFrameBuffer
 .text.OV2640_Probe
                0x08007190       0x68 ./Core/Src/ov2640.o
                0x08007190                OV2640_Probe
 .text.OV2640_Init
                0x080071f8      0x150 ./Core/Src/ov2640.o
                0x080071f8                OV2640_Init
 .text.sccb_write_byte
                0x08007348      0x1b4 ./Core/Src/ov2640_sccb.o
 .text.OV2640_SCCB_Init
                0x080074fc       0x90 ./Core/Src/ov2640_sccb.o
                0x080074fc                OV2640_SCCB_Init
 .text.OV2640_SCCB_WriteReg
                0x0800758c      0x244 ./Core/Src/ov2640_sccb.o
                0x0800758c                OV2640_SCCB_WriteReg
 .text.OV2640_SCCB_ReadReg
                0x080077d0      0x6d8 ./Core/Src/ov2640_sccb.o
                0x080077d0                OV2640_SCCB_ReadReg
 .text.Pump_Init
                0x08007ea8       0xdc ./Core/Src/pump.o
                0x08007ea8                Pump_Init
 .text.Pump_Stop
                0x08007f84       0x34 ./Core/Src/pump.o
                0x08007f84                Pump_Stop
 .text.Pump_ApplyCommand
                0x08007fb8       0xc8 ./Core/Src/pump.o
                0x08007fb8                Pump_ApplyCommand
 .text.Pump_GetLastDuty
                0x08008080        0xc ./Core/Src/pump.o
                0x08008080                Pump_GetLastDuty
 .text.Pump_GetPinLevel
                0x0800808c       0x10 ./Core/Src/pump.o
                0x0800808c                Pump_GetPinLevel
 .text.HAL_MspInit
                0x0800809c       0x24 ./Core/Src/stm32h7xx_hal_msp.o
                0x0800809c                HAL_MspInit
 .text.fault_dump_regs
                0x080080c0       0x40 ./Core/Src/stm32h7xx_it.o
 .text.NMI_Handler
                0x08008100        0x4 ./Core/Src/stm32h7xx_it.o
                0x08008100                NMI_Handler
 .text.HardFault_Handler
                0x08008104       0x3c ./Core/Src/stm32h7xx_it.o
                0x08008104                HardFault_Handler
 .text.MemManage_Handler
                0x08008140       0x3c ./Core/Src/stm32h7xx_it.o
                0x08008140                MemManage_Handler
 .text.BusFault_Handler
                0x0800817c       0x3c ./Core/Src/stm32h7xx_it.o
                0x0800817c                BusFault_Handler
 .text.UsageFault_Handler
                0x080081b8       0x3c ./Core/Src/stm32h7xx_it.o
                0x080081b8                UsageFault_Handler
 .text.SVC_Handler
                0x080081f4        0x4 ./Core/Src/stm32h7xx_it.o
                0x080081f4                SVC_Handler
 .text.DebugMon_Handler
                0x080081f8        0x4 ./Core/Src/stm32h7xx_it.o
                0x080081f8                DebugMon_Handler
 .text.PendSV_Handler
                0x080081fc        0x4 ./Core/Src/stm32h7xx_it.o
                0x080081fc                PendSV_Handler
 .text.SysTick_Handler
                0x08008200        0x4 ./Core/Src/stm32h7xx_it.o
                0x08008200                SysTick_Handler
 .text.DMA2_Stream3_IRQHandler
                0x08008204        0xc ./Core/Src/stm32h7xx_it.o
                0x08008204                DMA2_Stream3_IRQHandler
 .text.USART3_IRQHandler
                0x08008210        0xc ./Core/Src/stm32h7xx_it.o
                0x08008210                USART3_IRQHandler
 .text.DCMI_IRQHandler
                0x0800821c        0xc ./Core/Src/stm32h7xx_it.o
                0x0800821c                DCMI_IRQHandler
 .text._sbrk    0x08008228       0x48 ./Core/Src/sysmem.o
                0x08008228                _sbrk
 .text.SystemInit
                0x08008270       0xec ./Core/Src/system_stm32h7xx.o
                0x08008270                SystemInit
 .text.ExitRun0Mode
                0x0800835c       0x18 ./Core/Src/system_stm32h7xx.o
                0x0800835c                ExitRun0Mode
 .text.bitext   0x08008374       0xd4 ./Core/Src/tjpgd.o
 .text.jd_prepare
                0x08008448      0x61c ./Core/Src/tjpgd.o
                0x08008448                jd_prepare
 .text.jd_decomp
                0x08008a64      0xddc ./Core/Src/tjpgd.o
                0x08008a64                jd_decomp
 .text.MX_USART1_UART_Init
                0x08009840       0xb8 ./Core/Src/usart.o
                0x08009840                MX_USART1_UART_Init
 .text.MX_USART2_UART_Init
                0x080098f8       0x88 ./Core/Src/usart.o
                0x080098f8                MX_USART2_UART_Init
 .text.MX_USART3_UART_Init
                0x08009980       0x88 ./Core/Src/usart.o
                0x08009980                MX_USART3_UART_Init
 .text.HAL_UART_MspInit
                0x08009a08      0x1a8 ./Core/Src/usart.o
                0x08009a08                HAL_UART_MspInit
 .text.HAL_UART_MspDeInit
                0x08009bb0       0x74 ./Core/Src/usart.o
                0x08009bb0                HAL_UART_MspDeInit
 .text.Asr_Speak
                0x08009c24       0x40 ./Core/Src/voice_asr.o
                0x08009c24                Asr_Speak
 .text.Asr_Result
                0x08009c64       0x3c ./Core/Src/voice_asr.o
                0x08009c64                Asr_Result
 .text.Reset_Handler
                0x08009ca0       0x54 ./Core/Startup/startup_stm32h743iitx.o
                0x08009ca0                Reset_Handler
 .text.Default_Handler
                0x08009cf4        0x2 ./Core/Startup/startup_stm32h743iitx.o
                0x08009cf4                RTC_Alarm_IRQHandler
                0x08009cf4                EXTI2_IRQHandler
                0x08009cf4                TIM8_CC_IRQHandler
                0x08009cf4                HRTIM1_Master_IRQHandler
                0x08009cf4                UART8_IRQHandler
                0x08009cf4                SPI4_IRQHandler
                0x08009cf4                TIM1_CC_IRQHandler
                0x08009cf4                BDMA_Channel6_IRQHandler
                0x08009cf4                DMA2_Stream5_IRQHandler
                0x08009cf4                HRTIM1_FLT_IRQHandler
                0x08009cf4                JPEG_IRQHandler
                0x08009cf4                DMA1_Stream5_IRQHandler
                0x08009cf4                BDMA_Channel1_IRQHandler
                0x08009cf4                HRTIM1_TIMD_IRQHandler
                0x08009cf4                TAMP_STAMP_IRQHandler
                0x08009cf4                EXTI3_IRQHandler
                0x08009cf4                LPTIM4_IRQHandler
                0x08009cf4                TIM8_TRG_COM_TIM14_IRQHandler
                0x08009cf4                LPTIM2_IRQHandler
                0x08009cf4                DFSDM1_FLT1_IRQHandler
                0x08009cf4                DMAMUX2_OVR_IRQHandler
                0x08009cf4                TIM8_UP_TIM13_IRQHandler
                0x08009cf4                I2C3_ER_IRQHandler
                0x08009cf4                DFSDM1_FLT2_IRQHandler
                0x08009cf4                MDMA_IRQHandler
                0x08009cf4                LPTIM3_IRQHandler
                0x08009cf4                HSEM1_IRQHandler
                0x08009cf4                EXTI0_IRQHandler
                0x08009cf4                I2C2_EV_IRQHandler
                0x08009cf4                DMA1_Stream2_IRQHandler
                0x08009cf4                FPU_IRQHandler
                0x08009cf4                OTG_HS_WKUP_IRQHandler
                0x08009cf4                FDCAN1_IT1_IRQHandler
                0x08009cf4                LTDC_ER_IRQHandler
                0x08009cf4                DMA2_Stream2_IRQHandler
                0x08009cf4                HRTIM1_TIME_IRQHandler
                0x08009cf4                SPI1_IRQHandler
                0x08009cf4                TIM6_DAC_IRQHandler
                0x08009cf4                HRTIM1_TIMC_IRQHandler
                0x08009cf4                SAI2_IRQHandler
                0x08009cf4                DFSDM1_FLT3_IRQHandler
                0x08009cf4                USART6_IRQHandler
                0x08009cf4                TIM17_IRQHandler
                0x08009cf4                BDMA_Channel7_IRQHandler
                0x08009cf4                LPTIM5_IRQHandler
                0x08009cf4                UART5_IRQHandler
                0x08009cf4                ADC3_IRQHandler
                0x08009cf4                DMA2_Stream0_IRQHandler
                0x08009cf4                TIM4_IRQHandler
                0x08009cf4                BDMA_Channel2_IRQHandler
                0x08009cf4                QUADSPI_IRQHandler
                0x08009cf4                I2C1_EV_IRQHandler
                0x08009cf4                DMA1_Stream6_IRQHandler
                0x08009cf4                DMAMUX1_OVR_IRQHandler
                0x08009cf4                DMA1_Stream1_IRQHandler
                0x08009cf4                TIM16_IRQHandler
                0x08009cf4                UART4_IRQHandler
                0x08009cf4                BDMA_Channel5_IRQHandler
                0x08009cf4                TIM3_IRQHandler
                0x08009cf4                RCC_IRQHandler
                0x08009cf4                TIM8_BRK_TIM12_IRQHandler
                0x08009cf4                TIM1_TRG_COM_IRQHandler
                0x08009cf4                Default_Handler
                0x08009cf4                ECC_IRQHandler
                0x08009cf4                CEC_IRQHandler
                0x08009cf4                EXTI15_10_IRQHandler
                0x08009cf4                BDMA_Channel0_IRQHandler
                0x08009cf4                ADC_IRQHandler
                0x08009cf4                DMA1_Stream7_IRQHandler
                0x08009cf4                HRTIM1_TIMA_IRQHandler
                0x08009cf4                SPI5_IRQHandler
                0x08009cf4                TIM7_IRQHandler
                0x08009cf4                SDMMC1_IRQHandler
                0x08009cf4                TIM5_IRQHandler
                0x08009cf4                DMA2_Stream7_IRQHandler
                0x08009cf4                TIM15_IRQHandler
                0x08009cf4                PVD_AVD_IRQHandler
                0x08009cf4                I2C3_EV_IRQHandler
                0x08009cf4                EXTI9_5_IRQHandler
                0x08009cf4                RTC_WKUP_IRQHandler
                0x08009cf4                LTDC_IRQHandler
                0x08009cf4                SAI3_IRQHandler
                0x08009cf4                ETH_WKUP_IRQHandler
                0x08009cf4                SPDIF_RX_IRQHandler
                0x08009cf4                SPI2_IRQHandler
                0x08009cf4                OTG_HS_EP1_IN_IRQHandler
                0x08009cf4                DMA1_Stream0_IRQHandler
                0x08009cf4                CRS_IRQHandler
                0x08009cf4                EXTI4_IRQHandler
                0x08009cf4                RNG_IRQHandler
                0x08009cf4                HRTIM1_TIMB_IRQHandler
                0x08009cf4                FDCAN2_IT1_IRQHandler
                0x08009cf4                ETH_IRQHandler
                0x08009cf4                TIM1_UP_IRQHandler
                0x08009cf4                BDMA_Channel4_IRQHandler
                0x08009cf4                OTG_HS_EP1_OUT_IRQHandler
                0x08009cf4                WWDG_IRQHandler
                0x08009cf4                SPI6_IRQHandler
                0x08009cf4                MDIOS_IRQHandler
                0x08009cf4                I2C4_EV_IRQHandler
                0x08009cf4                FDCAN2_IT0_IRQHandler
                0x08009cf4                LPUART1_IRQHandler
                0x08009cf4                FDCAN1_IT0_IRQHandler
                0x08009cf4                TIM2_IRQHandler
                0x08009cf4                OTG_FS_WKUP_IRQHandler
                0x08009cf4                OTG_HS_IRQHandler
                0x08009cf4                DMA2D_IRQHandler
                0x08009cf4                TIM1_BRK_IRQHandler
                0x08009cf4                EXTI1_IRQHandler
                0x08009cf4                SDMMC2_IRQHandler
                0x08009cf4                OTG_FS_EP1_OUT_IRQHandler
                0x08009cf4                BDMA_Channel3_IRQHandler
                0x08009cf4                UART7_IRQHandler
                0x08009cf4                MDIOS_WKUP_IRQHandler
                0x08009cf4                USART2_IRQHandler
                0x08009cf4                DFSDM1_FLT0_IRQHandler
                0x08009cf4                SAI4_IRQHandler
                0x08009cf4                I2C2_ER_IRQHandler
                0x08009cf4                DMA2_Stream1_IRQHandler
                0x08009cf4                FLASH_IRQHandler
                0x08009cf4                DMA2_Stream4_IRQHandler
                0x08009cf4                USART1_IRQHandler
                0x08009cf4                OTG_FS_IRQHandler
                0x08009cf4                SPI3_IRQHandler
                0x08009cf4                WAKEUP_PIN_IRQHandler
                0x08009cf4                DMA1_Stream4_IRQHandler
                0x08009cf4                OTG_FS_EP1_IN_IRQHandler
                0x08009cf4                I2C1_ER_IRQHandler
                0x08009cf4                FMC_IRQHandler
                0x08009cf4                FDCAN_CAL_IRQHandler
                0x08009cf4                SWPMI1_IRQHandler
                0x08009cf4                COMP1_IRQHandler
                0x08009cf4                LPTIM1_IRQHandler
                0x08009cf4                I2C4_ER_IRQHandler
                0x08009cf4                DMA2_Stream6_IRQHandler
                0x08009cf4                SAI1_IRQHandler
                0x08009cf4                DMA1_Stream3_IRQHandler
 *fill*         0x08009cf6        0x2 
 .text.HAL_InitTick
                0x08009cf8       0x4c ./Drivers/STM32H7xx_HAL_Driver/Src/stm32h7xx_hal.o
                0x08009cf8                HAL_InitTick
 .text.HAL_Init
                0x08009d44       0x60 ./Drivers/STM32H7xx_HAL_Driver/Src/stm32h7xx_hal.o
                0x08009d44                HAL_Init
 .text.HAL_IncTick
                0x08009da4       0x18 ./Drivers/STM32H7xx_HAL_Driver/Src/stm32h7xx_hal.o
                0x08009da4                HAL_IncTick
 .text.HAL_GetTick
                0x08009dbc        0xc ./Drivers/STM32H7xx_HAL_Driver/Src/stm32h7xx_hal.o
                0x08009dbc                HAL_GetTick
 .text.HAL_Delay
                0x08009dc8       0x24 ./Drivers/STM32H7xx_HAL_Driver/Src/stm32h7xx_hal.o
                0x08009dc8                HAL_Delay
 .text.HAL_GetREVID
                0x08009dec        0xc ./Drivers/STM32H7xx_HAL_Driver/Src/stm32h7xx_hal.o
                0x08009dec                HAL_GetREVID
 .text.HAL_SYSCFG_AnalogSwitchConfig
                0x08009df8       0x14 ./Drivers/STM32H7xx_HAL_Driver/Src/stm32h7xx_hal.o
                0x08009df8                HAL_SYSCFG_AnalogSwitchConfig
 .text.HAL_NVIC_SetPriorityGrouping
                0x08009e0c       0x24 ./Drivers/STM32H7xx_HAL_Driver/Src/stm32h7xx_hal_cortex.o
                0x08009e0c                HAL_NVIC_SetPriorityGrouping
 .text.HAL_NVIC_SetPriority
                0x08009e30       0x78 ./Drivers/STM32H7xx_HAL_Driver/Src/stm32h7xx_hal_cortex.o
                0x08009e30                HAL_NVIC_SetPriority
 .text.HAL_NVIC_EnableIRQ
                0x08009ea8       0x1c ./Drivers/STM32H7xx_HAL_Driver/Src/stm32h7xx_hal_cortex.o
                0x08009ea8                HAL_NVIC_EnableIRQ
 .text.HAL_SYSTICK_Config
                0x08009ec4       0x2c ./Drivers/STM32H7xx_HAL_Driver/Src/stm32h7xx_hal_cortex.o
                0x08009ec4                HAL_SYSTICK_Config
 .text.HAL_MPU_Disable
                0x08009ef0       0x1c ./Drivers/STM32H7xx_HAL_Driver/Src/stm32h7xx_hal_cortex.o
                0x08009ef0                HAL_MPU_Disable
 .text.HAL_MPU_Enable
                0x08009f0c       0x20 ./Drivers/STM32H7xx_HAL_Driver/Src/stm32h7xx_hal_cortex.o
                0x08009f0c                HAL_MPU_Enable
 .text.HAL_MPU_ConfigRegion
                0x08009f2c       0x60 ./Drivers/STM32H7xx_HAL_Driver/Src/stm32h7xx_hal_cortex.o
                0x08009f2c                HAL_MPU_ConfigRegion
 .text.DCMI_DMAXferCplt
                0x08009f8c       0x88 ./Drivers/STM32H7xx_HAL_Driver/Src/stm32h7xx_hal_dcmi.o
 .text.HAL_DCMI_Init
                0x0800a014       0x9c ./Drivers/STM32H7xx_HAL_Driver/Src/stm32h7xx_hal_dcmi.o
                0x0800a014                HAL_DCMI_Init
 .text.HAL_DCMI_DeInit
                0x0800a0b0       0x18 ./Drivers/STM32H7xx_HAL_Driver/Src/stm32h7xx_hal_dcmi.o
                0x0800a0b0                HAL_DCMI_DeInit
 .text.HAL_DCMI_Start_DMA
                0x0800a0c8      0x100 ./Drivers/STM32H7xx_HAL_Driver/Src/stm32h7xx_hal_dcmi.o
                0x0800a0c8                HAL_DCMI_Start_DMA
 .text.HAL_DCMI_Stop
                0x0800a1c8       0x84 ./Drivers/STM32H7xx_HAL_Driver/Src/stm32h7xx_hal_dcmi.o
                0x0800a1c8                HAL_DCMI_Stop
 .text.DCMI_DMAError
                0x0800a24c       0x20 ./Drivers/STM32H7xx_HAL_Driver/Src/stm32h7xx_hal_dcmi.o
 .text.HAL_DCMI_LineEventCallback
                0x0800a26c        0x4 ./Drivers/STM32H7xx_HAL_Driver/Src/stm32h7xx_hal_dcmi.o
                0x0800a26c                HAL_DCMI_LineEventCallback
 .text.HAL_DCMI_VsyncEventCallback
                0x0800a270        0x4 ./Drivers/STM32H7xx_HAL_Driver/Src/stm32h7xx_hal_dcmi.o
                0x0800a270                HAL_DCMI_VsyncEventCallback
 .text.HAL_DCMI_IRQHandler
                0x0800a274       0x9c ./Drivers/STM32H7xx_HAL_Driver/Src/stm32h7xx_hal_dcmi.o
                0x0800a274                HAL_DCMI_IRQHandler
 .text.DMA_CalcBaseAndBitshift
                0x0800a310      0x100 ./Drivers/STM32H7xx_HAL_Driver/Src/stm32h7xx_hal_dma.o
 .text.DMA_CalcDMAMUXChannelBaseAndMask
                0x0800a410       0xd4 ./Drivers/STM32H7xx_HAL_Driver/Src/stm32h7xx_hal_dma.o
 .text.HAL_DMA_Init
                0x0800a4e4      0x520 ./Drivers/STM32H7xx_HAL_Driver/Src/stm32h7xx_hal_dma.o
                0x0800a4e4                HAL_DMA_Init
 .text.HAL_DMA_DeInit
                0x0800aa04      0x2dc ./Drivers/STM32H7xx_HAL_Driver/Src/stm32h7xx_hal_dma.o
                0x0800aa04                HAL_DMA_DeInit
 .text.HAL_DMA_Start_IT
                0x0800ace0      0x668 ./Drivers/STM32H7xx_HAL_Driver/Src/stm32h7xx_hal_dma.o
                0x0800ace0                HAL_DMA_Start_IT
 .text.HAL_DMA_Abort
                0x0800b348      0x36c ./Drivers/STM32H7xx_HAL_Driver/Src/stm32h7xx_hal_dma.o
                0x0800b348                HAL_DMA_Abort
 .text.HAL_DMA_Abort_IT
                0x0800b6b4      0x194 ./Drivers/STM32H7xx_HAL_Driver/Src/stm32h7xx_hal_dma.o
                0x0800b6b4                HAL_DMA_Abort_IT
 .text.HAL_DMA_IRQHandler
                0x0800b848      0x424 ./Drivers/STM32H7xx_HAL_Driver/Src/stm32h7xx_hal_dma.o
                0x0800b848                HAL_DMA_IRQHandler
 .text.DMA_MultiBufferSetConfig
                0x0800bc6c       0x1c ./Drivers/STM32H7xx_HAL_Driver/Src/stm32h7xx_hal_dma_ex.o
 .text.HAL_DMAEx_MultiBufferStart_IT
                0x0800bc88      0x2ec ./Drivers/STM32H7xx_HAL_Driver/Src/stm32h7xx_hal_dma_ex.o
                0x0800bc88                HAL_DMAEx_MultiBufferStart_IT
 .text.HAL_DMAEx_ChangeMemory
                0x0800bf74       0x1c ./Drivers/STM32H7xx_HAL_Driver/Src/stm32h7xx_hal_dma_ex.o
                0x0800bf74                HAL_DMAEx_ChangeMemory
 .text.HAL_GPIO_Init
                0x0800bf90      0x40c ./Drivers/STM32H7xx_HAL_Driver/Src/stm32h7xx_hal_gpio.o
                0x0800bf90                HAL_GPIO_Init
 .text.HAL_GPIO_DeInit
                0x0800c39c      0x260 ./Drivers/STM32H7xx_HAL_Driver/Src/stm32h7xx_hal_gpio.o
                0x0800c39c                HAL_GPIO_DeInit
 .text.HAL_GPIO_ReadPin
                0x0800c5fc        0xc ./Drivers/STM32H7xx_HAL_Driver/Src/stm32h7xx_hal_gpio.o
                0x0800c5fc                HAL_GPIO_ReadPin
 .text.HAL_GPIO_WritePin
                0x0800c608        0x8 ./Drivers/STM32H7xx_HAL_Driver/Src/stm32h7xx_hal_gpio.o
                0x0800c608                HAL_GPIO_WritePin
 .text.HAL_GPIO_TogglePin
                0x0800c610       0x14 ./Drivers/STM32H7xx_HAL_Driver/Src/stm32h7xx_hal_gpio.o
                0x0800c610                HAL_GPIO_TogglePin
 .text.I2C_WaitOnFlagUntilTimeout.constprop.0
                0x0800c624      0x140 ./Drivers/STM32H7xx_HAL_Driver/Src/stm32h7xx_hal_i2c.o
 .text.I2C_WaitOnTXISFlagUntilTimeout
                0x0800c764      0x16c ./Drivers/STM32H7xx_HAL_Driver/Src/stm32h7xx_hal_i2c.o
 .text.I2C_WaitOnFlagUntilTimeout
                0x0800c8d0      0x198 ./Drivers/STM32H7xx_HAL_Driver/Src/stm32h7xx_hal_i2c.o
 .text.I2C_WaitOnSTOPFlagUntilTimeout
                0x0800ca68      0x16c ./Drivers/STM32H7xx_HAL_Driver/Src/stm32h7xx_hal_i2c.o
 .text.HAL_I2C_Init
                0x0800cbd4       0xb4 ./Drivers/STM32H7xx_HAL_Driver/Src/stm32h7xx_hal_i2c.o
                0x0800cbd4                HAL_I2C_Init
 .text.HAL_I2C_Mem_Write
                0x0800cc88      0x1fc ./Drivers/STM32H7xx_HAL_Driver/Src/stm32h7xx_hal_i2c.o
                0x0800cc88                HAL_I2C_Mem_Write
 .text.HAL_I2C_Mem_Read
                0x0800ce84      0x200 ./Drivers/STM32H7xx_HAL_Driver/Src/stm32h7xx_hal_i2c.o
                0x0800ce84                HAL_I2C_Mem_Read
 .text.HAL_I2CEx_ConfigAnalogFilter
                0x0800d084       0x54 ./Drivers/STM32H7xx_HAL_Driver/Src/stm32h7xx_hal_i2c_ex.o
                0x0800d084                HAL_I2CEx_ConfigAnalogFilter
 .text.HAL_I2CEx_ConfigDigitalFilter
                0x0800d0d8       0x58 ./Drivers/STM32H7xx_HAL_Driver/Src/stm32h7xx_hal_i2c_ex.o
                0x0800d0d8                HAL_I2CEx_ConfigDigitalFilter
 .text.HAL_PWREx_ConfigSupply
                0x0800d130       0x48 ./Drivers/STM32H7xx_HAL_Driver/Src/stm32h7xx_hal_pwr_ex.o
                0x0800d130                HAL_PWREx_ConfigSupply
 .text.HAL_RCC_GetSysClockFreq.part.0
                0x0800d178       0xe4 ./Drivers/STM32H7xx_HAL_Driver/Src/stm32h7xx_hal_rcc.o
 .text.HAL_RCC_OscConfig
                0x0800d25c      0x5dc ./Drivers/STM32H7xx_HAL_Driver/Src/stm32h7xx_hal_rcc.o
                0x0800d25c                HAL_RCC_OscConfig
 .text.HAL_RCC_GetSysClockFreq
                0x0800d838      0x11c ./Drivers/STM32H7xx_HAL_Driver/Src/stm32h7xx_hal_rcc.o
                0x0800d838                HAL_RCC_GetSysClockFreq
 .text.HAL_RCC_ClockConfig
                0x0800d954      0x254 ./Drivers/STM32H7xx_HAL_Driver/Src/stm32h7xx_hal_rcc.o
                0x0800d954                HAL_RCC_ClockConfig
 .text.HAL_RCC_GetHCLKFreq
                0x0800dba8       0x80 ./Drivers/STM32H7xx_HAL_Driver/Src/stm32h7xx_hal_rcc.o
                0x0800dba8                HAL_RCC_GetHCLKFreq
 .text.HAL_RCC_GetPCLK1Freq
                0x0800dc28       0x90 ./Drivers/STM32H7xx_HAL_Driver/Src/stm32h7xx_hal_rcc.o
                0x0800dc28                HAL_RCC_GetPCLK1Freq
 .text.HAL_RCC_GetPCLK2Freq
                0x0800dcb8       0x90 ./Drivers/STM32H7xx_HAL_Driver/Src/stm32h7xx_hal_rcc.o
                0x0800dcb8                HAL_RCC_GetPCLK2Freq
 .text.RCCEx_PLL2_Config.part.0
                0x0800dd48       0xe0 ./Drivers/STM32H7xx_HAL_Driver/Src/stm32h7xx_hal_rcc_ex.o
 .text.RCCEx_PLL3_Config.part.0
                0x0800de28       0xe0 ./Drivers/STM32H7xx_HAL_Driver/Src/stm32h7xx_hal_rcc_ex.o
 .text.HAL_RCCEx_PeriphCLKConfig
                0x0800df08      0xe88 ./Drivers/STM32H7xx_HAL_Driver/Src/stm32h7xx_hal_rcc_ex.o
                0x0800df08                HAL_RCCEx_PeriphCLKConfig
 .text.HAL_RCCEx_GetD3PCLK1Freq
                0x0800ed90       0x24 ./Drivers/STM32H7xx_HAL_Driver/Src/stm32h7xx_hal_rcc_ex.o
                0x0800ed90                HAL_RCCEx_GetD3PCLK1Freq
 .text.HAL_RCCEx_GetPLL2ClockFreq
                0x0800edb4      0x134 ./Drivers/STM32H7xx_HAL_Driver/Src/stm32h7xx_hal_rcc_ex.o
                0x0800edb4                HAL_RCCEx_GetPLL2ClockFreq
 .text.HAL_RCCEx_GetPLL3ClockFreq
                0x0800eee8      0x134 ./Drivers/STM32H7xx_HAL_Driver/Src/stm32h7xx_hal_rcc_ex.o
                0x0800eee8                HAL_RCCEx_GetPLL3ClockFreq
 .text.HAL_UART_DeInit
                0x0800f01c       0x40 ./Drivers/STM32H7xx_HAL_Driver/Src/stm32h7xx_hal_uart.o
                0x0800f01c                HAL_UART_DeInit
 .text.HAL_UART_Transmit
                0x0800f05c      0x12c ./Drivers/STM32H7xx_HAL_Driver/Src/stm32h7xx_hal_uart.o
                0x0800f05c                HAL_UART_Transmit
 .text.HAL_UART_Receive
                0x0800f188      0x228 ./Drivers/STM32H7xx_HAL_Driver/Src/stm32h7xx_hal_uart.o
                0x0800f188                HAL_UART_Receive
 .text.HAL_UART_TxCpltCallback
                0x0800f3b0        0x4 ./Drivers/STM32H7xx_HAL_Driver/Src/stm32h7xx_hal_uart.o
                0x0800f3b0                HAL_UART_TxCpltCallback
 .text.UART_DMAAbortOnError
                0x0800f3b4       0x10 ./Drivers/STM32H7xx_HAL_Driver/Src/stm32h7xx_hal_uart.o
 .text.HAL_UARTEx_RxEventCallback
                0x0800f3c4        0x4 ./Drivers/STM32H7xx_HAL_Driver/Src/stm32h7xx_hal_uart.o
                0x0800f3c4                HAL_UARTEx_RxEventCallback
 .text.HAL_UART_IRQHandler
                0x0800f3c8      0x3a8 ./Drivers/STM32H7xx_HAL_Driver/Src/stm32h7xx_hal_uart.o
                0x0800f3c8                HAL_UART_IRQHandler
 .text.UART_SetConfig
                0x0800f770      0x37c ./Drivers/STM32H7xx_HAL_Driver/Src/stm32h7xx_hal_uart.o
                0x0800f770                UART_SetConfig
 .text.UART_AdvFeatureConfig
                0x0800faec       0xb0 ./Drivers/STM32H7xx_HAL_Driver/Src/stm32h7xx_hal_uart.o
                0x0800faec                UART_AdvFeatureConfig
 .text.UART_CheckIdleState
                0x0800fb9c      0x258 ./Drivers/STM32H7xx_HAL_Driver/Src/stm32h7xx_hal_uart.o
                0x0800fb9c                UART_CheckIdleState
 .text.HAL_UART_Init
                0x0800fdf4       0x68 ./Drivers/STM32H7xx_HAL_Driver/Src/stm32h7xx_hal_uart.o
                0x0800fdf4                HAL_UART_Init
 .text.HAL_UARTEx_WakeupCallback
                0x0800fe5c        0x4 ./Drivers/STM32H7xx_HAL_Driver/Src/stm32h7xx_hal_uart_ex.o
                0x0800fe5c                HAL_UARTEx_WakeupCallback
 .text.HAL_UARTEx_RxFifoFullCallback
                0x0800fe60        0x4 ./Drivers/STM32H7xx_HAL_Driver/Src/stm32h7xx_hal_uart_ex.o
                0x0800fe60                HAL_UARTEx_RxFifoFullCallback
 .text.HAL_UARTEx_TxFifoEmptyCallback
                0x0800fe64        0x4 ./Drivers/STM32H7xx_HAL_Driver/Src/stm32h7xx_hal_uart_ex.o
                0x0800fe64                HAL_UARTEx_TxFifoEmptyCallback
 .text.HAL_UARTEx_DisableFifoMode
                0x0800fe68       0x3c ./Drivers/STM32H7xx_HAL_Driver/Src/stm32h7xx_hal_uart_ex.o
                0x0800fe68                HAL_UARTEx_DisableFifoMode
 .text.HAL_UARTEx_SetTxFifoThreshold
                0x0800fea4       0x84 ./Drivers/STM32H7xx_HAL_Driver/Src/stm32h7xx_hal_uart_ex.o
                0x0800fea4                HAL_UARTEx_SetTxFifoThreshold
 .text.HAL_UARTEx_SetRxFifoThreshold
                0x0800ff28       0x84 ./Drivers/STM32H7xx_HAL_Driver/Src/stm32h7xx_hal_uart_ex.o
                0x0800ff28                HAL_UARTEx_SetRxFifoThreshold
 .text.waterlevel_configure_weights
                0x0800ffac      0x720 ./X-CUBE-AI/App/waterlevel.o
 .text.waterlevel_configure_activations
                0x080106cc      0x50c ./X-CUBE-AI/App/waterlevel.o
 .text.ai_waterlevel_create_and_init
                0x08010bd8       0xd8 ./X-CUBE-AI/App/waterlevel.o
                0x08010bd8                ai_waterlevel_create_and_init
 .text.ai_waterlevel_inputs_get
                0x08010cb0       0x1c ./X-CUBE-AI/App/waterlevel.o
                0x08010cb0                ai_waterlevel_inputs_get
 .text.ai_waterlevel_outputs_get
                0x08010ccc       0x1c ./X-CUBE-AI/App/waterlevel.o
                0x08010ccc                ai_waterlevel_outputs_get
 .text.ai_waterlevel_run
                0x08010ce8        0x4 ./X-CUBE-AI/App/waterlevel.o
                0x08010ce8                ai_waterlevel_run
 .text.ai_waterlevel_data_params_get
                0x08010cec       0x34 ./X-CUBE-AI/App/waterlevel_data.o
                0x08010cec                ai_waterlevel_data_params_get
 .text.ai_buffer_get_size
                0x08010d20       0x60 ../Middlewares/ST/AI/Lib\NetworkRuntime1020_CM7_GCC.a(ai_platform.o)
                0x08010d20                ai_buffer_get_size
 .text.ai_buffer_array_sane
                0x08010d80       0x14 ../Middlewares/ST/AI/Lib\NetworkRuntime1020_CM7_GCC.a(ai_platform.o)
                0x08010d80                ai_buffer_array_sane
 .text.ai_buffer_array_item_set_address
                0x08010d94       0x1c ../Middlewares/ST/AI/Lib\NetworkRuntime1020_CM7_GCC.a(ai_platform.o)
                0x08010d94                ai_buffer_array_item_set_address
 .text.ai_platform_get_weights_map
                0x08010db0       0xb0 ../Middlewares/ST/AI/Lib\NetworkRuntime1020_CM7_GCC.a(ai_platform_interface.o)
                0x08010db0                ai_platform_get_weights_map
 .text.ai_platform_get_activations_map
                0x08010e60       0xb4 ../Middlewares/ST/AI/Lib\NetworkRuntime1020_CM7_GCC.a(ai_platform_interface.o)
                0x08010e60                ai_platform_get_activations_map
 .text.ai_platform_bind_network_params
                0x08010f14       0x34 ../Middlewares/ST/AI/Lib\NetworkRuntime1020_CM7_GCC.a(ai_platform_interface.o)
                0x08010f14                ai_platform_bind_network_params
 .text.ai_platform_network_get_error
                0x08010f48       0x18 ../Middlewares/ST/AI/Lib\NetworkRuntime1020_CM7_GCC.a(ai_platform_interface.o)
                0x08010f48                ai_platform_network_get_error
 .text.ai_platform_network_set_error
                0x08010f60        0xc ../Middlewares/ST/AI/Lib\NetworkRuntime1020_CM7_GCC.a(ai_platform_interface.o)
                0x08010f60                ai_platform_network_set_error
 .text.ai_platform_inputs_get
                0x08010f6c       0xf4 ../Middlewares/ST/AI/Lib\NetworkRuntime1020_CM7_GCC.a(ai_platform_interface.o)
                0x08010f6c                ai_platform_inputs_get
 .text.ai_platform_outputs_get
                0x08011060       0xec ../Middlewares/ST/AI/Lib\NetworkRuntime1020_CM7_GCC.a(ai_platform_interface.o)
                0x08011060                ai_platform_outputs_get
 .text.ai_platform_network_create
                0x0801114c       0x84 ../Middlewares/ST/AI/Lib\NetworkRuntime1020_CM7_GCC.a(ai_platform_interface.o)
                0x0801114c                ai_platform_network_create
 .text.ai_platform_network_init
                0x080111d0      0x144 ../Middlewares/ST/AI/Lib\NetworkRuntime1020_CM7_GCC.a(ai_platform_interface.o)
                0x080111d0                ai_platform_network_init
 .text.ai_platform_network_post_init
                0x08011314       0x58 ../Middlewares/ST/AI/Lib\NetworkRuntime1020_CM7_GCC.a(ai_platform_interface.o)
                0x08011314                ai_platform_network_post_init
 .text.ai_platform_network_process
                0x0801136c      0x44c ../Middlewares/ST/AI/Lib\NetworkRuntime1020_CM7_GCC.a(ai_platform_interface.o)
                0x0801136c                ai_platform_network_process
 .text.core_init
                0x080117b8        0x4 ../Middlewares/ST/AI/Lib\NetworkRuntime1020_CM7_GCC.a(core_common.o)
                0x080117b8                core_init
 .text.core_get_error
                0x080117bc        0xc ../Middlewares/ST/AI/Lib\NetworkRuntime1020_CM7_GCC.a(core_common.o)
                0x080117bc                core_get_error
 .text.core_set_error
                0x080117c8       0x18 ../Middlewares/ST/AI/Lib\NetworkRuntime1020_CM7_GCC.a(core_common.o)
                0x080117c8                core_set_error
 .text.node_convert_integer
                0x080117e0      0x1b8 ../Middlewares/ST/AI/Lib\NetworkRuntime1020_CM7_GCC.a(core_convert.o)
                0x080117e0                node_convert_integer
 .text.ai_check_custom_types
                0x08011998       0x50 ../Middlewares/ST/AI/Lib\NetworkRuntime1020_CM7_GCC.a(layers.o)
                0x08011998                ai_check_custom_types
 .text.ai_layers_init_all
                0x080119e8       0x20 ../Middlewares/ST/AI/Lib\NetworkRuntime1020_CM7_GCC.a(layers.o)
                0x080119e8                ai_layers_init_all
 .text.ai_layers_post_init_all
                0x08011a08       0x30 ../Middlewares/ST/AI/Lib\NetworkRuntime1020_CM7_GCC.a(layers.o)
                0x08011a08                ai_layers_post_init_all
 .text.ai_layers_forward_all
                0x08011a38       0x90 ../Middlewares/ST/AI/Lib\NetworkRuntime1020_CM7_GCC.a(layers.o)
                0x08011a38                ai_layers_forward_all
 .text.forward_conv2d_sssa8_ch
                0x08011ac8      0x1c8 ../Middlewares/ST/AI/Lib\NetworkRuntime1020_CM7_GCC.a(layers_conv2d_sssa8_ch.o)
                0x08011ac8                forward_conv2d_sssa8_ch
 .text.forward_dense_integer_SSSA
                0x08011c90      0x1e8 ../Middlewares/ST/AI/Lib\NetworkRuntime1020_CM7_GCC.a(layers_conv2d_stm32_integer.o)
                0x08011c90                forward_dense_integer_SSSA
 .text.forward_dense_integer_SSSA_ch
                0x08011e78      0x1e4 ../Middlewares/ST/AI/Lib\NetworkRuntime1020_CM7_GCC.a(layers_conv2d_stm32_integer.o)
                0x08011e78                forward_dense_integer_SSSA_ch
 .text.forward_dw_sssa8_ch
                0x0801205c      0x1b4 ../Middlewares/ST/AI/Lib\NetworkRuntime1020_CM7_GCC.a(layers_dw_sssa8_ch.o)
                0x0801205c                forward_dw_sssa8_ch
 .text.forward_dw_3x3_sssa8_ch
                0x08012210      0x188 ../Middlewares/ST/AI/Lib\NetworkRuntime1020_CM7_GCC.a(layers_dw_sssa8_ch.o)
                0x08012210                forward_dw_3x3_sssa8_ch
 .text.forward_pad
                0x08012398       0x20 ../Middlewares/ST/AI/Lib\NetworkRuntime1020_CM7_GCC.a(layers_generic_float.o)
                0x08012398                forward_pad
 .text.forward_nl_integer
                0x080123b8       0xa0 ../Middlewares/ST/AI/Lib\NetworkRuntime1020_CM7_GCC.a(layers_nl_stm32_integer.o)
                0x080123b8                forward_nl_integer
 .text.forward_pad_8bit_ch1st_3x3_constant
                0x08012458       0x94 ../Middlewares/ST/AI/Lib\NetworkRuntime1020_CM7_GCC.a(layers_pad_generic.o)
                0x08012458                forward_pad_8bit_ch1st_3x3_constant
 .text.forward_pad_constant
                0x080124ec       0x8c ../Middlewares/ST/AI/Lib\NetworkRuntime1020_CM7_GCC.a(layers_pad_generic.o)
                0x080124ec                forward_pad_constant
 .text.forward_pad_edge
                0x08012578       0x80 ../Middlewares/ST/AI/Lib\NetworkRuntime1020_CM7_GCC.a(layers_pad_generic.o)
                0x08012578                forward_pad_edge
 .text.forward_pad_reflect
                0x080125f8       0xa0 ../Middlewares/ST/AI/Lib\NetworkRuntime1020_CM7_GCC.a(layers_pad_generic.o)
                0x080125f8                forward_pad_reflect
 .text.forward_ap_integer_INT8
                0x08012698      0x1bc ../Middlewares/ST/AI/Lib\NetworkRuntime1020_CM7_GCC.a(layers_pool_stm32_integer.o)
                0x08012698                forward_ap_integer_INT8
 .text.forward_pw_sssa8_ch
                0x08012854      0x17c ../Middlewares/ST/AI/Lib\NetworkRuntime1020_CM7_GCC.a(layers_pw_sssa8_ch.o)
                0x08012854                forward_pw_sssa8_ch
 .text.forward_eltwise_integer_INT8
                0x080129d0      0x3b4 ../Middlewares/ST/AI/Lib\NetworkRuntime1020_CM7_GCC.a(layers_stm32_integer.o)
                0x080129d0                forward_eltwise_integer_INT8
 .text.forward_dw_3x3_ch1st_sssa8_ch
                0x08012d84      0x188 ../Middlewares/ST/AI/Lib\NetworkRuntime1020_CM7_GCC.a(layers_dw_ch1st_sssa8_ch.o)
                0x08012d84                forward_dw_3x3_ch1st_sssa8_ch
 .text.forward_lite_node_convert_integer_is8os8
                0x08012f0c       0x10 ../Middlewares/ST/AI/Lib\NetworkRuntime1020_CM7_GCC.a(forward_lite_convert.o)
                0x08012f0c                forward_lite_node_convert_integer_is8os8
 .text.forward_lite_node_convert_integer_iu8ou8
                0x08012f1c       0x10 ../Middlewares/ST/AI/Lib\NetworkRuntime1020_CM7_GCC.a(forward_lite_convert.o)
                0x08012f1c                forward_lite_node_convert_integer_iu8ou8
 .text.forward_lite_node_convert_integer_iu8os8
                0x08012f2c       0x10 ../Middlewares/ST/AI/Lib\NetworkRuntime1020_CM7_GCC.a(forward_lite_convert.o)
                0x08012f2c                forward_lite_node_convert_integer_iu8os8
 .text.forward_lite_node_convert_integer_iu8os8_fast
                0x08012f3c        0x4 ../Middlewares/ST/AI/Lib\NetworkRuntime1020_CM7_GCC.a(forward_lite_convert.o)
                0x08012f3c                forward_lite_node_convert_integer_iu8os8_fast
 .text.forward_lite_node_convert_integer_is8ou8
                0x08012f40       0x10 ../Middlewares/ST/AI/Lib\NetworkRuntime1020_CM7_GCC.a(forward_lite_convert.o)
                0x08012f40                forward_lite_node_convert_integer_is8ou8
 .text.forward_lite_node_convert_integer_is8ou8_fast
                0x08012f50        0x4 ../Middlewares/ST/AI/Lib\NetworkRuntime1020_CM7_GCC.a(forward_lite_convert.o)
                0x08012f50                forward_lite_node_convert_integer_is8ou8_fast
 .text.forward_lite_dense_is8os8ws8_ch
                0x08012f54       0x7c ../Middlewares/ST/AI/Lib\NetworkRuntime1020_CM7_GCC.a(forward_lite_dense_is8os8ws8_ch.o)
                0x08012f54                forward_lite_dense_is8os8ws8_ch
 .text.forward_lite_dense_is8os8ws8
                0x08012fd0       0x84 ../Middlewares/ST/AI/Lib\NetworkRuntime1020_CM7_GCC.a(forward_lite_dense_is8os8ws8.o)
                0x08012fd0                forward_lite_dense_is8os8ws8
 .text.forward_lite_avepool_is8os8
                0x08013054       0x4c ../Middlewares/ST/AI/Lib\NetworkRuntime1020_CM7_GCC.a(forward_lite_avepool_is8os8.o)
                0x08013054                forward_lite_avepool_is8os8
 .text.st_dw_sssa8_ch_Wadapt_3x3_ch1st
                0x080130a0       0x7c ../Middlewares/ST/AI/Lib\NetworkRuntime1020_CM7_GCC.a(forward_lite_dw_sssa8_ch.o)
                0x080130a0                st_dw_sssa8_ch_Wadapt_3x3_ch1st
 .text.forward_lite_dw_3x3_ch1st_sssa8_ch
                0x0801311c      0x150 ../Middlewares/ST/AI/Lib\NetworkRuntime1020_CM7_GCC.a(forward_lite_dw_sssa8_ch.o)
                0x0801311c                forward_lite_dw_3x3_ch1st_sssa8_ch
 .text.st_dw_sssa8_ch_Wadapt
                0x0801326c      0x164 ../Middlewares/ST/AI/Lib\NetworkRuntime1020_CM7_GCC.a(forward_lite_dw_sssa8_ch.o)
                0x0801326c                st_dw_sssa8_ch_Wadapt
 .text.forward_lite_dw_3x3_sssa8_ch
                0x080133d0      0xad0 ../Middlewares/ST/AI/Lib\NetworkRuntime1020_CM7_GCC.a(forward_lite_dw_sssa8_ch.o)
                0x080133d0                forward_lite_dw_3x3_sssa8_ch
 .text.forward_lite_dw_sssa8_ch
                0x08013ea0      0x804 ../Middlewares/ST/AI/Lib\NetworkRuntime1020_CM7_GCC.a(forward_lite_dw_sssa8_ch.o)
                0x08013ea0                forward_lite_dw_sssa8_ch
 .text.forward_lite_pw_sssa8_ch
                0x080146a4      0x428 ../Middlewares/ST/AI/Lib\NetworkRuntime1020_CM7_GCC.a(forward_lite_pw_sssa8_ch.o)
                0x080146a4                forward_lite_pw_sssa8_ch
 .text.forward_lite_conv2d_sssa8_ch
                0x08014acc      0xa00 ../Middlewares/ST/AI/Lib\NetworkRuntime1020_CM7_GCC.a(forward_lite_conv2d_sssa8_ch.o)
                0x08014acc                forward_lite_conv2d_sssa8_ch
 .text.lite_convert_is8os8
                0x080154cc       0x80 ../Middlewares/ST/AI/Lib\NetworkRuntime1020_CM7_GCC.a(lite_convert_kernel.o)
                0x080154cc                lite_convert_is8os8
 .text.lite_convert_iu8ou8
                0x0801554c       0x54 ../Middlewares/ST/AI/Lib\NetworkRuntime1020_CM7_GCC.a(lite_convert_kernel.o)
                0x0801554c                lite_convert_iu8ou8
 .text.lite_convert_iu8os8
                0x080155a0       0x80 ../Middlewares/ST/AI/Lib\NetworkRuntime1020_CM7_GCC.a(lite_convert_kernel.o)
                0x080155a0                lite_convert_iu8os8
 .text.lite_convert_iu8os8_fast
                0x08015620       0x70 ../Middlewares/ST/AI/Lib\NetworkRuntime1020_CM7_GCC.a(lite_convert_kernel.o)
                0x08015620                lite_convert_iu8os8_fast
 .text.lite_convert_is8ou8
                0x08015690       0x54 ../Middlewares/ST/AI/Lib\NetworkRuntime1020_CM7_GCC.a(lite_convert_kernel.o)
                0x08015690                lite_convert_is8ou8
 .text.lite_convert_is8ou8_fast
                0x080156e4       0x68 ../Middlewares/ST/AI/Lib\NetworkRuntime1020_CM7_GCC.a(lite_convert_kernel.o)
                0x080156e4                lite_convert_is8ou8_fast
 .text.forward_lite_pad_8bit_ch1st_3x3_constant_P0022
                0x0801574c       0x60 ../Middlewares/ST/AI/Lib\NetworkRuntime1020_CM7_GCC.a(forward_lite_pad_generic.o)
                0x0801574c                forward_lite_pad_8bit_ch1st_3x3_constant_P0022
 .text.forward_lite_pad_8bit_ch1st_3x3_constant_P1111
                0x080157ac      0x190 ../Middlewares/ST/AI/Lib\NetworkRuntime1020_CM7_GCC.a(forward_lite_pad_generic.o)
                0x080157ac                forward_lite_pad_8bit_ch1st_3x3_constant_P1111
 .text.forward_lite_pad_constant
                0x0801593c      0x138 ../Middlewares/ST/AI/Lib\NetworkRuntime1020_CM7_GCC.a(forward_lite_pad_generic.o)
                0x0801593c                forward_lite_pad_constant
 .text.forward_lite_pad_edge
                0x08015a74       0xe0 ../Middlewares/ST/AI/Lib\NetworkRuntime1020_CM7_GCC.a(forward_lite_pad_generic.o)
                0x08015a74                forward_lite_pad_edge
 .text.forward_lite_pad_reflect
                0x08015b54      0x14c ../Middlewares/ST/AI/Lib\NetworkRuntime1020_CM7_GCC.a(forward_lite_pad_generic.o)
                0x08015b54                forward_lite_pad_reflect
 .text.align_factor
                0x08015ca0       0xa4 ../Middlewares/ST/AI/Lib\NetworkRuntime1020_CM7_GCC.a(st_align_factor.o)
                0x08015ca0                align_factor
 .text.align_factor_ch
                0x08015d44       0x60 ../Middlewares/ST/AI/Lib\NetworkRuntime1020_CM7_GCC.a(st_align_factor.o)
                0x08015d44                align_factor_ch
 .text.st_int8_to16_no_shift
                0x08015da4       0xc4 ../Middlewares/ST/AI/Lib\NetworkRuntime1020_CM7_GCC.a(st_int8_to16_no_shift.o)
                0x08015da4                st_int8_to16_no_shift
 .text.st_int8_to16_no_shift_interleaved
                0x08015e68       0x88 ../Middlewares/ST/AI/Lib\NetworkRuntime1020_CM7_GCC.a(st_int8_to16_no_shift.o)
                0x08015e68                st_int8_to16_no_shift_interleaved
 .text.st_int8_to16_dual
                0x08015ef0      0x1d4 ../Middlewares/ST/AI/Lib\NetworkRuntime1020_CM7_GCC.a(st_int8_to16_no_shift.o)
                0x08015ef0                st_int8_to16_dual
 .text.st_int8_to16_dual_interleaved
                0x080160c4      0x178 ../Middlewares/ST/AI/Lib\NetworkRuntime1020_CM7_GCC.a(st_int8_to16_no_shift.o)
                0x080160c4                st_int8_to16_dual_interleaved
 .text.ai_padding_opt_init
                0x0801623c       0xb4 ../Middlewares/ST/AI/Lib\NetworkRuntime1020_CM7_GCC.a(st_padding_opt.o)
                0x0801623c                ai_padding_opt_init
 .text.ai_padding_opt_phase1
                0x080162f0       0x34 ../Middlewares/ST/AI/Lib\NetworkRuntime1020_CM7_GCC.a(st_padding_opt.o)
                0x080162f0                ai_padding_opt_phase1
 .text.st_int8_avepool
                0x08016324      0x208 ../Middlewares/ST/AI/Lib\NetworkRuntime1020_CM7_GCC.a(st_int8_pool.o)
                0x08016324                st_int8_avepool
 .text.st_int16_fill
                0x0801652c       0x3c ../Middlewares/ST/AI/Lib\NetworkRuntime1020_CM7_GCC.a(st_int16_fill.o)
                0x0801652c                st_int16_fill
 .text.st_sssa8_ch_convolve_rank1upd
                0x08016568      0x128 ../Middlewares/ST/AI/Lib\NetworkRuntime1020_CM7_GCC.a(st_sssa8_ch_convolve.o)
                0x08016568                st_sssa8_ch_convolve_rank1upd
 .text.st_sssa8_ch_fully_connected
                0x08016690      0x518 ../Middlewares/ST/AI/Lib\NetworkRuntime1020_CM7_GCC.a(st_sssa8_ch_dense.o)
                0x08016690                st_sssa8_ch_fully_connected
 .text.st_sssa8_fully_connected
                0x08016ba8      0x36c ../Middlewares/ST/AI/Lib\NetworkRuntime1020_CM7_GCC.a(st_sssa8_dense.o)
                0x08016ba8                st_sssa8_fully_connected
 .text.st_int8_copy
                0x08016f14      0x150 ../Middlewares/ST/AI/Lib\NetworkRuntime1020_CM7_GCC.a(st_int8_fill.o)
                0x08016f14                st_int8_copy
 .text.st_int8_fill
                0x08017064       0x80 ../Middlewares/ST/AI/Lib\NetworkRuntime1020_CM7_GCC.a(st_int8_fill.o)
                0x08017064                st_int8_fill
 .text.st_int8_reordered_no_shift_zero
                0x080170e4       0x6c ../Middlewares/ST/AI/Lib\NetworkRuntime1020_CM7_GCC.a(st_int8_reordered_no_shift.o)
                0x080170e4                st_int8_reordered_no_shift_zero
 .text.st_sssa8_ch_nn_mat_mult_kernel_single_opt
                0x08017150      0x350 ../Middlewares/ST/AI/Lib\NetworkRuntime1020_CM7_GCC.a(st_sssa8_ch_nn_mat_mult_kernel_single_opt.o)
                0x08017150                st_sssa8_ch_nn_mat_mult_kernel_single_opt
 .text.weights_2channels_prefetch
                0x080174a0      0x1f0 ../Middlewares/ST/AI/Lib\NetworkRuntime1020_CM7_GCC.a(st_sssa8_ch_nn_mat_mult_nt_t.o)
                0x080174a0                weights_2channels_prefetch
 .text.st_sssa8_ch_fullW_prefetch
                0x08017690       0x78 ../Middlewares/ST/AI/Lib\NetworkRuntime1020_CM7_GCC.a(st_sssa8_ch_nn_mat_mult_nt_t.o)
                0x08017690                st_sssa8_ch_fullW_prefetch
 *fill*         0x08017708        0x8 
 .text.st_sssa8_ch_convolve_dw_3x3_ch1st
                0x08017710      0x258 ../Middlewares/ST/AI/Lib\NetworkRuntime1020_CM7_GCC.a(st_sssa8_ch_convolve_dw_3x3_ch1st.o)
                0x08017710                st_sssa8_ch_convolve_dw_3x3_ch1st
 *fill*         0x08017968        0x8 
 .text.st_sssa8_ch_convolve_dw_3x3_ch1st_stride2
                0x08017970      0x160 ../Middlewares/ST/AI/Lib\NetworkRuntime1020_CM7_GCC.a(st_sssa8_ch_convolve_dw_3x3_ch1st.o)
                0x08017970                st_sssa8_ch_convolve_dw_3x3_ch1st_stride2
 .text.st_sssa8_ch_convolve_dw_3x3_KWS_ch1st
                0x08017ad0      0x208 ../Middlewares/ST/AI/Lib\NetworkRuntime1020_CM7_GCC.a(st_sssa8_ch_convolve_dw_3x3_ch1st.o)
                0x08017ad0                st_sssa8_ch_convolve_dw_3x3_KWS_ch1st
 *fill*         0x08017cd8        0x8 
 .text.st_sssa8_dense_memopt_loop
                0x08017ce0      0x794 ../Middlewares/ST/AI/Lib\NetworkRuntime1020_CM7_GCC.a(st_sssa8_dense_loop.o)
                0x08017ce0                st_sssa8_dense_loop
                0x08018090                st_sssa8_dense_memopt_loop
 .text.st_sssa8_ch_nn_mat_mult_kernel_opt
                0x08018474      0x33c ../Middlewares/ST/AI/Lib\NetworkRuntime1020_CM7_GCC.a(st_sssa8_ch_nn_mat_mult_kernel_opt.o)
                0x08018474                st_sssa8_ch_nn_mat_mult_kernel_opt
 .text.st_sssa8_ch_nn_mat_mult_pw_nt_t
                0x080187b0      0x760 ../Middlewares/ST/AI/Lib\NetworkRuntime1020_CM7_GCC.a(st_sssa8_ch_nn_mat_mult_pw_nt_t.o)
                0x080187b0                st_sssa8_ch_nn_mat_mult_pw_nt_t
 .text.st_sssa8_ch_nn_mat_mult_pw_nt_t_KWS
                0x08018f10      0x350 ../Middlewares/ST/AI/Lib\NetworkRuntime1020_CM7_GCC.a(st_sssa8_ch_nn_mat_mult_pw_nt_t.o)
                0x08018f10                st_sssa8_ch_nn_mat_mult_pw_nt_t_KWS
 .text.ai_sum_f32
                0x08019260       0x14 ../Middlewares/ST/AI/Lib\NetworkRuntime1020_CM7_GCC.a(ai_math_helpers.o)
                0x08019260                ai_sum_f32
 .text.ai_sum_buffer_INT8
                0x08019274      0x2d0 ../Middlewares/ST/AI/Lib\NetworkRuntime1020_CM7_GCC.a(ai_math_helpers.o)
                0x08019274                ai_sum_buffer_INT8
 .text.ai_array_to_buffer_fmt
                0x08019544       0xe0 ../Middlewares/ST/AI/Lib\NetworkRuntime1020_CM7_GCC.a(ai_datatypes_format.o)
                0x08019544                ai_array_to_buffer_fmt
 .text.ai_array_get_byte_size
                0x08019624       0x44 ../Middlewares/ST/AI/Lib\NetworkRuntime1020_CM7_GCC.a(ai_datatypes_format.o)
                0x08019624                ai_array_get_byte_size
 .text.ai_array_get_data_byte_size
                0x08019668       0x20 ../Middlewares/ST/AI/Lib\NetworkRuntime1020_CM7_GCC.a(ai_datatypes_format.o)
                0x08019668                ai_array_get_data_byte_size
 .text.ai_version_get
                0x08019688        0xc ../Middlewares/ST/AI/Lib\NetworkRuntime1020_CM7_GCC.a(ai_datatypes_internal.o)
                0x08019688                ai_version_get
 .text.get_tensor_byte_size
                0x08019694       0x2c ../Middlewares/ST/AI/Lib\NetworkRuntime1020_CM7_GCC.a(ai_datatypes_internal.o)
                0x08019694                get_tensor_byte_size
 .text.core_get_broadcasted_shape
                0x080196c0       0x50 ../Middlewares/ST/AI/Lib\NetworkRuntime1020_CM7_GCC.a(core_utils.o)
                0x080196c0                core_get_broadcasted_shape
 .text.core_compute_offsets
                0x08019710      0x11c ../Middlewares/ST/AI/Lib\NetworkRuntime1020_CM7_GCC.a(core_utils.o)
                0x08019710                core_compute_offsets
 .text.ai_math_elementwise_sum_int8
                0x0801982c      0x1d8 ../Middlewares/ST/AI/Lib\NetworkRuntime1020_CM7_GCC.a(ai_math_elementwise_sum_int8.o)
                0x0801982c                ai_math_elementwise_sum_int8
 .text.sbrk_aligned
                0x08019a04       0x44 D:/ST/STM32CubeIDE_1.19.0/STM32CubeIDE/plugins/com.st.stm32cube.ide.mcu.externaltools.gnu-tools-for-stm32.13.3.rel1.win32_1.0.0.202411081344/tools/bin/../lib/gcc/arm-none-eabi/13.3.1/../../../../arm-none-eabi/lib/thumb/v7e-m+dp/hard\libc_nano.a(libc_a-mallocr.o)
 .text._malloc_r
                0x08019a48      0x100 D:/ST/STM32CubeIDE_1.19.0/STM32CubeIDE/plugins/com.st.stm32cube.ide.mcu.externaltools.gnu-tools-for-stm32.13.3.rel1.win32_1.0.0.202411081344/tools/bin/../lib/gcc/arm-none-eabi/13.3.1/../../../../arm-none-eabi/lib/thumb/v7e-m+dp/hard\libc_nano.a(libc_a-mallocr.o)
                0x08019a48                _malloc_r
 .text.__malloc_lock
                0x08019b48        0xc D:/ST/STM32CubeIDE_1.19.0/STM32CubeIDE/plugins/com.st.stm32cube.ide.mcu.externaltools.gnu-tools-for-stm32.13.3.rel1.win32_1.0.0.202411081344/tools/bin/../lib/gcc/arm-none-eabi/13.3.1/../../../../arm-none-eabi/lib/thumb/v7e-m+dp/hard\libc_nano.a(libc_a-mlock.o)
                0x08019b48                __malloc_lock
 .text.__malloc_unlock
                0x08019b54        0xc D:/ST/STM32CubeIDE_1.19.0/STM32CubeIDE/plugins/com.st.stm32cube.ide.mcu.externaltools.gnu-tools-for-stm32.13.3.rel1.win32_1.0.0.202411081344/tools/bin/../lib/gcc/arm-none-eabi/13.3.1/../../../../arm-none-eabi/lib/thumb/v7e-m+dp/hard\libc_nano.a(libc_a-mlock.o)
                0x08019b54                __malloc_unlock
 .text._realloc_r
                0x08019b60       0x5c D:/ST/STM32CubeIDE_1.19.0/STM32CubeIDE/plugins/com.st.stm32cube.ide.mcu.externaltools.gnu-tools-for-stm32.13.3.rel1.win32_1.0.0.202411081344/tools/bin/../lib/gcc/arm-none-eabi/13.3.1/../../../../arm-none-eabi/lib/thumb/v7e-m+dp/hard\libc_nano.a(libc_a-reallocr.o)
                0x08019b60                _realloc_r
 .text.snprintf
                0x08019bbc       0x6c D:/ST/STM32CubeIDE_1.19.0/STM32CubeIDE/plugins/com.st.stm32cube.ide.mcu.externaltools.gnu-tools-for-stm32.13.3.rel1.win32_1.0.0.202411081344/tools/bin/../lib/gcc/arm-none-eabi/13.3.1/../../../../arm-none-eabi/lib/thumb/v7e-m+dp/hard\libc_nano.a(libc_a-snprintf.o)
                0x08019bbc                sniprintf
                0x08019bbc                snprintf
 .text._vsnprintf_r
                0x08019c28       0x5c D:/ST/STM32CubeIDE_1.19.0/STM32CubeIDE/plugins/com.st.stm32cube.ide.mcu.externaltools.gnu-tools-for-stm32.13.3.rel1.win32_1.0.0.202411081344/tools/bin/../lib/gcc/arm-none-eabi/13.3.1/../../../../arm-none-eabi/lib/thumb/v7e-m+dp/hard\libc_nano.a(libc_a-vsnprintf.o)
                0x08019c28                _vsniprintf_r
                0x08019c28                _vsnprintf_r
 .text.vsnprintf
                0x08019c84       0x1c D:/ST/STM32CubeIDE_1.19.0/STM32CubeIDE/plugins/com.st.stm32cube.ide.mcu.externaltools.gnu-tools-for-stm32.13.3.rel1.win32_1.0.0.202411081344/tools/bin/../lib/gcc/arm-none-eabi/13.3.1/../../../../arm-none-eabi/lib/thumb/v7e-m+dp/hard\libc_nano.a(libc_a-vsnprintf.o)
                0x08019c84                vsniprintf
                0x08019c84                vsnprintf
 .text.memmove  0x08019ca0       0x34 D:/ST/STM32CubeIDE_1.19.0/STM32CubeIDE/plugins/com.st.stm32cube.ide.mcu.externaltools.gnu-tools-for-stm32.13.3.rel1.win32_1.0.0.202411081344/tools/bin/../lib/gcc/arm-none-eabi/13.3.1/../../../../arm-none-eabi/lib/thumb/v7e-m+dp/hard\libc_nano.a(libc_a-memmove.o)
                0x08019ca0                memmove
 .text.memset   0x08019cd4       0x10 D:/ST/STM32CubeIDE_1.19.0/STM32CubeIDE/plugins/com.st.stm32cube.ide.mcu.externaltools.gnu-tools-for-stm32.13.3.rel1.win32_1.0.0.202411081344/tools/bin/../lib/gcc/arm-none-eabi/13.3.1/../../../../arm-none-eabi/lib/thumb/v7e-m+dp/hard\libc_nano.a(libc_a-memset.o)
                0x08019cd4                memset
 .text._sbrk_r  0x08019ce4       0x20 D:/ST/STM32CubeIDE_1.19.0/STM32CubeIDE/plugins/com.st.stm32cube.ide.mcu.externaltools.gnu-tools-for-stm32.13.3.rel1.win32_1.0.0.202411081344/tools/bin/../lib/gcc/arm-none-eabi/13.3.1/../../../../arm-none-eabi/lib/thumb/v7e-m+dp/hard\libc_nano.a(libc_a-sbrkr.o)
                0x08019ce4                _sbrk_r
 .text.__errno  0x08019d04        0xc D:/ST/STM32CubeIDE_1.19.0/STM32CubeIDE/plugins/com.st.stm32cube.ide.mcu.externaltools.gnu-tools-for-stm32.13.3.rel1.win32_1.0.0.202411081344/tools/bin/../lib/gcc/arm-none-eabi/13.3.1/../../../../arm-none-eabi/lib/thumb/v7e-m+dp/hard\libc_nano.a(libc_a-errno.o)
                0x08019d04                __errno
 .text.__libc_init_array
                0x08019d10       0x48 D:/ST/STM32CubeIDE_1.19.0/STM32CubeIDE/plugins/com.st.stm32cube.ide.mcu.externaltools.gnu-tools-for-stm32.13.3.rel1.win32_1.0.0.202411081344/tools/bin/../lib/gcc/arm-none-eabi/13.3.1/../../../../arm-none-eabi/lib/thumb/v7e-m+dp/hard\libc_nano.a(libc_a-init.o)
                0x08019d10                __libc_init_array
 .text.__retarget_lock_acquire_recursive
                0x08019d58        0x2 D:/ST/STM32CubeIDE_1.19.0/STM32CubeIDE/plugins/com.st.stm32cube.ide.mcu.externaltools.gnu-tools-for-stm32.13.3.rel1.win32_1.0.0.202411081344/tools/bin/../lib/gcc/arm-none-eabi/13.3.1/../../../../arm-none-eabi/lib/thumb/v7e-m+dp/hard\libc_nano.a(libc_a-lock.o)
                0x08019d58                __retarget_lock_acquire_recursive
 .text.__retarget_lock_release_recursive
                0x08019d5a        0x2 D:/ST/STM32CubeIDE_1.19.0/STM32CubeIDE/plugins/com.st.stm32cube.ide.mcu.externaltools.gnu-tools-for-stm32.13.3.rel1.win32_1.0.0.202411081344/tools/bin/../lib/gcc/arm-none-eabi/13.3.1/../../../../arm-none-eabi/lib/thumb/v7e-m+dp/hard\libc_nano.a(libc_a-lock.o)
                0x08019d5a                __retarget_lock_release_recursive
 .text.memcpy   0x08019d5c       0x1c D:/ST/STM32CubeIDE_1.19.0/STM32CubeIDE/plugins/com.st.stm32cube.ide.mcu.externaltools.gnu-tools-for-stm32.13.3.rel1.win32_1.0.0.202411081344/tools/bin/../lib/gcc/arm-none-eabi/13.3.1/../../../../arm-none-eabi/lib/thumb/v7e-m+dp/hard\libc_nano.a(libc_a-memcpy-stub.o)
                0x08019d5c                memcpy
 .text._free_r  0x08019d78       0x94 D:/ST/STM32CubeIDE_1.19.0/STM32CubeIDE/plugins/com.st.stm32cube.ide.mcu.externaltools.gnu-tools-for-stm32.13.3.rel1.win32_1.0.0.202411081344/tools/bin/../lib/gcc/arm-none-eabi/13.3.1/../../../../arm-none-eabi/lib/thumb/v7e-m+dp/hard\libc_nano.a(libc_a-freer.o)
                0x08019d78                _free_r
 .text._malloc_usable_size_r
                0x08019e0c       0x10 D:/ST/STM32CubeIDE_1.19.0/STM32CubeIDE/plugins/com.st.stm32cube.ide.mcu.externaltools.gnu-tools-for-stm32.13.3.rel1.win32_1.0.0.202411081344/tools/bin/../lib/gcc/arm-none-eabi/13.3.1/../../../../arm-none-eabi/lib/thumb/v7e-m+dp/hard\libc_nano.a(libc_a-msizer.o)
                0x08019e0c                _malloc_usable_size_r
 .text.__ssputs_r
                0x08019e1c       0xb6 D:/ST/STM32CubeIDE_1.19.0/STM32CubeIDE/plugins/com.st.stm32cube.ide.mcu.externaltools.gnu-tools-for-stm32.13.3.rel1.win32_1.0.0.202411081344/tools/bin/../lib/gcc/arm-none-eabi/13.3.1/../../../../arm-none-eabi/lib/thumb/v7e-m+dp/hard\libc_nano.a(libc_a-nano-svfprintf.o)
                0x08019e1c                __ssputs_r
 *fill*         0x08019ed2        0x2 
 .text._svfprintf_r
                0x08019ed4      0x1f8 D:/ST/STM32CubeIDE_1.19.0/STM32CubeIDE/plugins/com.st.stm32cube.ide.mcu.externaltools.gnu-tools-for-stm32.13.3.rel1.win32_1.0.0.202411081344/tools/bin/../lib/gcc/arm-none-eabi/13.3.1/../../../../arm-none-eabi/lib/thumb/v7e-m+dp/hard\libc_nano.a(libc_a-nano-svfprintf.o)
                0x08019ed4                _svfiprintf_r
                0x08019ed4                _svfprintf_r
 .text._printf_common
                0x0801a0cc       0xda D:/ST/STM32CubeIDE_1.19.0/STM32CubeIDE/plugins/com.st.stm32cube.ide.mcu.externaltools.gnu-tools-for-stm32.13.3.rel1.win32_1.0.0.202411081344/tools/bin/../lib/gcc/arm-none-eabi/13.3.1/../../../../arm-none-eabi/lib/thumb/v7e-m+dp/hard\libc_nano.a(libc_a-nano-vfprintf_i.o)
                0x0801a0cc                _printf_common
 *fill*         0x0801a1a6        0x2 
 .text._printf_i
                0x0801a1a8      0x23c D:/ST/STM32CubeIDE_1.19.0/STM32CubeIDE/plugins/com.st.stm32cube.ide.mcu.externaltools.gnu-tools-for-stm32.13.3.rel1.win32_1.0.0.202411081344/tools/bin/../lib/gcc/arm-none-eabi/13.3.1/../../../../arm-none-eabi/lib/thumb/v7e-m+dp/hard\libc_nano.a(libc_a-nano-vfprintf_i.o)
                0x0801a1a8                _printf_i
 .text.expf     0x0801a3e4       0xe8 D:/ST/STM32CubeIDE_1.19.0/STM32CubeIDE/plugins/com.st.stm32cube.ide.mcu.externaltools.gnu-tools-for-stm32.13.3.rel1.win32_1.0.0.202411081344/tools/bin/../lib/gcc/arm-none-eabi/13.3.1/../../../../arm-none-eabi/lib/thumb/v7e-m+dp/hard\libm.a(libm_a-sf_exp.o)
                0x0801a3e4                expf
 .text.with_errnof
                0x0801a4cc       0x1c D:/ST/STM32CubeIDE_1.19.0/STM32CubeIDE/plugins/com.st.stm32cube.ide.mcu.externaltools.gnu-tools-for-stm32.13.3.rel1.win32_1.0.0.202411081344/tools/bin/../lib/gcc/arm-none-eabi/13.3.1/../../../../arm-none-eabi/lib/thumb/v7e-m+dp/hard\libm.a(libm_a-math_errf.o)
 .text.xflowf   0x0801a4e8       0x16 D:/ST/STM32CubeIDE_1.19.0/STM32CubeIDE/plugins/com.st.stm32cube.ide.mcu.externaltools.gnu-tools-for-stm32.13.3.rel1.win32_1.0.0.202411081344/tools/bin/../lib/gcc/arm-none-eabi/13.3.1/../../../../arm-none-eabi/lib/thumb/v7e-m+dp/hard\libm.a(libm_a-math_errf.o)
 *fill*         0x0801a4fe        0x2 
 .text.__math_uflowf
                0x0801a500        0xc D:/ST/STM32CubeIDE_1.19.0/STM32CubeIDE/plugins/com.st.stm32cube.ide.mcu.externaltools.gnu-tools-for-stm32.13.3.rel1.win32_1.0.0.202411081344/tools/bin/../lib/gcc/arm-none-eabi/13.3.1/../../../../arm-none-eabi/lib/thumb/v7e-m+dp/hard\libm.a(libm_a-math_errf.o)
                0x0801a500                __math_uflowf
 .text.__math_may_uflowf
                0x0801a50c        0xc D:/ST/STM32CubeIDE_1.19.0/STM32CubeIDE/plugins/com.st.stm32cube.ide.mcu.externaltools.gnu-tools-for-stm32.13.3.rel1.win32_1.0.0.202411081344/tools/bin/../lib/gcc/arm-none-eabi/13.3.1/../../../../arm-none-eabi/lib/thumb/v7e-m+dp/hard\libm.a(libm_a-math_errf.o)
                0x0801a50c                __math_may_uflowf
 .text.__math_oflowf
                0x0801a518        0xc D:/ST/STM32CubeIDE_1.19.0/STM32CubeIDE/plugins/com.st.stm32cube.ide.mcu.externaltools.gnu-tools-for-stm32.13.3.rel1.win32_1.0.0.202411081344/tools/bin/../lib/gcc/arm-none-eabi/13.3.1/../../../../arm-none-eabi/lib/thumb/v7e-m+dp/hard\libm.a(libm_a-math_errf.o)
                0x0801a518                __math_oflowf
 *(.glue_7)
 .glue_7        0x0801a524        0x0 linker stubs
 *(.glue_7t)
 .glue_7t       0x0801a524        0x0 linker stubs
 *(.eh_frame)
 .eh_frame      0x0801a524        0x0 D:/ST/STM32CubeIDE_1.19.0/STM32CubeIDE/plugins/com.st.stm32cube.ide.mcu.externaltools.gnu-tools-for-stm32.13.3.rel1.win32_1.0.0.202411081344/tools/bin/../lib/gcc/arm-none-eabi/13.3.1/thumb/v7e-m+dp/hard/crtbegin.o
 *(.init)
 .init          0x0801a524        0x4 D:/ST/STM32CubeIDE_1.19.0/STM32CubeIDE/plugins/com.st.stm32cube.ide.mcu.externaltools.gnu-tools-for-stm32.13.3.rel1.win32_1.0.0.202411081344/tools/bin/../lib/gcc/arm-none-eabi/13.3.1/thumb/v7e-m+dp/hard/crti.o
                0x0801a524                _init
 .init          0x0801a528        0x8 D:/ST/STM32CubeIDE_1.19.0/STM32CubeIDE/plugins/com.st.stm32cube.ide.mcu.externaltools.gnu-tools-for-stm32.13.3.rel1.win32_1.0.0.202411081344/tools/bin/../lib/gcc/arm-none-eabi/13.3.1/thumb/v7e-m+dp/hard/crtn.o
 *(.fini)
 .fini          0x0801a530        0x4 D:/ST/STM32CubeIDE_1.19.0/STM32CubeIDE/plugins/com.st.stm32cube.ide.mcu.externaltools.gnu-tools-for-stm32.13.3.rel1.win32_1.0.0.202411081344/tools/bin/../lib/gcc/arm-none-eabi/13.3.1/thumb/v7e-m+dp/hard/crti.o
                0x0801a530                _fini
 .fini          0x0801a534        0x8 D:/ST/STM32CubeIDE_1.19.0/STM32CubeIDE/plugins/com.st.stm32cube.ide.mcu.externaltools.gnu-tools-for-stm32.13.3.rel1.win32_1.0.0.202411081344/tools/bin/../lib/gcc/arm-none-eabi/13.3.1/thumb/v7e-m+dp/hard/crtn.o
                0x0801a53c                        . = ALIGN (0x4)
                0x0801a53c                        _etext = .

.vfp11_veneer   0x0801a53c        0x0
 .vfp11_veneer  0x0801a53c        0x0 linker stubs

.v4_bx          0x0801a53c        0x0
 .v4_bx         0x0801a53c        0x0 linker stubs

.iplt           0x0801a53c        0x0
 .iplt          0x0801a53c        0x0 D:/ST/STM32CubeIDE_1.19.0/STM32CubeIDE/plugins/com.st.stm32cube.ide.mcu.externaltools.gnu-tools-for-stm32.13.3.rel1.win32_1.0.0.202411081344/tools/bin/../lib/gcc/arm-none-eabi/13.3.1/thumb/v7e-m+dp/hard/crtbegin.o

.rodata         0x0801a540    0x32918
                0x0801a540                        . = ALIGN (0x4)
 *(.rodata)
 .rodata        0x0801a540       0x10 ./X-CUBE-AI/App/waterlevel_data.o
 *(.rodata*)
 .rodata.baudrates.0
                0x0801a550       0x14 ./Core/Src/as608.o
 .rodata.camera_app_pump_ctrl_apply_state.str1.4
                0x0801a564      0x87a ./Core/Src/camera_app.o
                                 0x55 (size before relaxing)
 .rodata.camera_app_finger_try_connect.isra.0.str1.4
                0x0801adde       0xa8 ./Core/Src/camera_app.o
 .rodata.camera_app_pump_ctrl_report_session_to_esp32.str1.4
                0x0801adde       0x45 ./Core/Src/camera_app.o
 .rodata.camera_app_recover_camera.str1.4
                0x0801adde       0x83 ./Core/Src/camera_app.o
 .rodata.camera_app_pump_ctrl_start_manual_cold.str1.4
                0x0801adde       0x34 ./Core/Src/camera_app.o
 .rodata.camera_app_pump_ctrl_return_to_standby.str1.4
                0x0801adde       0x18 ./Core/Src/camera_app.o
 .rodata.camera_app_pump_ctrl_fault_to_standby.str1.4
                0x0801adde        0x6 ./Core/Src/camera_app.o
 .rodata.camera_app_pump_ctrl_decode_fail.str1.4
                0x0801adde       0x5f ./Core/Src/camera_app.o
 .rodata.CameraApp_Init.str1.4
                0x0801adde      0x1d6 ./Core/Src/camera_app.o
 .rodata.CameraApp_Run.str1.4
                0x0801adde      0x2ab ./Core/Src/camera_app.o
 *fill*         0x0801adde        0x2 
 .rodata.CSWTCH.89
                0x0801ade0        0x4 ./Core/Src/camera_app.o
 .rodata.CSWTCH.88
                0x0801ade4        0x4 ./Core/Src/camera_app.o
 .rodata.str1.4
                0x0801ade8       0x27 ./Core/Src/camera_app.o
 .rodata.CSWTCH.79
                0x0801ade8        0xc ./Core/Src/camera_app.o
 .rodata.CSWTCH.77
                0x0801adf4       0x20 ./Core/Src/camera_app.o
 .rodata.k_camera_dcmi_profiles
                0x0801ae14       0x28 ./Core/Src/camera_app.o
 .rodata.main_boot_stage.part.0.str1.4
                0x0801ae3c       0x12 ./Core/Src/main.o
 .rodata.main.str1.4
                0x0801ae3c       0x9c ./Core/Src/main.o
 .rodata.Disp_DrawStatic.str1.4
                0x0801ae3c       0x20 ./Core/Src/oled_1.o
 .rodata.Disp_DrawDynamic.str1.4
                0x0801ae3c       0x2c ./Core/Src/oled_1.o
 .rodata.utf8_tfont16_len
                0x0801ae3c        0x4 ./Core/Src/oledfont.o
                0x0801ae3c                utf8_tfont16_len
 .rodata.utf8_tfont16
                0x0801ae40      0x276 ./Core/Src/oledfont.o
                0x0801ae40                utf8_tfont16
 *fill*         0x0801b0b6        0x2 
 .rodata.ascii_1608
                0x0801b0b8      0x5f0 ./Core/Src/oledfont.o
                0x0801b0b8                ascii_1608
 .rodata.ov2640_video_fast_cfg
                0x0801b6a8        0xa ./Core/Src/ov2640.o
 *fill*         0x0801b6b2        0x2 
 .rodata.ov2640_jpeg_cfg
                0x0801b6b4        0xe ./Core/Src/ov2640.o
 *fill*         0x0801b6c2        0x2 
 .rodata.ov2640_yuv422_cfg
                0x0801b6c4       0x10 ./Core/Src/ov2640.o
 .rodata.ov2640_init_common_cfg
                0x0801b6d4      0x164 ./Core/Src/ov2640.o
 .rodata.fault_dump_regs.str1.4
                0x0801b838       0x42 ./Core/Src/stm32h7xx_it.o
 .rodata.HardFault_Handler.str1.4
                0x0801b838        0x5 ./Core/Src/stm32h7xx_it.o
 .rodata.MemManage_Handler.str1.4
                0x0801b838        0x4 ./Core/Src/stm32h7xx_it.o
 .rodata.BusFault_Handler.str1.4
                0x0801b838        0x4 ./Core/Src/stm32h7xx_it.o
 .rodata.UsageFault_Handler.str1.4
                0x0801b838        0x6 ./Core/Src/stm32h7xx_it.o
 .rodata.D1CorePrescTable
                0x0801b838       0x10 ./Core/Src/system_stm32h7xx.o
                0x0801b838                D1CorePrescTable
 .rodata.Clip8  0x0801b848      0x400 ./Core/Src/tjpgd.o
 .rodata.Ipsf   0x0801bc48       0x80 ./Core/Src/tjpgd.o
 .rodata.Zig    0x0801bcc8       0x40 ./Core/Src/tjpgd.o
 .rodata.flagBitshiftOffset.0
                0x0801bd08        0x8 ./Drivers/STM32H7xx_HAL_Driver/Src/stm32h7xx_hal_dma.o
 .rodata.UARTPrescTable
                0x0801bd10       0x18 ./Drivers/STM32H7xx_HAL_Driver/Src/stm32h7xx_hal_uart.o
                0x0801bd10                UARTPrescTable
 .rodata.denominator.0
                0x0801bd28        0x8 ./Drivers/STM32H7xx_HAL_Driver/Src/stm32h7xx_hal_uart_ex.o
 .rodata.numerator.1
                0x0801bd30        0x8 ./Drivers/STM32H7xx_HAL_Driver/Src/stm32h7xx_hal_uart_ex.o
 .rodata._feat_0_0_Conv_output_0_chain
                0x0801bd38        0x8 ./X-CUBE-AI/App/waterlevel.o
 .rodata._block_0_0_Conv_output_0_pad_before_chain
                0x0801bd40        0x8 ./X-CUBE-AI/App/waterlevel.o
 .rodata._block_0_0_Conv_output_0_pad_before_value
                0x0801bd48       0x10 ./X-CUBE-AI/App/waterlevel.o
 .rodata._block_0_0_Conv_output_0_pad_before_value_data
                0x0801bd58        0x1 ./X-CUBE-AI/App/waterlevel.o
 *fill*         0x0801bd59        0x3 
 .rodata._block_0_0_Conv_output_0_chain
                0x0801bd5c        0x8 ./X-CUBE-AI/App/waterlevel.o
 .rodata._block_2_0_Conv_output_0_chain
                0x0801bd64        0x8 ./X-CUBE-AI/App/waterlevel.o
 .rodata._block_0_0_1_Conv_output_0_chain
                0x0801bd6c        0x8 ./X-CUBE-AI/App/waterlevel.o
 .rodata._block_1_0_Conv_output_0_pad_before_chain
                0x0801bd74        0x8 ./X-CUBE-AI/App/waterlevel.o
 .rodata._block_1_0_Conv_output_0_pad_before_value
                0x0801bd7c       0x10 ./X-CUBE-AI/App/waterlevel.o
 .rodata._block_1_0_Conv_output_0_pad_before_value_data
                0x0801bd8c        0x1 ./X-CUBE-AI/App/waterlevel.o
 *fill*         0x0801bd8d        0x3 
 .rodata._block_1_0_Conv_output_0_chain
                0x0801bd90        0x8 ./X-CUBE-AI/App/waterlevel.o
 .rodata._block_2_0_1_Conv_output_0_chain
                0x0801bd98        0x8 ./X-CUBE-AI/App/waterlevel.o
 .rodata._block_0_0_2_Conv_output_0_chain
                0x0801bda0        0x8 ./X-CUBE-AI/App/waterlevel.o
 .rodata._block_1_0_1_Conv_output_0_pad_before_chain
                0x0801bda8        0x8 ./X-CUBE-AI/App/waterlevel.o
 .rodata._block_1_0_1_Conv_output_0_pad_before_value
                0x0801bdb0       0x10 ./X-CUBE-AI/App/waterlevel.o
 .rodata._block_1_0_1_Conv_output_0_pad_before_value_data
                0x0801bdc0        0x1 ./X-CUBE-AI/App/waterlevel.o
 *fill*         0x0801bdc1        0x3 
 .rodata._block_1_0_1_Conv_output_0_chain
                0x0801bdc4        0x8 ./X-CUBE-AI/App/waterlevel.o
 .rodata._block_2_0_2_Conv_output_0_chain
                0x0801bdcc        0x8 ./X-CUBE-AI/App/waterlevel.o
 .rodata._Add_output_0_chain
                0x0801bdd4        0x8 ./X-CUBE-AI/App/waterlevel.o
 .rodata._block_0_0_3_Conv_output_0_chain
                0x0801bddc        0x8 ./X-CUBE-AI/App/waterlevel.o
 .rodata._block_1_0_2_Conv_output_0_chain
                0x0801bde4        0x8 ./X-CUBE-AI/App/waterlevel.o
 .rodata._block_3_0_Conv_output_0_chain
                0x0801bdec        0x8 ./X-CUBE-AI/App/waterlevel.o
 .rodata._block_0_0_4_Conv_output_0_chain
                0x0801bdf4        0x8 ./X-CUBE-AI/App/waterlevel.o
 .rodata._block_1_0_3_Conv_output_0_chain
                0x0801bdfc        0x8 ./X-CUBE-AI/App/waterlevel.o
 .rodata._block_3_0_1_Conv_output_0_chain
                0x0801be04        0x8 ./X-CUBE-AI/App/waterlevel.o
 .rodata._Add_1_output_0_chain
                0x0801be0c        0x8 ./X-CUBE-AI/App/waterlevel.o
 .rodata._block_0_0_5_Conv_output_0_chain
                0x0801be14        0x8 ./X-CUBE-AI/App/waterlevel.o
 .rodata._block_1_0_4_Conv_output_0_chain
                0x0801be1c        0x8 ./X-CUBE-AI/App/waterlevel.o
 .rodata._block_3_0_2_Conv_output_0_chain
                0x0801be24        0x8 ./X-CUBE-AI/App/waterlevel.o
 .rodata._Add_2_output_0_chain
                0x0801be2c        0x8 ./X-CUBE-AI/App/waterlevel.o
 .rodata._block_0_0_6_Conv_output_0_chain
                0x0801be34        0x8 ./X-CUBE-AI/App/waterlevel.o
 .rodata._block_1_0_5_Conv_output_0_chain
                0x0801be3c        0x8 ./X-CUBE-AI/App/waterlevel.o
 .rodata._block_3_0_3_Conv_output_0_chain
                0x0801be44        0x8 ./X-CUBE-AI/App/waterlevel.o
 .rodata._Add_3_output_0_chain
                0x0801be4c        0x8 ./X-CUBE-AI/App/waterlevel.o
 .rodata._block_0_0_7_Conv_output_0_chain
                0x0801be54        0x8 ./X-CUBE-AI/App/waterlevel.o
 .rodata._block_1_0_6_Conv_output_0_chain
                0x0801be5c        0x8 ./X-CUBE-AI/App/waterlevel.o
 .rodata._block_3_0_4_Conv_output_0_chain
                0x0801be64        0x8 ./X-CUBE-AI/App/waterlevel.o
 .rodata._Add_4_output_0_chain
                0x0801be6c        0x8 ./X-CUBE-AI/App/waterlevel.o
 .rodata._block_0_0_8_Conv_output_0_chain
                0x0801be74        0x8 ./X-CUBE-AI/App/waterlevel.o
 .rodata._block_1_0_7_Conv_output_0_chain
                0x0801be7c        0x8 ./X-CUBE-AI/App/waterlevel.o
 .rodata._block_3_0_5_Conv_output_0_chain
                0x0801be84        0x8 ./X-CUBE-AI/App/waterlevel.o
 .rodata._block_0_0_9_Conv_output_0_chain
                0x0801be8c        0x8 ./X-CUBE-AI/App/waterlevel.o
 .rodata._block_1_0_8_Conv_output_0_chain
                0x0801be94        0x8 ./X-CUBE-AI/App/waterlevel.o
 .rodata._block_3_0_6_Conv_output_0_chain
                0x0801be9c        0x8 ./X-CUBE-AI/App/waterlevel.o
 .rodata._Add_5_output_0_chain
                0x0801bea4        0x8 ./X-CUBE-AI/App/waterlevel.o
 .rodata._block_0_0_10_Conv_output_0_chain
                0x0801beac        0x8 ./X-CUBE-AI/App/waterlevel.o
 .rodata._block_1_0_9_Conv_output_0_chain
                0x0801beb4        0x8 ./X-CUBE-AI/App/waterlevel.o
 .rodata._block_3_0_7_Conv_output_0_chain
                0x0801bebc        0x8 ./X-CUBE-AI/App/waterlevel.o
 .rodata._Add_6_output_0_chain
                0x0801bec4        0x8 ./X-CUBE-AI/App/waterlevel.o
 .rodata._feat_12_0_Conv_output_0_chain
                0x0801becc        0x8 ./X-CUBE-AI/App/waterlevel.o
 .rodata._pool_GlobalAveragePool_output_0_chain
                0x0801bed4        0x8 ./X-CUBE-AI/App/waterlevel.o
 .rodata._shared_0_Flatten_output_0_0_conversion_chain
                0x0801bedc        0x8 ./X-CUBE-AI/App/waterlevel.o
 .rodata._shared_1_Gemm_output_0_chain
                0x0801bee4        0x8 ./X-CUBE-AI/App/waterlevel.o
 .rodata._cls_head_Gemm_output_0_chain
                0x0801beec        0x8 ./X-CUBE-AI/App/waterlevel.o
 .rodata._reg_head_Gemm_output_0_chain
                0x0801bef4        0x8 ./X-CUBE-AI/App/waterlevel.o
 .rodata._Sigmoid_output_0_chain
                0x0801befc        0x8 ./X-CUBE-AI/App/waterlevel.o
 .rodata._Sigmoid_output_0_nl_params
                0x0801bf04       0x10 ./X-CUBE-AI/App/waterlevel.o
 .rodata._Sigmoid_output_0_nl_params_data
                0x0801bf14      0x100 ./X-CUBE-AI/App/waterlevel.o
 .rodata.input_output_array_intq
                0x0801c014        0x8 ./X-CUBE-AI/App/waterlevel.o
 .rodata.__compound_literal.263
                0x0801c01c        0x8 ./X-CUBE-AI/App/waterlevel.o
 .rodata.__compound_literal.262
                0x0801c024        0x1 ./X-CUBE-AI/App/waterlevel.o
 *fill*         0x0801c025        0x3 
 .rodata.__compound_literal.261
                0x0801c028        0x4 ./X-CUBE-AI/App/waterlevel.o
 .rodata._shared_1_Gemm_output_0_weights_array_intq
                0x0801c02c        0x8 ./X-CUBE-AI/App/waterlevel.o
 .rodata.__compound_literal.260
                0x0801c034        0x8 ./X-CUBE-AI/App/waterlevel.o
 .rodata.__compound_literal.259
                0x0801c03c       0x80 ./X-CUBE-AI/App/waterlevel.o
 .rodata.__compound_literal.258
                0x0801c0bc      0x200 ./X-CUBE-AI/App/waterlevel.o
 .rodata._shared_1_Gemm_output_0_output_array_intq
                0x0801c2bc        0x8 ./X-CUBE-AI/App/waterlevel.o
 .rodata.__compound_literal.257
                0x0801c2c4        0x8 ./X-CUBE-AI/App/waterlevel.o
 .rodata.__compound_literal.256
                0x0801c2cc        0x1 ./X-CUBE-AI/App/waterlevel.o
 *fill*         0x0801c2cd        0x3 
 .rodata.__compound_literal.255
                0x0801c2d0        0x4 ./X-CUBE-AI/App/waterlevel.o
 .rodata._shared_0_Flatten_output_0_0_conversion_output_array_intq
                0x0801c2d4        0x8 ./X-CUBE-AI/App/waterlevel.o
 .rodata.__compound_literal.254
                0x0801c2dc        0x8 ./X-CUBE-AI/App/waterlevel.o
 .rodata.__compound_literal.253
                0x0801c2e4        0x1 ./X-CUBE-AI/App/waterlevel.o
 *fill*         0x0801c2e5        0x3 
 .rodata.__compound_literal.252
                0x0801c2e8        0x4 ./X-CUBE-AI/App/waterlevel.o
 .rodata._reg_head_Gemm_output_0_weights_array_intq
                0x0801c2ec        0x8 ./X-CUBE-AI/App/waterlevel.o
 .rodata.__compound_literal.251
                0x0801c2f4        0x8 ./X-CUBE-AI/App/waterlevel.o
 .rodata.__compound_literal.250
                0x0801c2fc        0x1 ./X-CUBE-AI/App/waterlevel.o
 *fill*         0x0801c2fd        0x3 
 .rodata.__compound_literal.249
                0x0801c300        0x4 ./X-CUBE-AI/App/waterlevel.o
 .rodata._reg_head_Gemm_output_0_output_array_intq
                0x0801c304        0x8 ./X-CUBE-AI/App/waterlevel.o
 .rodata.__compound_literal.248
                0x0801c30c        0x8 ./X-CUBE-AI/App/waterlevel.o
 .rodata.__compound_literal.247
                0x0801c314        0x1 ./X-CUBE-AI/App/waterlevel.o