Archive member included to satisfy reference by file (symbol)

../Middlewares/ST/AI/Lib\NetworkRuntime1020_CM7_GCC.a(ai_platform.o)
                              ./X-CUBE-AI/App/water_detect.o (ai_buffer_array_item_set_address)
../Middlewares/ST/AI/Lib\NetworkRuntime1020_CM7_GCC.a(ai_platform_interface.o)
                              ./X-CUBE-AI/App/water_detect.o (ai_platform_get_weights_map)
../Middlewares/ST/AI/Lib\NetworkRuntime1020_CM7_GCC.a(core_common.o)
                              ../Middlewares/ST/AI/Lib\NetworkRuntime1020_CM7_GCC.a(ai_platform_interface.o) (core_init)
../Middlewares/ST/AI/Lib\NetworkRuntime1020_CM7_GCC.a(core_mem_manager.o)
                              ../Middlewares/ST/AI/Lib\NetworkRuntime1020_CM7_GCC.a(ai_platform_interface.o) (core_mem_alloc)
../Middlewares/ST/AI/Lib\NetworkRuntime1020_CM7_GCC.a(layers.o)
                              ../Middlewares/ST/AI/Lib\NetworkRuntime1020_CM7_GCC.a(ai_platform_interface.o) (ai_check_custom_types)
../Middlewares/ST/AI/Lib\NetworkRuntime1020_CM7_GCC.a(layers_conv2d_generic_float.o)
                              ./X-CUBE-AI/App/water_detect.o (forward_conv2d_if32of32wf32)
../Middlewares/ST/AI/Lib\NetworkRuntime1020_CM7_GCC.a(layers_conv2d_sssa8_ch.o)
                              ./X-CUBE-AI/App/waterlevel.o (forward_conv2d_sssa8_ch)
../Middlewares/ST/AI/Lib\NetworkRuntime1020_CM7_GCC.a(layers_conv2d_stm32_integer.o)
                              ./X-CUBE-AI/App/waterlevel.o (forward_dense_integer_SSSA)
../Middlewares/ST/AI/Lib\NetworkRuntime1020_CM7_GCC.a(layers_dw_sssa8_ch.o)
                              ./X-CUBE-AI/App/waterlevel.o (forward_dw_sssa8_ch)
../Middlewares/ST/AI/Lib\NetworkRuntime1020_CM7_GCC.a(layers_generic_float.o)
                              ./X-CUBE-AI/App/waterlevel.o (forward_pad)
../Middlewares/ST/AI/Lib\NetworkRuntime1020_CM7_GCC.a(layers_nl_generic_float.o)
                              ./X-CUBE-AI/App/water_detect.o (forward_sigmoid)
../Middlewares/ST/AI/Lib\NetworkRuntime1020_CM7_GCC.a(layers_nl_stm32_integer.o)
                              ./X-CUBE-AI/App/waterlevel.o (forward_nl_integer)
../Middlewares/ST/AI/Lib\NetworkRuntime1020_CM7_GCC.a(layers_pad_generic.o)
                              ../Middlewares/ST/AI/Lib\NetworkRuntime1020_CM7_GCC.a(layers_generic_float.o) (forward_pad_8bit_ch1st_3x3_constant)
../Middlewares/ST/AI/Lib\NetworkRuntime1020_CM7_GCC.a(layers_pool_generic_float.o)
                              ./X-CUBE-AI/App/water_detect.o (forward_ap)
../Middlewares/ST/AI/Lib\NetworkRuntime1020_CM7_GCC.a(layers_pool_stm32_integer.o)
                              ./X-CUBE-AI/App/waterlevel.o (forward_ap_integer_INT8)
../Middlewares/ST/AI/Lib\NetworkRuntime1020_CM7_GCC.a(layers_pw_sssa8_ch.o)
                              ./X-CUBE-AI/App/waterlevel.o (forward_pw_sssa8_ch)
../Middlewares/ST/AI/Lib\NetworkRuntime1020_CM7_GCC.a(layers_resize.o)
                              ../Middlewares/ST/AI/Lib\NetworkRuntime1020_CM7_GCC.a(layers_generic_float.o) (forward_resize_nearest_if32of32)
../Middlewares/ST/AI/Lib\NetworkRuntime1020_CM7_GCC.a(layers_stm32_integer.o)
                              ./X-CUBE-AI/App/waterlevel.o (forward_eltwise_integer_INT8)
../Middlewares/ST/AI/Lib\NetworkRuntime1020_CM7_GCC.a(layers_dw_ch1st_sssa8_ch.o)
                              ./X-CUBE-AI/App/waterlevel.o (forward_dw_3x3_ch1st_sssa8_ch)
../Middlewares/ST/AI/Lib\NetworkRuntime1020_CM7_GCC.a(layers_conv2d_integer_scratch.o)
                              ../Middlewares/ST/AI/Lib\NetworkRuntime1020_CM7_GCC.a(layers.o) (get_dense_scratch_size_s8)
../Middlewares/ST/AI/Lib\NetworkRuntime1020_CM7_GCC.a(forward_lite_argminmax.o)
                              ../Middlewares/ST/AI/Lib\NetworkRuntime1020_CM7_GCC.a(layers_generic_float.o) (forward_lite_argmax_if32)
../Middlewares/ST/AI/Lib\NetworkRuntime1020_CM7_GCC.a(forward_lite_conv2d_if32of32wf32.o)
                              ../Middlewares/ST/AI/Lib\NetworkRuntime1020_CM7_GCC.a(layers_conv2d_generic_float.o) (forward_lite_conv2d_if32of32wf32)
../Middlewares/ST/AI/Lib\NetworkRuntime1020_CM7_GCC.a(forward_lite_dense_is8os8ws8_ch.o)
                              ../Middlewares/ST/AI/Lib\NetworkRuntime1020_CM7_GCC.a(layers_conv2d_stm32_integer.o) (forward_lite_dense_is8os8ws8_ch)
../Middlewares/ST/AI/Lib\NetworkRuntime1020_CM7_GCC.a(forward_lite_dense_is8os8ws8.o)
                              ../Middlewares/ST/AI/Lib\NetworkRuntime1020_CM7_GCC.a(layers_conv2d_stm32_integer.o) (forward_lite_dense_is8os8ws8)
../Middlewares/ST/AI/Lib\NetworkRuntime1020_CM7_GCC.a(forward_lite_maxpool_is8os8_scalepos.o)
                              ../Middlewares/ST/AI/Lib\NetworkRuntime1020_CM7_GCC.a(layers_pool_stm32_integer.o) (forward_lite_maxpool_is8os8_scalepos)
../Middlewares/ST/AI/Lib\NetworkRuntime1020_CM7_GCC.a(forward_lite_avepool_is8os8.o)
                              ../Middlewares/ST/AI/Lib\NetworkRuntime1020_CM7_GCC.a(layers_pool_stm32_integer.o) (forward_lite_avepool_is8os8)
[...]
Memory Configuration

Name             Origin             Length             Attributes
FLASH            0x08000000         0x00200000         xr
DTCMRAM          0x20000000         0x00020000         xrw
RAM_D1           0x24000000         0x00080000         xrw
RAM_D2           0x30000000         0x00048000         xrw
RAM_D3           0x38000000         0x00010000         xrw
ITCMRAM          0x00000000         0x00010000         xrw
*default*        0x00000000         0xffffffff

Linker script and memory map

LOAD D:/ST/STM32CubeIDE_1.19.0/STM32CubeIDE/plugins/com.st.stm32cube.ide.mcu.externaltools.gnu-tools-for-stm32.13.3.rel1.win32_1.0.0.202411081344/tools/bin/../lib/gcc/arm-none-eabi/13.3.1/thumb/v7e-m+dp/hard/crti.o
LOAD D:/ST/STM32CubeIDE_1.19.0/STM32CubeIDE/plugins/com.st.stm32cube.ide.mcu.externaltools.gnu-tools-for-stm32.13.3.rel1.win32_1.0.0.202411081344/tools/bin/../lib/gcc/arm-none-eabi/13.3.1/thumb/v7e-m+dp/hard/crtbegin.o
LOAD D:/ST/STM32CubeIDE_1.19.0/STM32CubeIDE/plugins/com.st.stm32cube.ide.mcu.externaltools.gnu-tools-for-stm32.13.3.rel1.win32_1.0.0.202411081344/tools/bin/../lib/gcc/arm-none-eabi/13.3.1/../../../../arm-none-eabi/lib/thumb/v7e-m+dp/hard/crt0.o
LOAD ./Core/Src/camera_app.o
LOAD ./Core/Src/dcmi.o
LOAD ./Core/Src/dma.o
LOAD ./Core/Src/gpio.o
LOAD ./Core/Src/jpeg_decode.o
LOAD ./Core/Src/jpeg_stream.o
LOAD ./Core/Src/main.o
LOAD ./Core/Src/ov2640.o
LOAD ./Core/Src/ov2640_sccb.o
LOAD ./Core/Src/stm32h7xx_hal_msp.o
LOAD ./Core/Src/stm32h7xx_it.o
LOAD ./Core/Src/sysmem.o
LOAD ./Core/Src/system_stm32h7xx.o
LOAD ./Core/Src/tjpgd.o
LOAD ./Core/Src/usart.o
LOAD ./Core/Startup/startup_stm32h743iitx.o
LOAD ./Drivers/STM32H7xx_HAL_Driver/Src/stm32h7xx_hal.o
LOAD ./Drivers/STM32H7xx_HAL_Driver/Src/stm32h7xx_hal_cortex.o
LOAD ./Drivers/STM32H7xx_HAL_Driver/Src/stm32h7xx_hal_dcmi.o
LOAD ./Drivers/STM32H7xx_HAL_Driver/Src/stm32h7xx_hal_dma.o
LOAD ./Drivers/STM32H7xx_HAL_Driver/Src/stm32h7xx_hal_dma_ex.o
LOAD ./Drivers/STM32H7xx_HAL_Driver/Src/stm32h7xx_hal_exti.o
LOAD ./Drivers/STM32H7xx_HAL_Driver/Src/stm32h7xx_hal_flash.o
LOAD ./Drivers/STM32H7xx_HAL_Driver/Src/stm32h7xx_hal_flash_ex.o
LOAD ./Drivers/STM32H7xx_HAL_Driver/Src/stm32h7xx_hal_gpio.o
LOAD ./Drivers/STM32H7xx_HAL_Driver/Src/stm32h7xx_hal_hsem.o
LOAD ./Drivers/STM32H7xx_HAL_Driver/Src/stm32h7xx_hal_i2c.o
LOAD ./Drivers/STM32H7xx_HAL_Driver/Src/stm32h7xx_hal_i2c_ex.o
LOAD ./Drivers/STM32H7xx_HAL_Driver/Src/stm32h7xx_hal_mdma.o
LOAD ./Drivers/STM32H7xx_HAL_Driver/Src/stm32h7xx_hal_pwr.o
LOAD ./Drivers/STM32H7xx_HAL_Driver/Src/stm32h7xx_hal_pwr_ex.o
LOAD ./Drivers/STM32H7xx_HAL_Driver/Src/stm32h7xx_hal_rcc.o
LOAD ./Drivers/STM32H7xx_HAL_Driver/Src/stm32h7xx_hal_rcc_ex.o
LOAD ./Drivers/STM32H7xx_HAL_Driver/Src/stm32h7xx_hal_tim.o
LOAD ./Drivers/STM32H7xx_HAL_Driver/Src/stm32h7xx_hal_tim_ex.o
LOAD ./Drivers/STM32H7xx_HAL_Driver/Src/stm32h7xx_hal_uart.o
LOAD ./Drivers/STM32H7xx_HAL_Driver/Src/stm32h7xx_hal_uart_ex.o
LOAD ./X-CUBE-AI/App/water_detect.o
LOAD ./X-CUBE-AI/App/water_detect_data.o
LOAD ./X-CUBE-AI/App/water_detect_data_params.o
LOAD ./X-CUBE-AI/App/waterlevel.o
LOAD ./X-CUBE-AI/App/waterlevel_data.o
LOAD ./X-CUBE-AI/App/waterlevel_data_params.o
LOAD ../Middlewares/ST/AI/Lib\NetworkRuntime1020_CM7_GCC.a
START GROUP
LOAD D:/ST/STM32CubeIDE_1.19.0/STM32CubeIDE/plugins/com.st.stm32cube.ide.mcu.externaltools.gnu-tools-for-stm32.13.3.rel1.win32_1.0.0.202411081344/tools/bin/../lib/gcc/arm-none-eabi/13.3.1/../../../../arm-none-eabi/lib/thumb/v7e-m+dp/hard\libc_nano.a
LOAD D:/ST/STM32CubeIDE_1.19.0/STM32CubeIDE/plugins/com.st.stm32cube.ide.mcu.externaltools.gnu-tools-for-stm32.13.3.rel1.win32_1.0.0.202411081344/tools/bin/../lib/gcc/arm-none-eabi/13.3.1/../../../../arm-none-eabi/lib/thumb/v7e-m+dp/hard\libm.a
END GROUP
START GROUP
LOAD D:/ST/STM32CubeIDE_1.19.0/STM32CubeIDE/plugins/com.st.stm32cube.ide.mcu.externaltools.gnu-tools-for-stm32.13.3.rel1.win32_1.0.0.202411081344/tools/bin/../lib/gcc/arm-none-eabi/13.3.1/thumb/v7e-m+dp/hard\libgcc.a
LOAD D:/ST/STM32CubeIDE_1.19.0/STM32CubeIDE/plugins/com.st.stm32cube.ide.mcu.externaltools.gnu-tools-for-stm32.13.3.rel1.win32_1.0.0.202411081344/tools/bin/../lib/gcc/arm-none-eabi/13.3.1/../../../../arm-none-eabi/lib/thumb/v7e-m+dp/hard\libc_nano.a
END GROUP
START GROUP
LOAD D:/ST/STM32CubeIDE_1.19.0/STM32CubeIDE/plugins/com.st.stm32cube.ide.mcu.externaltools.gnu-tools-for-stm32.13.3.rel1.win32_1.0.0.202411081344/tools/bin/../lib/gcc/arm-none-eabi/13.3.1/thumb/v7e-m+dp/hard\libgcc.a
LOAD D:/ST/STM32CubeIDE_1.19.0/STM32CubeIDE/plugins/com.st.stm32cube.ide.mcu.externaltools.gnu-tools-for-stm32.13.3.rel1.win32_1.0.0.202411081344/tools/bin/../lib/gcc/arm-none-eabi/13.3.1/../../../../arm-none-eabi/lib/thumb/v7e-m+dp/hard\libc_nano.a
LOAD D:/ST/STM32CubeIDE_1.19.0/STM32CubeIDE/plugins/com.st.stm32cube.ide.mcu.externaltools.gnu-tools-for-stm32.13.3.rel1.win32_1.0.0.202411081344/tools/bin/../lib/gcc/arm-none-eabi/13.3.1/../../../../arm-none-eabi/lib/thumb/v7e-m+dp/hard\libnosys.a
END GROUP
START GROUP
LOAD D:/ST/STM32CubeIDE_1.19.0/STM32CubeIDE/plugins/com.st.stm32cube.ide.mcu.externaltools.gnu-tools-for-stm32.13.3.rel1.win32_1.0.0.202411081344/tools/bin/../lib/gcc/arm-none-eabi/13.3.1/thumb/v7e-m+dp/hard\libgcc.a
LOAD D:/ST/STM32CubeIDE_1.19.0/STM32CubeIDE/plugins/com.st.stm32cube.ide.mcu.externaltools.gnu-tools-for-stm32.13.3.rel1.win32_1.0.0.202411081344/tools/bin/../lib/gcc/arm-none-eabi/13.3.1/../../../../arm-none-eabi/lib/thumb/v7e-m+dp/hard\libc_nano.a
LOAD D:/ST/STM32CubeIDE_1.19.0/STM32CubeIDE/plugins/com.st.stm32cube.ide.mcu.externaltools.gnu-tools-for-stm32.13.3.rel1.win32_1.0.0.202411081344/tools/bin/../lib/gcc/arm-none-eabi/13.3.1/../../../../arm-none-eabi/lib/thumb/v7e-m+dp/hard\libnosys.a
END GROUP
LOAD D:/ST/STM32CubeIDE_1.19.0/STM32CubeIDE/plugins/com.st.stm32cube.ide.mcu.externaltools.gnu-tools-for-stm32.13.3.rel1.win32_1.0.0.202411081344/tools/bin/../lib/gcc/arm-none-eabi/13.3.1/thumb/v7e-m+dp/hard/crtend.o
LOAD D:/ST/STM32CubeIDE_1.19.0/STM32CubeIDE/plugins/com.st.stm32cube.ide.mcu.externaltools.gnu-tools-for-stm32.13.3.rel1.win32_1.0.0.202411081344/tools/bin/../lib/gcc/arm-none-eabi/13.3.1/thumb/v7e-m+dp/hard/crtn.o
                0x24080000                        _estack = (ORIGIN (RAM_D1) + LENGTH (RAM_D1))
                0x00004000                        _Min_Heap_Size = 0x4000
                0x00002000                        _Min_Stack_Size = 0x2000

.isr_vector     0x08000000      0x298
                0x08000000                        . = ALIGN (0x4)
 *(.isr_vector)
 .isr_vector    0x08000000      0x298 ./Core/Startup/startup_stm32h743iitx.o
                0x08000000                g_pfnVectors
                0x08000298                        . = ALIGN (0x4)

.text           0x080002a0    0x129a4
                0x080002a0                        . = ALIGN (0x4)
 *(.text)
 .text          0x080002a0       0x40 D:/ST/STM32CubeIDE_1.19.0/STM32CubeIDE/plugins/com.st.stm32cube.ide.mcu.externaltools.gnu-tools-for-stm32.13.3.rel1.win32_1.0.0.202411081344/tools/bin/../lib/gcc/arm-none-eabi/13.3.1/thumb/v7e-m+dp/hard/crtbegin.o
 .text          0x080002e0       0x10 D:/ST/STM32CubeIDE_1.19.0/STM32CubeIDE/plugins/com.st.stm32cube.ide.mcu.externaltools.gnu-tools-for-stm32.13.3.rel1.win32_1.0.0.202411081344/tools/bin/../lib/gcc/arm-none-eabi/13.3.1/../../../../arm-none-eabi/lib/thumb/v7e-m+dp/hard\libc_nano.a(libc_a-strlen.o)
                0x080002e0                strlen
 .text          0x080002f0       0xa0 D:/ST/STM32CubeIDE_1.19.0/STM32CubeIDE/plugins/com.st.stm32cube.ide.mcu.externaltools.gnu-tools-for-stm32.13.3.rel1.win32_1.0.0.202411081344/tools/bin/../lib/gcc/arm-none-eabi/13.3.1/../../../../arm-none-eabi/lib/thumb/v7e-m+dp/hard\libc_nano.a(libc_a-memchr.o)
                0x080002f0                memchr
 .text          0x08000390       0x30 D:/ST/STM32CubeIDE_1.19.0/STM32CubeIDE/plugins/com.st.stm32cube.ide.mcu.externaltools.gnu-tools-for-stm32.13.3.rel1.win32_1.0.0.202411081344/tools/bin/../lib/gcc/arm-none-eabi/13.3.1/thumb/v7e-m+dp/hard\libgcc.a(_aeabi_uldivmod.o)
                0x08000390                __aeabi_uldivmod
 .text          0x080003c0       0x28 D:/ST/STM32CubeIDE_1.19.0/STM32CubeIDE/plugins/com.st.stm32cube.ide.mcu.externaltools.gnu-tools-for-stm32.13.3.rel1.win32_1.0.0.202411081344/tools/bin/../lib/gcc/arm-none-eabi/13.3.1/thumb/v7e-m+dp/hard\libgcc.a(_fixsfdi.o)
                0x080003c0                __fixsfdi
                0x080003c0                __aeabi_f2lz
 .text          0x080003e8       0x40 D:/ST/STM32CubeIDE_1.19.0/STM32CubeIDE/plugins/com.st.stm32cube.ide.mcu.externaltools.gnu-tools-for-stm32.13.3.rel1.win32_1.0.0.202411081344/tools/bin/../lib/gcc/arm-none-eabi/13.3.1/thumb/v7e-m+dp/hard\libgcc.a(_fixunssfdi.o)
                0x080003e8                __fixunssfdi
                0x080003e8                __aeabi_f2ulz
 .text          0x08000428      0x2f8 D:/ST/STM32CubeIDE_1.19.0/STM32CubeIDE/plugins/com.st.stm32cube.ide.mcu.externaltools.gnu-tools-for-stm32.13.3.rel1.win32_1.0.0.202411081344/tools/bin/../lib/gcc/arm-none-eabi/13.3.1/thumb/v7e-m+dp/hard\libgcc.a(_udivmoddi4.o)
                0x08000428                __udivmoddi4
 .text          0x08000720        0x4 D:/ST/STM32CubeIDE_1.19.0/STM32CubeIDE/plugins/com.st.stm32cube.ide.mcu.externaltools.gnu-tools-for-stm32.13.3.rel1.win32_1.0.0.202411081344/tools/bin/../lib/gcc/arm-none-eabi/13.3.1/thumb/v7e-m+dp/hard\libgcc.a(_dvmd_tls.o)
                0x08000720                __aeabi_idiv0
                0x08000720                __aeabi_ldiv0
 *(.text*)
 .text.HAL_DCMI_FrameEventCallback
                0x08000724        0xc ./Core/Src/camera_app.o
                0x08000724                HAL_DCMI_FrameEventCallback
 .text.HAL_DCMI_ErrorCallback
                0x08000730       0x14 ./Core/Src/camera_app.o
                0x08000730                HAL_DCMI_ErrorCallback
 .text.CameraApp_Init
                0x08000744      0x218 ./Core/Src/camera_app.o
                0x08000744                CameraApp_Init
 .text.CameraApp_Run
                0x0800095c      0x474 ./Core/Src/camera_app.o
                0x0800095c                CameraApp_Run
 .text.MX_DCMI_Init
                0x08000dd0       0x3c ./Core/Src/dcmi.o
                0x08000dd0                MX_DCMI_Init
 .text.HAL_DCMI_MspInit
                0x08000e0c      0x1a4 ./Core/Src/dcmi.o
                0x08000e0c                HAL_DCMI_MspInit
 .text.MX_DMA_Init
                0x08000fb0       0x38 ./Core/Src/dma.o
                0x08000fb0                MX_DMA_Init
 .text.MX_GPIO_Init
                0x08000fe8      0x128 ./Core/Src/gpio.o
                0x08000fe8                MX_GPIO_Init
 .text.tjpgd_input
                0x08001110       0x34 ./Core/Src/jpeg_decode.o
 .text.tjpgd_output
                0x08001144       0xe0 ./Core/Src/jpeg_decode.o
 .text.jpeg_to_ai_input
                0x08001224      0x2cc ./Core/Src/jpeg_decode.o
                0x08001224                jpeg_to_ai_input
 .text.JPEG_Stream_Init
                0x080014f0        0x4 ./Core/Src/jpeg_stream.o
                0x080014f0                JPEG_Stream_Init
 .text.JPEG_Stream_GetBuf
                0x080014f4        0x8 ./Core/Src/jpeg_stream.o
                0x080014f4                JPEG_Stream_GetBuf
 .text.JPEG_Stream_GetMaxSize
                0x080014fc        0x8 ./Core/Src/jpeg_stream.o
                0x080014fc                JPEG_Stream_GetMaxSize
 .text.JPEG_Stream_FindFrame
                0x08001504       0x6c ./Core/Src/jpeg_stream.o
                0x08001504                JPEG_Stream_FindFrame
 .text.main_uart_print.part.0
                0x08001570       0x20 ./Core/Src/main.o
 .text.Error_Handler
                0x08001590       0x24 ./Core/Src/main.o
                0x08001590                Error_Handler
 .text.SystemClock_Config
                0x080015b4       0xb4 ./Core/Src/main.o
                0x080015b4                SystemClock_Config
 .text.startup.main
                0x08001668      0x15c ./Core/Src/main.o
                0x08001668                main
 .text.OV2640_ProbeID
                0x080017c4       0x84 ./Core/Src/ov2640.o
                0x080017c4                OV2640_ProbeID
 .text.OV2640_SetOutputFormatJPEG
                0x08001848       0x4c ./Core/Src/ov2640.o
                0x08001848                OV2640_SetOutputFormatJPEG
 .text.OV2640_SetOutputSize
                0x08001894       0x6c ./Core/Src/ov2640.o
                0x08001894                OV2640_SetOutputSize
 .text.OV2640_StartSnapshot
                0x08001900       0x44 ./Core/Src/ov2640.o
                0x08001900                OV2640_StartSnapshot
 .text.OV2640_AttachFrameBuffer
                0x08001944       0x14 ./Core/Src/ov2640.o
                0x08001944                OV2640_AttachFrameBuffer
 .text.OV2640_Probe
                0x08001958       0xa0 ./Core/Src/ov2640.o
                0x08001958                OV2640_Probe
 .text.OV2640_Init
                0x080019f8      0x138 ./Core/Src/ov2640.o
                0x080019f8                OV2640_Init
 .text.sccb_write_byte
                0x08001b30      0x1b4 ./Core/Src/ov2640_sccb.o
 .text.OV2640_SCCB_Init
                0x08001ce4       0x90 ./Core/Src/ov2640_sccb.o
                0x08001ce4                OV2640_SCCB_Init
 .text.OV2640_SCCB_WriteReg
                0x08001d74      0x244 ./Core/Src/ov2640_sccb.o
                0x08001d74                OV2640_SCCB_WriteReg
 .text.OV2640_SCCB_ReadReg
                0x08001fb8      0x6d8 ./Core/Src/ov2640_sccb.o
                0x08001fb8                OV2640_SCCB_ReadReg
 .text.HAL_MspInit
                0x08002690       0x24 ./Core/Src/stm32h7xx_hal_msp.o
                0x08002690                HAL_MspInit
 .text.fault_dump_regs
                0x080026b4       0x40 ./Core/Src/stm32h7xx_it.o
 .text.NMI_Handler
                0x080026f4        0x4 ./Core/Src/stm32h7xx_it.o
                0x080026f4                NMI_Handler
 .text.HardFault_Handler
                0x080026f8       0x3c ./Core/Src/stm32h7xx_it.o
                0x080026f8                HardFault_Handler
 .text.MemManage_Handler
                0x08002734       0x3c ./Core/Src/stm32h7xx_it.o
                0x08002734                MemManage_Handler
 .text.BusFault_Handler
                0x08002770       0x3c ./Core/Src/stm32h7xx_it.o
                0x08002770                BusFault_Handler
 .text.UsageFault_Handler
                0x080027ac       0x3c ./Core/Src/stm32h7xx_it.o
                0x080027ac                UsageFault_Handler
 .text.SVC_Handler
                0x080027e8        0x4 ./Core/Src/stm32h7xx_it.o
                0x080027e8                SVC_Handler
 .text.DebugMon_Handler
                0x080027ec        0x4 ./Core/Src/stm32h7xx_it.o
                0x080027ec                DebugMon_Handler
 .text.PendSV_Handler
                0x080027f0        0x4 ./Core/Src/stm32h7xx_it.o
                0x080027f0                PendSV_Handler
 .text.SysTick_Handler
                0x080027f4        0x4 ./Core/Src/stm32h7xx_it.o
                0x080027f4                SysTick_Handler
 .text.DMA2_Stream3_IRQHandler
                0x080027f8        0xc ./Core/Src/stm32h7xx_it.o
                0x080027f8                DMA2_Stream3_IRQHandler
 .text.DCMI_IRQHandler
                0x08002804        0xc ./Core/Src/stm32h7xx_it.o
                0x08002804                DCMI_IRQHandler
 .text._sbrk    0x08002810       0x48 ./Core/Src/sysmem.o
                0x08002810                _sbrk
 .text.SystemInit
                0x08002858       0xec ./Core/Src/system_stm32h7xx.o
                0x08002858                SystemInit
 .text.ExitRun0Mode
                0x08002944       0x18 ./Core/Src/system_stm32h7xx.o
                0x08002944                ExitRun0Mode
 .text.bitext   0x0800295c       0xd4 ./Core/Src/tjpgd.o
 .text.jd_prepare
                0x08002a30      0x61c ./Core/Src/tjpgd.o
                0x08002a30                jd_prepare
 .text.jd_decomp
                0x0800304c      0xddc ./Core/Src/tjpgd.o
                0x0800304c                jd_decomp
 .text.MX_USART1_UART_Init
                0x08003e28       0x88 ./Core/Src/usart.o
                0x08003e28                MX_USART1_UART_Init
 .text.HAL_UART_MspInit
                0x08003eb0       0xac ./Core/Src/usart.o
                0x08003eb0                HAL_UART_MspInit
 .text.Reset_Handler
                0x08003f5c       0x54 ./Core/Startup/startup_stm32h743iitx.o
                0x08003f5c                Reset_Handler
 .text.Default_Handler
                0x08003fb0        0x2 ./Core/Startup/startup_stm32h743iitx.o
                0x08003fb0                RTC_Alarm_IRQHandler
                0x08003fb0                EXTI2_IRQHandler
                0x08003fb0                TIM8_CC_IRQHandler
                0x08003fb0                HRTIM1_Master_IRQHandler
                0x08003fb0                UART8_IRQHandler
                0x08003fb0                SPI4_IRQHandler
                0x08003fb0                TIM1_CC_IRQHandler
                0x08003fb0                BDMA_Channel6_IRQHandler
                0x08003fb0                DMA2_Stream5_IRQHandler
                0x08003fb0                HRTIM1_FLT_IRQHandler
                0x08003fb0                JPEG_IRQHandler
                0x08003fb0                DMA1_Stream5_IRQHandler
                0x08003fb0                BDMA_Channel1_IRQHandler
                0x08003fb0                HRTIM1_TIMD_IRQHandler
                0x08003fb0                TAMP_STAMP_IRQHandler
                0x08003fb0                EXTI3_IRQHandler
                0x08003fb0                LPTIM4_IRQHandler
                0x08003fb0                TIM8_TRG_COM_TIM14_IRQHandler
                0x08003fb0                LPTIM2_IRQHandler
                0x08003fb0                DFSDM1_FLT1_IRQHandler
                0x08003fb0                DMAMUX2_OVR_IRQHandler
                0x08003fb0                TIM8_UP_TIM13_IRQHandler
                0x08003fb0                I2C3_ER_IRQHandler
                0x08003fb0                DFSDM1_FLT2_IRQHandler
                0x08003fb0                MDMA_IRQHandler
                0x08003fb0                LPTIM3_IRQHandler
                0x08003fb0                HSEM1_IRQHandler
                0x08003fb0                EXTI0_IRQHandler
                0x08003fb0                I2C2_EV_IRQHandler
                0x08003fb0                DMA1_Stream2_IRQHandler
                0x08003fb0                FPU_IRQHandler
                0x08003fb0                OTG_HS_WKUP_IRQHandler
                0x08003fb0                FDCAN1_IT1_IRQHandler
                0x08003fb0                LTDC_ER_IRQHandler
                0x08003fb0                DMA2_Stream2_IRQHandler
                0x08003fb0                HRTIM1_TIME_IRQHandler
                0x08003fb0                SPI1_IRQHandler
                0x08003fb0                TIM6_DAC_IRQHandler
                0x08003fb0                HRTIM1_TIMC_IRQHandler
                0x08003fb0                SAI2_IRQHandler
                0x08003fb0                DFSDM1_FLT3_IRQHandler
                0x08003fb0                USART6_IRQHandler
                0x08003fb0                TIM17_IRQHandler
                0x08003fb0                USART3_IRQHandler
                0x08003fb0                BDMA_Channel7_IRQHandler
                0x08003fb0                LPTIM5_IRQHandler
                0x08003fb0                UART5_IRQHandler
                0x08003fb0                ADC3_IRQHandler
                0x08003fb0                DMA2_Stream0_IRQHandler
                0x08003fb0                TIM4_IRQHandler
                0x08003fb0                BDMA_Channel2_IRQHandler
                0x08003fb0                QUADSPI_IRQHandler
                0x08003fb0                I2C1_EV_IRQHandler
                0x08003fb0                DMA1_Stream6_IRQHandler
                0x08003fb0                DMAMUX1_OVR_IRQHandler
                0x08003fb0                DMA1_Stream1_IRQHandler
                0x08003fb0                TIM16_IRQHandler
                0x08003fb0                UART4_IRQHandler
                0x08003fb0                BDMA_Channel5_IRQHandler
                0x08003fb0                TIM3_IRQHandler
                0x08003fb0                RCC_IRQHandler
                0x08003fb0                TIM8_BRK_TIM12_IRQHandler
                0x08003fb0                TIM1_TRG_COM_IRQHandler
                0x08003fb0                Default_Handler
                0x08003fb0                ECC_IRQHandler
                0x08003fb0                CEC_IRQHandler
                0x08003fb0                EXTI15_10_IRQHandler
                0x08003fb0                BDMA_Channel0_IRQHandler
                0x08003fb0                ADC_IRQHandler
                0x08003fb0                DMA1_Stream7_IRQHandler
                0x08003fb0                HRTIM1_TIMA_IRQHandler
                0x08003fb0                SPI5_IRQHandler
                0x08003fb0                TIM7_IRQHandler
                0x08003fb0                SDMMC1_IRQHandler
                0x08003fb0                TIM5_IRQHandler
                0x08003fb0                DMA2_Stream7_IRQHandler
                0x08003fb0                TIM15_IRQHandler
                0x08003fb0                PVD_AVD_IRQHandler
                0x08003fb0                I2C3_EV_IRQHandler
                0x08003fb0                EXTI9_5_IRQHandler
                0x08003fb0                RTC_WKUP_IRQHandler
                0x08003fb0                LTDC_IRQHandler
                0x08003fb0                SAI3_IRQHandler
                0x08003fb0                ETH_WKUP_IRQHandler
                0x08003fb0                SPDIF_RX_IRQHandler
                0x08003fb0                SPI2_IRQHandler
                0x08003fb0                OTG_HS_EP1_IN_IRQHandler
                0x08003fb0                DMA1_Stream0_IRQHandler
                0x08003fb0                CRS_IRQHandler
                0x08003fb0                EXTI4_IRQHandler
                0x08003fb0                RNG_IRQHandler
                0x08003fb0                HRTIM1_TIMB_IRQHandler
                0x08003fb0                FDCAN2_IT1_IRQHandler
                0x08003fb0                ETH_IRQHandler
                0x08003fb0                TIM1_UP_IRQHandler
                0x08003fb0                BDMA_Channel4_IRQHandler
                0x08003fb0                OTG_HS_EP1_OUT_IRQHandler
                0x08003fb0                WWDG_IRQHandler
                0x08003fb0                SPI6_IRQHandler
                0x08003fb0                MDIOS_IRQHandler
                0x08003fb0                I2C4_EV_IRQHandler
                0x08003fb0                FDCAN2_IT0_IRQHandler
                0x08003fb0                LPUART1_IRQHandler
                0x08003fb0                FDCAN1_IT0_IRQHandler
                0x08003fb0                TIM2_IRQHandler
                0x08003fb0                OTG_FS_WKUP_IRQHandler
                0x08003fb0                OTG_HS_IRQHandler
                0x08003fb0                DMA2D_IRQHandler
                0x08003fb0                TIM1_BRK_IRQHandler
                0x08003fb0                EXTI1_IRQHandler
                0x08003fb0                SDMMC2_IRQHandler
                0x08003fb0                OTG_FS_EP1_OUT_IRQHandler
                0x08003fb0                BDMA_Channel3_IRQHandler
                0x08003fb0                UART7_IRQHandler
                0x08003fb0                MDIOS_WKUP_IRQHandler
                0x08003fb0                USART2_IRQHandler
                0x08003fb0                DFSDM1_FLT0_IRQHandler
                0x08003fb0                SAI4_IRQHandler
                0x08003fb0                I2C2_ER_IRQHandler
                0x08003fb0                DMA2_Stream1_IRQHandler
                0x08003fb0                FLASH_IRQHandler
                0x08003fb0                DMA2_Stream4_IRQHandler
                0x08003fb0                USART1_IRQHandler
                0x08003fb0                OTG_FS_IRQHandler
                0x08003fb0                SPI3_IRQHandler
                0x08003fb0                WAKEUP_PIN_IRQHandler
                0x08003fb0                DMA1_Stream4_IRQHandler
                0x08003fb0                OTG_FS_EP1_IN_IRQHandler
                0x08003fb0                I2C1_ER_IRQHandler
                0x08003fb0                FMC_IRQHandler
                0x08003fb0                FDCAN_CAL_IRQHandler
                0x08003fb0                SWPMI1_IRQHandler
                0x08003fb0                COMP1_IRQHandler
                0x08003fb0                LPTIM1_IRQHandler
                0x08003fb0                I2C4_ER_IRQHandler
                0x08003fb0                DMA2_Stream6_IRQHandler
                0x08003fb0                SAI1_IRQHandler
                0x08003fb0                DMA1_Stream3_IRQHandler
 *fill*         0x08003fb2        0x2 
 .text.HAL_InitTick
                0x08003fb4       0x4c ./Drivers/STM32H7xx_HAL_Driver/Src/stm32h7xx_hal.o
                0x08003fb4                HAL_InitTick
 .text.HAL_Init
                0x08004000       0x60 ./Drivers/STM32H7xx_HAL_Driver/Src/stm32h7xx_hal.o
                0x08004000                HAL_Init
 .text.HAL_IncTick
                0x08004060       0x18 ./Drivers/STM32H7xx_HAL_Driver/Src/stm32h7xx_hal.o
                0x08004060                HAL_IncTick
 .text.HAL_GetTick
                0x08004078        0xc ./Drivers/STM32H7xx_HAL_Driver/Src/stm32h7xx_hal.o
                0x08004078                HAL_GetTick
 .text.HAL_Delay
                0x08004084       0x24 ./Drivers/STM32H7xx_HAL_Driver/Src/stm32h7xx_hal.o
                0x08004084                HAL_Delay
 .text.HAL_GetREVID
                0x080040a8        0xc ./Drivers/STM32H7xx_HAL_Driver/Src/stm32h7xx_hal.o
                0x080040a8                HAL_GetREVID
 .text.HAL_SYSCFG_AnalogSwitchConfig
                0x080040b4       0x14 ./Drivers/STM32H7xx_HAL_Driver/Src/stm32h7xx_hal.o
                0x080040b4                HAL_SYSCFG_AnalogSwitchConfig
 .text.HAL_NVIC_SetPriorityGrouping
                0x080040c8       0x24 ./Drivers/STM32H7xx_HAL_Driver/Src/stm32h7xx_hal_cortex.o
                0x080040c8                HAL_NVIC_SetPriorityGrouping
 .text.HAL_NVIC_SetPriority
                0x080040ec       0x78 ./Drivers/STM32H7xx_HAL_Driver/Src/stm32h7xx_hal_cortex.o
                0x080040ec                HAL_NVIC_SetPriority
 .text.HAL_NVIC_EnableIRQ
                0x08004164       0x1c ./Drivers/STM32H7xx_HAL_Driver/Src/stm32h7xx_hal_cortex.o
                0x08004164                HAL_NVIC_EnableIRQ
 .text.HAL_SYSTICK_Config
                0x08004180       0x2c ./Drivers/STM32H7xx_HAL_Driver/Src/stm32h7xx_hal_cortex.o
                0x08004180                HAL_SYSTICK_Config
 .text.HAL_MPU_Disable
                0x080041ac       0x1c ./Drivers/STM32H7xx_HAL_Driver/Src/stm32h7xx_hal_cortex.o
                0x080041ac                HAL_MPU_Disable
 .text.HAL_MPU_Enable
                0x080041c8       0x20 ./Drivers/STM32H7xx_HAL_Driver/Src/stm32h7xx_hal_cortex.o
                0x080041c8                HAL_MPU_Enable
 .text.HAL_MPU_ConfigRegion
                0x080041e8       0x60 ./Drivers/STM32H7xx_HAL_Driver/Src/stm32h7xx_hal_cortex.o
                0x080041e8                HAL_MPU_ConfigRegion
 .text.DCMI_DMAXferCplt
                0x08004248       0x88 ./Drivers/STM32H7xx_HAL_Driver/Src/stm32h7xx_hal_dcmi.o
 .text.HAL_DCMI_Init
                0x080042d0       0x9c ./Drivers/STM32H7xx_HAL_Driver/Src/stm32h7xx_hal_dcmi.o
                0x080042d0                HAL_DCMI_Init
 .text.HAL_DCMI_Start_DMA
                0x0800436c      0x100 ./Drivers/STM32H7xx_HAL_Driver/Src/stm32h7xx_hal_dcmi.o
                0x0800436c                HAL_DCMI_Start_DMA
 .text.HAL_DCMI_Stop
                0x0800446c       0x84 ./Drivers/STM32H7xx_HAL_Driver/Src/stm32h7xx_hal_dcmi.o
                0x0800446c                HAL_DCMI_Stop
 .text.DCMI_DMAError
                0x080044f0       0x20 ./Drivers/STM32H7xx_HAL_Driver/Src/stm32h7xx_hal_dcmi.o
 .text.HAL_DCMI_LineEventCallback
                0x08004510        0x4 ./Drivers/STM32H7xx_HAL_Driver/Src/stm32h7xx_hal_dcmi.o
                0x08004510                HAL_DCMI_LineEventCallback
 .text.HAL_DCMI_VsyncEventCallback
                0x08004514        0x4 ./Drivers/STM32H7xx_HAL_Driver/Src/stm32h7xx_hal_dcmi.o
                0x08004514                HAL_DCMI_VsyncEventCallback
 .text.HAL_DCMI_IRQHandler
                0x08004518       0x9c ./Drivers/STM32H7xx_HAL_Driver/Src/stm32h7xx_hal_dcmi.o
                0x08004518                HAL_DCMI_IRQHandler
 .text.DMA_CalcBaseAndBitshift
                0x080045b4      0x100 ./Drivers/STM32H7xx_HAL_Driver/Src/stm32h7xx_hal_dma.o
 .text.DMA_CalcDMAMUXChannelBaseAndMask
                0x080046b4       0xd4 ./Drivers/STM32H7xx_HAL_Driver/Src/stm32h7xx_hal_dma.o
 .text.HAL_DMA_Init
                0x08004788      0x520 ./Drivers/STM32H7xx_HAL_Driver/Src/stm32h7xx_hal_dma.o
                0x08004788                HAL_DMA_Init
 .text.HAL_DMA_Start_IT
                0x08004ca8      0x668 ./Drivers/STM32H7xx_HAL_Driver/Src/stm32h7xx_hal_dma.o
                0x08004ca8                HAL_DMA_Start_IT
 .text.HAL_DMA_Abort
                0x08005310      0x36c ./Drivers/STM32H7xx_HAL_Driver/Src/stm32h7xx_hal_dma.o
                0x08005310                HAL_DMA_Abort
 .text.HAL_DMA_Abort_IT
                0x0800567c      0x194 ./Drivers/STM32H7xx_HAL_Driver/Src/stm32h7xx_hal_dma.o
                0x0800567c                HAL_DMA_Abort_IT
 .text.HAL_DMA_IRQHandler
                0x08005810      0x424 ./Drivers/STM32H7xx_HAL_Driver/Src/stm32h7xx_hal_dma.o
                0x08005810                HAL_DMA_IRQHandler
 .text.DMA_MultiBufferSetConfig
                0x08005c34       0x1c ./Drivers/STM32H7xx_HAL_Driver/Src/stm32h7xx_hal_dma_ex.o
 .text.HAL_DMAEx_MultiBufferStart_IT
                0x08005c50      0x2ec ./Drivers/STM32H7xx_HAL_Driver/Src/stm32h7xx_hal_dma_ex.o
                0x08005c50                HAL_DMAEx_MultiBufferStart_IT
 .text.HAL_DMAEx_ChangeMemory
                0x08005f3c       0x1c ./Drivers/STM32H7xx_HAL_Driver/Src/stm32h7xx_hal_dma_ex.o
                0x08005f3c                HAL_DMAEx_ChangeMemory
 .text.HAL_GPIO_Init
                0x08005f58      0x40c ./Drivers/STM32H7xx_HAL_Driver/Src/stm32h7xx_hal_gpio.o
                0x08005f58                HAL_GPIO_Init
 .text.HAL_GPIO_WritePin
                0x08006364        0x8 ./Drivers/STM32H7xx_HAL_Driver/Src/stm32h7xx_hal_gpio.o
                0x08006364                HAL_GPIO_WritePin
 .text.HAL_GPIO_TogglePin
                0x0800636c       0x14 ./Drivers/STM32H7xx_HAL_Driver/Src/stm32h7xx_hal_gpio.o
                0x0800636c                HAL_GPIO_TogglePin
 .text.HAL_PWREx_ConfigSupply
                0x08006380       0x48 ./Drivers/STM32H7xx_HAL_Driver/Src/stm32h7xx_hal_pwr_ex.o
                0x08006380                HAL_PWREx_ConfigSupply
 .text.HAL_RCC_GetSysClockFreq.part.0
                0x080063c8       0xe4 ./Drivers/STM32H7xx_HAL_Driver/Src/stm32h7xx_hal_rcc.o
 .text.HAL_RCC_OscConfig
                0x080064ac      0x5dc ./Drivers/STM32H7xx_HAL_Driver/Src/stm32h7xx_hal_rcc.o
                0x080064ac                HAL_RCC_OscConfig
 .text.HAL_RCC_GetSysClockFreq
                0x08006a88      0x11c ./Drivers/STM32H7xx_HAL_Driver/Src/stm32h7xx_hal_rcc.o
                0x08006a88                HAL_RCC_GetSysClockFreq
 .text.HAL_RCC_ClockConfig
                0x08006ba4      0x254 ./Drivers/STM32H7xx_HAL_Driver/Src/stm32h7xx_hal_rcc.o
                0x08006ba4                HAL_RCC_ClockConfig
 .text.HAL_RCC_GetHCLKFreq
                0x08006df8       0x80 ./Drivers/STM32H7xx_HAL_Driver/Src/stm32h7xx_hal_rcc.o
                0x08006df8                HAL_RCC_GetHCLKFreq
 .text.HAL_RCC_GetPCLK1Freq
                0x08006e78       0x90 ./Drivers/STM32H7xx_HAL_Driver/Src/stm32h7xx_hal_rcc.o
                0x08006e78                HAL_RCC_GetPCLK1Freq
 .text.HAL_RCC_GetPCLK2Freq
                0x08006f08       0x90 ./Drivers/STM32H7xx_HAL_Driver/Src/stm32h7xx_hal_rcc.o
                0x08006f08                HAL_RCC_GetPCLK2Freq
 .text.RCCEx_PLL2_Config.part.0
                0x08006f98       0xe0 ./Drivers/STM32H7xx_HAL_Driver/Src/stm32h7xx_hal_rcc_ex.o
 .text.RCCEx_PLL3_Config.part.0
                0x08007078       0xe0 ./Drivers/STM32H7xx_HAL_Driver/Src/stm32h7xx_hal_rcc_ex.o
 .text.HAL_RCCEx_PeriphCLKConfig
                0x08007158      0xe88 ./Drivers/STM32H7xx_HAL_Driver/Src/stm32h7xx_hal_rcc_ex.o
                0x08007158                HAL_RCCEx_PeriphCLKConfig
 .text.HAL_RCCEx_GetD3PCLK1Freq
                0x08007fe0       0x24 ./Drivers/STM32H7xx_HAL_Driver/Src/stm32h7xx_hal_rcc_ex.o
                0x08007fe0                HAL_RCCEx_GetD3PCLK1Freq
 .text.HAL_RCCEx_GetPLL2ClockFreq
                0x08008004      0x134 ./Drivers/STM32H7xx_HAL_Driver/Src/stm32h7xx_hal_rcc_ex.o
                0x08008004                HAL_RCCEx_GetPLL2ClockFreq
 .text.HAL_RCCEx_GetPLL3ClockFreq
                0x08008138      0x134 ./Drivers/STM32H7xx_HAL_Driver/Src/stm32h7xx_hal_rcc_ex.o
                0x08008138                HAL_RCCEx_GetPLL3ClockFreq
 .text.HAL_UART_Transmit
                0x0800826c      0x12c ./Drivers/STM32H7xx_HAL_Driver/Src/stm32h7xx_hal_uart.o
                0x0800826c                HAL_UART_Transmit
 .text.UART_SetConfig
                0x08008398      0x37c ./Drivers/STM32H7xx_HAL_Driver/Src/stm32h7xx_hal_uart.o
                0x08008398                UART_SetConfig
 .text.UART_AdvFeatureConfig
                0x08008714       0xb0 ./Drivers/STM32H7xx_HAL_Driver/Src/stm32h7xx_hal_uart.o
                0x08008714                UART_AdvFeatureConfig
 .text.UART_CheckIdleState
                0x080087c4      0x258 ./Drivers/STM32H7xx_HAL_Driver/Src/stm32h7xx_hal_uart.o
                0x080087c4                UART_CheckIdleState
 .text.HAL_UART_Init
                0x08008a1c       0x68 ./Drivers/STM32H7xx_HAL_Driver/Src/stm32h7xx_hal_uart.o
                0x08008a1c                HAL_UART_Init
 .text.HAL_UARTEx_DisableFifoMode
                0x08008a84       0x3c ./Drivers/STM32H7xx_HAL_Driver/Src/stm32h7xx_hal_uart_ex.o
                0x08008a84                HAL_UARTEx_DisableFifoMode
 .text.HAL_UARTEx_SetTxFifoThreshold
                0x08008ac0       0x84 ./Drivers/STM32H7xx_HAL_Driver/Src/stm32h7xx_hal_uart_ex.o
                0x08008ac0                HAL_UARTEx_SetTxFifoThreshold
 .text.HAL_UARTEx_SetRxFifoThreshold
                0x08008b44       0x84 ./Drivers/STM32H7xx_HAL_Driver/Src/stm32h7xx_hal_uart_ex.o
                0x08008b44                HAL_UARTEx_SetRxFifoThreshold
 .text.waterlevel_configure_weights
                0x08008bc8      0x720 ./X-CUBE-AI/App/waterlevel.o
 .text.waterlevel_configure_activations
                0x080092e8      0x4f8 ./X-CUBE-AI/App/waterlevel.o
 .text.ai_waterlevel_create_and_init
                0x080097e0       0xd8 ./X-CUBE-AI/App/waterlevel.o
                0x080097e0                ai_waterlevel_create_and_init
 .text.ai_waterlevel_inputs_get
                0x080098b8       0x1c ./X-CUBE-AI/App/waterlevel.o
                0x080098b8                ai_waterlevel_inputs_get
 .text.ai_waterlevel_outputs_get
                0x080098d4       0x1c ./X-CUBE-AI/App/waterlevel.o
                0x080098d4                ai_waterlevel_outputs_get
 .text.ai_waterlevel_run
                0x080098f0        0x4 ./X-CUBE-AI/App/waterlevel.o
                0x080098f0                ai_waterlevel_run
 .text.ai_waterlevel_data_params_get
                0x080098f4       0x34 ./X-CUBE-AI/App/waterlevel_data.o
                0x080098f4                ai_waterlevel_data_params_get
 .text.ai_buffer_get_size
                0x08009928       0x60 ../Middlewares/ST/AI/Lib\NetworkRuntime1020_CM7_GCC.a(ai_platform.o)
                0x08009928                ai_buffer_get_size
 .text.ai_buffer_array_sane
                0x08009988       0x14 ../Middlewares/ST/AI/Lib\NetworkRuntime1020_CM7_GCC.a(ai_platform.o)
                0x08009988                ai_buffer_array_sane
 .text.ai_buffer_array_item_set_address
                0x0800999c       0x1c ../Middlewares/ST/AI/Lib\NetworkRuntime1020_CM7_GCC.a(ai_platform.o)
                0x0800999c                ai_buffer_array_item_set_address
 .text.ai_platform_get_weights_map
                0x080099b8       0xb0 ../Middlewares/ST/AI/Lib\NetworkRuntime1020_CM7_GCC.a(ai_platform_interface.o)
                0x080099b8                ai_platform_get_weights_map
 .text.ai_platform_get_activations_map
                0x08009a68       0xb4 ../Middlewares/ST/AI/Lib\NetworkRuntime1020_CM7_GCC.a(ai_platform_interface.o)
                0x08009a68                ai_platform_get_activations_map
 .text.ai_platform_bind_network_params
                0x08009b1c       0x34 ../Middlewares/ST/AI/Lib\NetworkRuntime1020_CM7_GCC.a(ai_platform_interface.o)
                0x08009b1c                ai_platform_bind_network_params
 .text.ai_platform_network_get_error
                0x08009b50       0x18 ../Middlewares/ST/AI/Lib\NetworkRuntime1020_CM7_GCC.a(ai_platform_interface.o)
                0x08009b50                ai_platform_network_get_error
 .text.ai_platform_network_set_error
                0x08009b68        0xc ../Middlewares/ST/AI/Lib\NetworkRuntime1020_CM7_GCC.a(ai_platform_interface.o)
                0x08009b68                ai_platform_network_set_error
 .text.ai_platform_inputs_get
                0x08009b74       0xf4 ../Middlewares/ST/AI/Lib\NetworkRuntime1020_CM7_GCC.a(ai_platform_interface.o)
                0x08009b74                ai_platform_inputs_get
 .text.ai_platform_outputs_get
                0x08009c68       0xec ../Middlewares/ST/AI/Lib\NetworkRuntime1020_CM7_GCC.a(ai_platform_interface.o)
                0x08009c68                ai_platform_outputs_get
 .text.ai_platform_network_create
                0x08009d54       0x84 ../Middlewares/ST/AI/Lib\NetworkRuntime1020_CM7_GCC.a(ai_platform_interface.o)
                0x08009d54                ai_platform_network_create
 .text.ai_platform_network_init
                0x08009dd8      0x144 ../Middlewares/ST/AI/Lib\NetworkRuntime1020_CM7_GCC.a(ai_platform_interface.o)
                0x08009dd8                ai_platform_network_init
 .text.ai_platform_network_post_init
                0x08009f1c       0x58 ../Middlewares/ST/AI/Lib\NetworkRuntime1020_CM7_GCC.a(ai_platform_interface.o)
                0x08009f1c                ai_platform_network_post_init
 .text.ai_platform_network_process
                0x08009f74      0x44c ../Middlewares/ST/AI/Lib\NetworkRuntime1020_CM7_GCC.a(ai_platform_interface.o)
                0x08009f74                ai_platform_network_process
 .text.core_init
                0x0800a3c0        0x4 ../Middlewares/ST/AI/Lib\NetworkRuntime1020_CM7_GCC.a(core_common.o)
                0x0800a3c0                core_init
 .text.core_get_error
                0x0800a3c4        0xc ../Middlewares/ST/AI/Lib\NetworkRuntime1020_CM7_GCC.a(core_common.o)
                0x0800a3c4                core_get_error
 .text.core_set_error
                0x0800a3d0       0x18 ../Middlewares/ST/AI/Lib\NetworkRuntime1020_CM7_GCC.a(core_common.o)
                0x0800a3d0                core_set_error
 .text.ai_check_custom_types
                0x0800a3e8       0x50 ../Middlewares/ST/AI/Lib\NetworkRuntime1020_CM7_GCC.a(layers.o)
                0x0800a3e8                ai_check_custom_types
 .text.ai_layers_init_all
                0x0800a438       0x20 ../Middlewares/ST/AI/Lib\NetworkRuntime1020_CM7_GCC.a(layers.o)
                0x0800a438                ai_layers_init_all
 .text.ai_layers_post_init_all
                0x0800a458       0x30 ../Middlewares/ST/AI/Lib\NetworkRuntime1020_CM7_GCC.a(layers.o)
                0x0800a458                ai_layers_post_init_all
 .text.ai_layers_forward_all
                0x0800a488       0x90 ../Middlewares/ST/AI/Lib\NetworkRuntime1020_CM7_GCC.a(layers.o)
                0x0800a488                ai_layers_forward_all
 .text.forward_conv2d_sssa8_ch
                0x0800a518      0x1c8 ../Middlewares/ST/AI/Lib\NetworkRuntime1020_CM7_GCC.a(layers_conv2d_sssa8_ch.o)
                0x0800a518                forward_conv2d_sssa8_ch
 .text.forward_dense_integer_SSSA
                0x0800a6e0      0x1e8 ../Middlewares/ST/AI/Lib\NetworkRuntime1020_CM7_GCC.a(layers_conv2d_stm32_integer.o)
                0x0800a6e0                forward_dense_integer_SSSA
 .text.forward_dense_integer_SSSA_ch
                0x0800a8c8      0x1e4 ../Middlewares/ST/AI/Lib\NetworkRuntime1020_CM7_GCC.a(layers_conv2d_stm32_integer.o)
                0x0800a8c8                forward_dense_integer_SSSA_ch
 .text.forward_dw_sssa8_ch
                0x0800aaac      0x1b4 ../Middlewares/ST/AI/Lib\NetworkRuntime1020_CM7_GCC.a(layers_dw_sssa8_ch.o)
                0x0800aaac                forward_dw_sssa8_ch
 .text.forward_dw_3x3_sssa8_ch
                0x0800ac60      0x188 ../Middlewares/ST/AI/Lib\NetworkRuntime1020_CM7_GCC.a(layers_dw_sssa8_ch.o)
                0x0800ac60                forward_dw_3x3_sssa8_ch
 .text.forward_pad
                0x0800ade8       0x20 ../Middlewares/ST/AI/Lib\NetworkRuntime1020_CM7_GCC.a(layers_generic_float.o)
                0x0800ade8                forward_pad
 .text.forward_nl_integer
                0x0800ae08       0xa0 ../Middlewares/ST/AI/Lib\NetworkRuntime1020_CM7_GCC.a(layers_nl_stm32_integer.o)
                0x0800ae08                forward_nl_integer
 .text.forward_pad_8bit_ch1st_3x3_constant
                0x0800aea8       0x94 ../Middlewares/ST/AI/Lib\NetworkRuntime1020_CM7_GCC.a(layers_pad_generic.o)
                0x0800aea8                forward_pad_8bit_ch1st_3x3_constant
 .text.forward_pad_constant
                0x0800af3c       0x8c ../Middlewares/ST/AI/Lib\NetworkRuntime1020_CM7_GCC.a(layers_pad_generic.o)
                0x0800af3c                forward_pad_constant
 .text.forward_pad_edge
                0x0800afc8       0x80 ../Middlewares/ST/AI/Lib\NetworkRuntime1020_CM7_GCC.a(layers_pad_generic.o)
                0x0800afc8                forward_pad_edge
 .text.forward_pad_reflect
                0x0800b048       0xa0 ../Middlewares/ST/AI/Lib\NetworkRuntime1020_CM7_GCC.a(layers_pad_generic.o)
                0x0800b048                forward_pad_reflect
 .text.forward_ap_integer_INT8
                0x0800b0e8      0x1bc ../Middlewares/ST/AI/Lib\NetworkRuntime1020_CM7_GCC.a(layers_pool_stm32_integer.o)
                0x0800b0e8                forward_ap_integer_INT8
 .text.forward_pw_sssa8_ch
                0x0800b2a4      0x17c ../Middlewares/ST/AI/Lib\NetworkRuntime1020_CM7_GCC.a(layers_pw_sssa8_ch.o)
                0x0800b2a4                forward_pw_sssa8_ch
 .text.forward_eltwise_integer_INT8
                0x0800b420      0x3b4 ../Middlewares/ST/AI/Lib\NetworkRuntime1020_CM7_GCC.a(layers_stm32_integer.o)
                0x0800b420                forward_eltwise_integer_INT8
 .text.forward_dw_3x3_ch1st_sssa8_ch
                0x0800b7d4      0x188 ../Middlewares/ST/AI/Lib\NetworkRuntime1020_CM7_GCC.a(layers_dw_ch1st_sssa8_ch.o)
                0x0800b7d4                forward_dw_3x3_ch1st_sssa8_ch
 .text.forward_lite_dense_is8os8ws8_ch
                0x0800b95c       0x7c ../Middlewares/ST/AI/Lib\NetworkRuntime1020_CM7_GCC.a(forward_lite_dense_is8os8ws8_ch.o)
                0x0800b95c                forward_lite_dense_is8os8ws8_ch
 .text.forward_lite_dense_is8os8ws8
                0x0800b9d8       0x84 ../Middlewares/ST/AI/Lib\NetworkRuntime1020_CM7_GCC.a(forward_lite_dense_is8os8ws8.o)
                0x0800b9d8                forward_lite_dense_is8os8ws8
 .text.forward_lite_avepool_is8os8
                0x0800ba5c       0x4c ../Middlewares/ST/AI/Lib\NetworkRuntime1020_CM7_GCC.a(forward_lite_avepool_is8os8.o)
                0x0800ba5c                forward_lite_avepool_is8os8
 .text.st_dw_sssa8_ch_Wadapt_3x3_ch1st
                0x0800baa8       0x7c ../Middlewares/ST/AI/Lib\NetworkRuntime1020_CM7_GCC.a(forward_lite_dw_sssa8_ch.o)
                0x0800baa8                st_dw_sssa8_ch_Wadapt_3x3_ch1st
 .text.forward_lite_dw_3x3_ch1st_sssa8_ch
                0x0800bb24      0x150 ../Middlewares/ST/AI/Lib\NetworkRuntime1020_CM7_GCC.a(forward_lite_dw_sssa8_ch.o)
                0x0800bb24                forward_lite_dw_3x3_ch1st_sssa8_ch
 .text.st_dw_sssa8_ch_Wadapt
                0x0800bc74      0x164 ../Middlewares/ST/AI/Lib\NetworkRuntime1020_CM7_GCC.a(forward_lite_dw_sssa8_ch.o)
                0x0800bc74                st_dw_sssa8_ch_Wadapt
 .text.forward_lite_dw_3x3_sssa8_ch
                0x0800bdd8      0xad0 ../Middlewares/ST/AI/Lib\NetworkRuntime1020_CM7_GCC.a(forward_lite_dw_sssa8_ch.o)
                0x0800bdd8                forward_lite_dw_3x3_sssa8_ch
 .text.forward_lite_dw_sssa8_ch
                0x0800c8a8      0x804 ../Middlewares/ST/AI/Lib\NetworkRuntime1020_CM7_GCC.a(forward_lite_dw_sssa8_ch.o)
                0x0800c8a8                forward_lite_dw_sssa8_ch
 .text.forward_lite_pw_sssa8_ch
                0x0800d0ac      0x428 ../Middlewares/ST/AI/Lib\NetworkRuntime1020_CM7_GCC.a(forward_lite_pw_sssa8_ch.o)
                0x0800d0ac                forward_lite_pw_sssa8_ch
 .text.forward_lite_conv2d_sssa8_ch
                0x0800d4d4      0xa00 ../Middlewares/ST/AI/Lib\NetworkRuntime1020_CM7_GCC.a(forward_lite_conv2d_sssa8_ch.o)
                0x0800d4d4                forward_lite_conv2d_sssa8_ch
 .text.forward_lite_pad_8bit_ch1st_3x3_constant_P0022
                0x0800ded4       0x60 ../Middlewares/ST/AI/Lib\NetworkRuntime1020_CM7_GCC.a(forward_lite_pad_generic.o)
                0x0800ded4                forward_lite_pad_8bit_ch1st_3x3_constant_P0022
 .text.forward_lite_pad_8bit_ch1st_3x3_constant_P1111
                0x0800df34      0x190 ../Middlewares/ST/AI/Lib\NetworkRuntime1020_CM7_GCC.a(forward_lite_pad_generic.o)
                0x0800df34                forward_lite_pad_8bit_ch1st_3x3_constant_P1111
 .text.forward_lite_pad_constant
                0x0800e0c4      0x138 ../Middlewares/ST/AI/Lib\NetworkRuntime1020_CM7_GCC.a(forward_lite_pad_generic.o)
                0x0800e0c4                forward_lite_pad_constant
 .text.forward_lite_pad_edge
                0x0800e1fc       0xe0 ../Middlewares/ST/AI/Lib\NetworkRuntime1020_CM7_GCC.a(forward_lite_pad_generic.o)
                0x0800e1fc                forward_lite_pad_edge
 .text.forward_lite_pad_reflect
                0x0800e2dc      0x14c ../Middlewares/ST/AI/Lib\NetworkRuntime1020_CM7_GCC.a(forward_lite_pad_generic.o)
                0x0800e2dc                forward_lite_pad_reflect
 .text.align_factor
                0x0800e428       0xa4 ../Middlewares/ST/AI/Lib\NetworkRuntime1020_CM7_GCC.a(st_align_factor.o)
                0x0800e428                align_factor
 .text.align_factor_ch
                0x0800e4cc       0x60 ../Middlewares/ST/AI/Lib\NetworkRuntime1020_CM7_GCC.a(st_align_factor.o)
                0x0800e4cc                align_factor_ch
 .text.st_int8_to16_no_shift
                0x0800e52c       0xc4 ../Middlewares/ST/AI/Lib\NetworkRuntime1020_CM7_GCC.a(st_int8_to16_no_shift.o)
                0x0800e52c                st_int8_to16_no_shift
 .text.st_int8_to16_no_shift_interleaved
                0x0800e5f0       0x88 ../Middlewares/ST/AI/Lib\NetworkRuntime1020_CM7_GCC.a(st_int8_to16_no_shift.o)
                0x0800e5f0                st_int8_to16_no_shift_interleaved
 .text.st_int8_to16_dual
                0x0800e678      0x1d4 ../Middlewares/ST/AI/Lib\NetworkRuntime1020_CM7_GCC.a(st_int8_to16_no_shift.o)
                0x0800e678                st_int8_to16_dual
 .text.st_int8_to16_dual_interleaved
                0x0800e84c      0x178 ../Middlewares/ST/AI/Lib\NetworkRuntime1020_CM7_GCC.a(st_int8_to16_no_shift.o)
                0x0800e84c                st_int8_to16_dual_interleaved
 .text.ai_padding_opt_init
                0x0800e9c4       0xb4 ../Middlewares/ST/AI/Lib\NetworkRuntime1020_CM7_GCC.a(st_padding_opt.o)
                0x0800e9c4                ai_padding_opt_init
 .text.ai_padding_opt_phase1
                0x0800ea78       0x34 ../Middlewares/ST/AI/Lib\NetworkRuntime1020_CM7_GCC.a(st_padding_opt.o)
                0x0800ea78                ai_padding_opt_phase1
 .text.st_int8_avepool
                0x0800eaac      0x208 ../Middlewares/ST/AI/Lib\NetworkRuntime1020_CM7_GCC.a(st_int8_pool.o)
                0x0800eaac                st_int8_avepool
 .text.st_int16_fill
                0x0800ecb4       0x3c ../Middlewares/ST/AI/Lib\NetworkRuntime1020_CM7_GCC.a(st_int16_fill.o)
                0x0800ecb4                st_int16_fill
 .text.st_sssa8_ch_convolve_rank1upd
                0x0800ecf0      0x128 ../Middlewares/ST/AI/Lib\NetworkRuntime1020_CM7_GCC.a(st_sssa8_ch_convolve.o)
                0x0800ecf0                st_sssa8_ch_convolve_rank1upd
 .text.st_sssa8_ch_fully_connected
                0x0800ee18      0x518 ../Middlewares/ST/AI/Lib\NetworkRuntime1020_CM7_GCC.a(st_sssa8_ch_dense.o)
                0x0800ee18                st_sssa8_ch_fully_connected
 .text.st_sssa8_fully_connected
                0x0800f330      0x36c ../Middlewares/ST/AI/Lib\NetworkRuntime1020_CM7_GCC.a(st_sssa8_dense.o)
                0x0800f330                st_sssa8_fully_connected
 .text.st_int8_copy
                0x0800f69c      0x150 ../Middlewares/ST/AI/Lib\NetworkRuntime1020_CM7_GCC.a(st_int8_fill.o)
                0x0800f69c                st_int8_copy
 .text.st_int8_fill
                0x0800f7ec       0x80 ../Middlewares/ST/AI/Lib\NetworkRuntime1020_CM7_GCC.a(st_int8_fill.o)
                0x0800f7ec                st_int8_fill
 .text.st_int8_reordered_no_shift_zero
                0x0800f86c       0x6c ../Middlewares/ST/AI/Lib\NetworkRuntime1020_CM7_GCC.a(st_int8_reordered_no_shift.o)
                0x0800f86c                st_int8_reordered_no_shift_zero
 .text.st_sssa8_ch_nn_mat_mult_kernel_single_opt
                0x0800f8d8      0x350 ../Middlewares/ST/AI/Lib\NetworkRuntime1020_CM7_GCC.a(st_sssa8_ch_nn_mat_mult_kernel_single_opt.o)
                0x0800f8d8                st_sssa8_ch_nn_mat_mult_kernel_single_opt
 .text.weights_2channels_prefetch
                0x0800fc28      0x1f0 ../Middlewares/ST/AI/Lib\NetworkRuntime1020_CM7_GCC.a(st_sssa8_ch_nn_mat_mult_nt_t.o)
                0x0800fc28                weights_2channels_prefetch
 .text.st_sssa8_ch_fullW_prefetch
                0x0800fe18       0x78 ../Middlewares/ST/AI/Lib\NetworkRuntime1020_CM7_GCC.a(st_sssa8_ch_nn_mat_mult_nt_t.o)
                0x0800fe18                st_sssa8_ch_fullW_prefetch
 .text.st_sssa8_ch_convolve_dw_3x3_ch1st
                0x0800fe90      0x258 ../Middlewares/ST/AI/Lib\NetworkRuntime1020_CM7_GCC.a(st_sssa8_ch_convolve_dw_3x3_ch1st.o)
                0x0800fe90                st_sssa8_ch_convolve_dw_3x3_ch1st
 *fill*         0x080100e8        0x8 
 .text.st_sssa8_ch_convolve_dw_3x3_ch1st_stride2
                0x080100f0      0x160 ../Middlewares/ST/AI/Lib\NetworkRuntime1020_CM7_GCC.a(st_sssa8_ch_convolve_dw_3x3_ch1st.o)
                0x080100f0                st_sssa8_ch_convolve_dw_3x3_ch1st_stride2
 .text.st_sssa8_ch_convolve_dw_3x3_KWS_ch1st
                0x08010250      0x208 ../Middlewares/ST/AI/Lib\NetworkRuntime1020_CM7_GCC.a(st_sssa8_ch_convolve_dw_3x3_ch1st.o)
                0x08010250                st_sssa8_ch_convolve_dw_3x3_KWS_ch1st
 *fill*         0x08010458        0x8 
 .text.st_sssa8_dense_memopt_loop
                0x08010460      0x794 ../Middlewares/ST/AI/Lib\NetworkRuntime1020_CM7_GCC.a(st_sssa8_dense_loop.o)
                0x08010460                st_sssa8_dense_loop
                0x08010810                st_sssa8_dense_memopt_loop
 .text.st_sssa8_ch_nn_mat_mult_kernel_opt
                0x08010bf4      0x33c ../Middlewares/ST/AI/Lib\NetworkRuntime1020_CM7_GCC.a(st_sssa8_ch_nn_mat_mult_kernel_opt.o)
                0x08010bf4                st_sssa8_ch_nn_mat_mult_kernel_opt
 .text.st_sssa8_ch_nn_mat_mult_pw_nt_t
                0x08010f30      0x760 ../Middlewares/ST/AI/Lib\NetworkRuntime1020_CM7_GCC.a(st_sssa8_ch_nn_mat_mult_pw_nt_t.o)
                0x08010f30                st_sssa8_ch_nn_mat_mult_pw_nt_t
 .text.st_sssa8_ch_nn_mat_mult_pw_nt_t_KWS
                0x08011690      0x350 ../Middlewares/ST/AI/Lib\NetworkRuntime1020_CM7_GCC.a(st_sssa8_ch_nn_mat_mult_pw_nt_t.o)
                0x08011690                st_sssa8_ch_nn_mat_mult_pw_nt_t_KWS
 .text.ai_sum_f32
                0x080119e0       0x14 ../Middlewares/ST/AI/Lib\NetworkRuntime1020_CM7_GCC.a(ai_math_helpers.o)
                0x080119e0                ai_sum_f32
 .text.ai_sum_buffer_INT8
                0x080119f4      0x2d0 ../Middlewares/ST/AI/Lib\NetworkRuntime1020_CM7_GCC.a(ai_math_helpers.o)
                0x080119f4                ai_sum_buffer_INT8
 .text.ai_array_to_buffer_fmt
                0x08011cc4       0xe0 ../Middlewares/ST/AI/Lib\NetworkRuntime1020_CM7_GCC.a(ai_datatypes_format.o)
                0x08011cc4                ai_array_to_buffer_fmt
 .text.ai_array_get_byte_size
                0x08011da4       0x44 ../Middlewares/ST/AI/Lib\NetworkRuntime1020_CM7_GCC.a(ai_datatypes_format.o)
                0x08011da4                ai_array_get_byte_size
 .text.ai_array_get_data_byte_size
                0x08011de8       0x20 ../Middlewares/ST/AI/Lib\NetworkRuntime1020_CM7_GCC.a(ai_datatypes_format.o)
                0x08011de8                ai_array_get_data_byte_size
 .text.ai_version_get
                0x08011e08        0xc ../Middlewares/ST/AI/Lib\NetworkRuntime1020_CM7_GCC.a(ai_datatypes_internal.o)
                0x08011e08                ai_version_get
 .text.get_tensor_byte_size
                0x08011e14       0x2c ../Middlewares/ST/AI/Lib\NetworkRuntime1020_CM7_GCC.a(ai_datatypes_internal.o)
                0x08011e14                get_tensor_byte_size
 .text.core_get_broadcasted_shape
                0x08011e40       0x50 ../Middlewares/ST/AI/Lib\NetworkRuntime1020_CM7_GCC.a(core_utils.o)
                0x08011e40                core_get_broadcasted_shape
 .text.core_compute_offsets
                0x08011e90      0x11c ../Middlewares/ST/AI/Lib\NetworkRuntime1020_CM7_GCC.a(core_utils.o)
                0x08011e90                core_compute_offsets
 .text.ai_math_elementwise_sum_int8
                0x08011fac      0x1d8 ../Middlewares/ST/AI/Lib\NetworkRuntime1020_CM7_GCC.a(ai_math_elementwise_sum_int8.o)
                0x08011fac                ai_math_elementwise_sum_int8
 .text.sbrk_aligned
                0x08012184       0x44 D:/ST/STM32CubeIDE_1.19.0/STM32CubeIDE/plugins/com.st.stm32cube.ide.mcu.externaltools.gnu-tools-for-stm32.13.3.rel1.win32_1.0.0.202411081344/tools/bin/../lib/gcc/arm-none-eabi/13.3.1/../../../../arm-none-eabi/lib/thumb/v7e-m+dp/hard\libc_nano.a(libc_a-mallocr.o)
 .text._malloc_r
                0x080121c8      0x100 D:/ST/STM32CubeIDE_1.19.0/STM32CubeIDE/plugins/com.st.stm32cube.ide.mcu.externaltools.gnu-tools-for-stm32.13.3.rel1.win32_1.0.0.202411081344/tools/bin/../lib/gcc/arm-none-eabi/13.3.1/../../../../arm-none-eabi/lib/thumb/v7e-m+dp/hard\libc_nano.a(libc_a-mallocr.o)
                0x080121c8                _malloc_r
 .text.__malloc_lock
                0x080122c8        0xc D:/ST/STM32CubeIDE_1.19.0/STM32CubeIDE/plugins/com.st.stm32cube.ide.mcu.externaltools.gnu-tools-for-stm32.13.3.rel1.win32_1.0.0.202411081344/tools/bin/../lib/gcc/arm-none-eabi/13.3.1/../../../../arm-none-eabi/lib/thumb/v7e-m+dp/hard\libc_nano.a(libc_a-mlock.o)
                0x080122c8                __malloc_lock
 .text.__malloc_unlock
                0x080122d4        0xc D:/ST/STM32CubeIDE_1.19.0/STM32CubeIDE/plugins/com.st.stm32cube.ide.mcu.externaltools.gnu-tools-for-stm32.13.3.rel1.win32_1.0.0.202411081344/tools/bin/../lib/gcc/arm-none-eabi/13.3.1/../../../../arm-none-eabi/lib/thumb/v7e-m+dp/hard\libc_nano.a(libc_a-mlock.o)
                0x080122d4                __malloc_unlock
 .text._realloc_r
                0x080122e0       0x5c D:/ST/STM32CubeIDE_1.19.0/STM32CubeIDE/plugins/com.st.stm32cube.ide.mcu.externaltools.gnu-tools-for-stm32.13.3.rel1.win32_1.0.0.202411081344/tools/bin/../lib/gcc/arm-none-eabi/13.3.1/../../../../arm-none-eabi/lib/thumb/v7e-m+dp/hard\libc_nano.a(libc_a-reallocr.o)
                0x080122e0                _realloc_r
 .text.snprintf
                0x0801233c       0x6c D:/ST/STM32CubeIDE_1.19.0/STM32CubeIDE/plugins/com.st.stm32cube.ide.mcu.externaltools.gnu-tools-for-stm32.13.3.rel1.win32_1.0.0.202411081344/tools/bin/../lib/gcc/arm-none-eabi/13.3.1/../../../../arm-none-eabi/lib/thumb/v7e-m+dp/hard\libc_nano.a(libc_a-snprintf.o)
                0x0801233c                sniprintf
                0x0801233c                snprintf
 .text.memmove  0x080123a8       0x34 D:/ST/STM32CubeIDE_1.19.0/STM32CubeIDE/plugins/com.st.stm32cube.ide.mcu.externaltools.gnu-tools-for-stm32.13.3.rel1.win32_1.0.0.202411081344/tools/bin/../lib/gcc/arm-none-eabi/13.3.1/../../../../arm-none-eabi/lib/thumb/v7e-m+dp/hard\libc_nano.a(libc_a-memmove.o)
                0x080123a8                memmove
 .text.memset   0x080123dc       0x10 D:/ST/STM32CubeIDE_1.19.0/STM32CubeIDE/plugins/com.st.stm32cube.ide.mcu.externaltools.gnu-tools-for-stm32.13.3.rel1.win32_1.0.0.202411081344/tools/bin/../lib/gcc/arm-none-eabi/13.3.1/../../../../arm-none-eabi/lib/thumb/v7e-m+dp/hard\libc_nano.a(libc_a-memset.o)
                0x080123dc                memset
 .text._sbrk_r  0x080123ec       0x20 D:/ST/STM32CubeIDE_1.19.0/STM32CubeIDE/plugins/com.st.stm32cube.ide.mcu.externaltools.gnu-tools-for-stm32.13.3.rel1.win32_1.0.0.202411081344/tools/bin/../lib/gcc/arm-none-eabi/13.3.1/../../../../arm-none-eabi/lib/thumb/v7e-m+dp/hard\libc_nano.a(libc_a-sbrkr.o)
                0x080123ec                _sbrk_r
 .text.__errno  0x0801240c        0xc D:/ST/STM32CubeIDE_1.19.0/STM32CubeIDE/plugins/com.st.stm32cube.ide.mcu.externaltools.gnu-tools-for-stm32.13.3.rel1.win32_1.0.0.202411081344/tools/bin/../lib/gcc/arm-none-eabi/13.3.1/../../../../arm-none-eabi/lib/thumb/v7e-m+dp/hard\libc_nano.a(libc_a-errno.o)
                0x0801240c                __errno
 .text.__libc_init_array
                0x08012418       0x48 D:/ST/STM32CubeIDE_1.19.0/STM32CubeIDE/plugins/com.st.stm32cube.ide.mcu.externaltools.gnu-tools-for-stm32.13.3.rel1.win32_1.0.0.202411081344/tools/bin/../lib/gcc/arm-none-eabi/13.3.1/../../../../arm-none-eabi/lib/thumb/v7e-m+dp/hard\libc_nano.a(libc_a-init.o)
                0x08012418                __libc_init_array
 .text.__retarget_lock_acquire_recursive
                0x08012460        0x2 D:/ST/STM32CubeIDE_1.19.0/STM32CubeIDE/plugins/com.st.stm32cube.ide.mcu.externaltools.gnu-tools-for-stm32.13.3.rel1.win32_1.0.0.202411081344/tools/bin/../lib/gcc/arm-none-eabi/13.3.1/../../../../arm-none-eabi/lib/thumb/v7e-m+dp/hard\libc_nano.a(libc_a-lock.o)
                0x08012460                __retarget_lock_acquire_recursive
 .text.__retarget_lock_release_recursive
                0x08012462        0x2 D:/ST/STM32CubeIDE_1.19.0/STM32CubeIDE/plugins/com.st.stm32cube.ide.mcu.externaltools.gnu-tools-for-stm32.13.3.rel1.win32_1.0.0.202411081344/tools/bin/../lib/gcc/arm-none-eabi/13.3.1/../../../../arm-none-eabi/lib/thumb/v7e-m+dp/hard\libc_nano.a(libc_a-lock.o)
                0x08012462                __retarget_lock_release_recursive
 .text.memcpy   0x08012464       0x1c D:/ST/STM32CubeIDE_1.19.0/STM32CubeIDE/plugins/com.st.stm32cube.ide.mcu.externaltools.gnu-tools-for-stm32.13.3.rel1.win32_1.0.0.202411081344/tools/bin/../lib/gcc/arm-none-eabi/13.3.1/../../../../arm-none-eabi/lib/thumb/v7e-m+dp/hard\libc_nano.a(libc_a-memcpy-stub.o)
                0x08012464                memcpy
 .text._free_r  0x08012480       0x94 D:/ST/STM32CubeIDE_1.19.0/STM32CubeIDE/plugins/com.st.stm32cube.ide.mcu.externaltools.gnu-tools-for-stm32.13.3.rel1.win32_1.0.0.202411081344/tools/bin/../lib/gcc/arm-none-eabi/13.3.1/../../../../arm-none-eabi/lib/thumb/v7e-m+dp/hard\libc_nano.a(libc_a-freer.o)
                0x08012480                _free_r
 .text._malloc_usable_size_r
                0x08012514       0x10 D:/ST/STM32CubeIDE_1.19.0/STM32CubeIDE/plugins/com.st.stm32cube.ide.mcu.externaltools.gnu-tools-for-stm32.13.3.rel1.win32_1.0.0.202411081344/tools/bin/../lib/gcc/arm-none-eabi/13.3.1/../../../../arm-none-eabi/lib/thumb/v7e-m+dp/hard\libc_nano.a(libc_a-msizer.o)
                0x08012514                _malloc_usable_size_r
 .text.__ssputs_r
                0x08012524       0xb6 D:/ST/STM32CubeIDE_1.19.0/STM32CubeIDE/plugins/com.st.stm32cube.ide.mcu.externaltools.gnu-tools-for-stm32.13.3.rel1.win32_1.0.0.202411081344/tools/bin/../lib/gcc/arm-none-eabi/13.3.1/../../../../arm-none-eabi/lib/thumb/v7e-m+dp/hard\libc_nano.a(libc_a-nano-svfprintf.o)
                0x08012524                __ssputs_r
 *fill*         0x080125da        0x2 
 .text._svfprintf_r
                0x080125dc      0x1f8 D:/ST/STM32CubeIDE_1.19.0/STM32CubeIDE/plugins/com.st.stm32cube.ide.mcu.externaltools.gnu-tools-for-stm32.13.3.rel1.win32_1.0.0.202411081344/tools/bin/../lib/gcc/arm-none-eabi/13.3.1/../../../../arm-none-eabi/lib/thumb/v7e-m+dp/hard\libc_nano.a(libc_a-nano-svfprintf.o)
                0x080125dc                _svfiprintf_r
                0x080125dc                _svfprintf_r
 .text._printf_common
                0x080127d4       0xda D:/ST/STM32CubeIDE_1.19.0/STM32CubeIDE/plugins/com.st.stm32cube.ide.mcu.externaltools.gnu-tools-for-stm32.13.3.rel1.win32_1.0.0.202411081344/tools/bin/../lib/gcc/arm-none-eabi/13.3.1/../../../../arm-none-eabi/lib/thumb/v7e-m+dp/hard\libc_nano.a(libc_a-nano-vfprintf_i.o)
                0x080127d4                _printf_common
 *fill*         0x080128ae        0x2 
 .text._printf_i
                0x080128b0      0x23c D:/ST/STM32CubeIDE_1.19.0/STM32CubeIDE/plugins/com.st.stm32cube.ide.mcu.externaltools.gnu-tools-for-stm32.13.3.rel1.win32_1.0.0.202411081344/tools/bin/../lib/gcc/arm-none-eabi/13.3.1/../../../../arm-none-eabi/lib/thumb/v7e-m+dp/hard\libc_nano.a(libc_a-nano-vfprintf_i.o)
                0x080128b0                _printf_i
 .text.expf     0x08012aec       0xe8 D:/ST/STM32CubeIDE_1.19.0/STM32CubeIDE/plugins/com.st.stm32cube.ide.mcu.externaltools.gnu-tools-for-stm32.13.3.rel1.win32_1.0.0.202411081344/tools/bin/../lib/gcc/arm-none-eabi/13.3.1/../../../../arm-none-eabi/lib/thumb/v7e-m+dp/hard\libm.a(libm_a-sf_exp.o)
                0x08012aec                expf
 .text.with_errnof
                0x08012bd4       0x1c D:/ST/STM32CubeIDE_1.19.0/STM32CubeIDE/plugins/com.st.stm32cube.ide.mcu.externaltools.gnu-tools-for-stm32.13.3.rel1.win32_1.0.0.202411081344/tools/bin/../lib/gcc/arm-none-eabi/13.3.1/../../../../arm-none-eabi/lib/thumb/v7e-m+dp/hard\libm.a(libm_a-math_errf.o)
 .text.xflowf   0x08012bf0       0x16 D:/ST/STM32CubeIDE_1.19.0/STM32CubeIDE/plugins/com.st.stm32cube.ide.mcu.externaltools.gnu-tools-for-stm32.13.3.rel1.win32_1.0.0.202411081344/tools/bin/../lib/gcc/arm-none-eabi/13.3.1/../../../../arm-none-eabi/lib/thumb/v7e-m+dp/hard\libm.a(libm_a-math_errf.o)
 *fill*         0x08012c06        0x2 
 .text.__math_uflowf
                0x08012c08        0xc D:/ST/STM32CubeIDE_1.19.0/STM32CubeIDE/plugins/com.st.stm32cube.ide.mcu.externaltools.gnu-tools-for-stm32.13.3.rel1.win32_1.0.0.202411081344/tools/bin/../lib/gcc/arm-none-eabi/13.3.1/../../../../arm-none-eabi/lib/thumb/v7e-m+dp/hard\libm.a(libm_a-math_errf.o)
                0x08012c08                __math_uflowf
 .text.__math_may_uflowf
                0x08012c14        0xc D:/ST/STM32CubeIDE_1.19.0/STM32CubeIDE/plugins/com.st.stm32cube.ide.mcu.externaltools.gnu-tools-for-stm32.13.3.rel1.win32_1.0.0.202411081344/tools/bin/../lib/gcc/arm-none-eabi/13.3.1/../../../../arm-none-eabi/lib/thumb/v7e-m+dp/hard\libm.a(libm_a-math_errf.o)
                0x08012c14                __math_may_uflowf
 .text.__math_oflowf
                0x08012c20        0xc D:/ST/STM32CubeIDE_1.19.0/STM32CubeIDE/plugins/com.st.stm32cube.ide.mcu.externaltools.gnu-tools-for-stm32.13.3.rel1.win32_1.0.0.202411081344/tools/bin/../lib/gcc/arm-none-eabi/13.3.1/../../../../arm-none-eabi/lib/thumb/v7e-m+dp/hard\libm.a(libm_a-math_errf.o)
                0x08012c20                __math_oflowf
 *(.glue_7)
 .glue_7        0x08012c2c        0x0 linker stubs
 *(.glue_7t)
 .glue_7t       0x08012c2c        0x0 linker stubs
 *(.eh_frame)
 .eh_frame      0x08012c2c        0x0 D:/ST/STM32CubeIDE_1.19.0/STM32CubeIDE/plugins/com.st.stm32cube.ide.mcu.externaltools.gnu-tools-for-stm32.13.3.rel1.win32_1.0.0.202411081344/tools/bin/../lib/gcc/arm-none-eabi/13.3.1/thumb/v7e-m+dp/hard/crtbegin.o
 *(.init)
 .init          0x08012c2c        0x4 D:/ST/STM32CubeIDE_1.19.0/STM32CubeIDE/plugins/com.st.stm32cube.ide.mcu.externaltools.gnu-tools-for-stm32.13.3.rel1.win32_1.0.0.202411081344/tools/bin/../lib/gcc/arm-none-eabi/13.3.1/thumb/v7e-m+dp/hard/crti.o
                0x08012c2c                _init
 .init          0x08012c30        0x8 D:/ST/STM32CubeIDE_1.19.0/STM32CubeIDE/plugins/com.st.stm32cube.ide.mcu.externaltools.gnu-tools-for-stm32.13.3.rel1.win32_1.0.0.202411081344/tools/bin/../lib/gcc/arm-none-eabi/13.3.1/thumb/v7e-m+dp/hard/crtn.o
 *(.fini)
 .fini          0x08012c38        0x4 D:/ST/STM32CubeIDE_1.19.0/STM32CubeIDE/plugins/com.st.stm32cube.ide.mcu.externaltools.gnu-tools-for-stm32.13.3.rel1.win32_1.0.0.202411081344/tools/bin/../lib/gcc/arm-none-eabi/13.3.1/thumb/v7e-m+dp/hard/crti.o
                0x08012c38                _fini
 .fini          0x08012c3c        0x8 D:/ST/STM32CubeIDE_1.19.0/STM32CubeIDE/plugins/com.st.stm32cube.ide.mcu.externaltools.gnu-tools-for-stm32.13.3.rel1.win32_1.0.0.202411081344/tools/bin/../lib/gcc/arm-none-eabi/13.3.1/thumb/v7e-m+dp/hard/crtn.o
                0x08012c44                        . = ALIGN (0x4)
                0x08012c44                        _etext = .

.vfp11_veneer   0x08012c44        0x0
 .vfp11_veneer  0x08012c44        0x0 linker stubs

.v4_bx          0x08012c44        0x0
 .v4_bx         0x08012c44        0x0 linker stubs

.iplt           0x08012c44        0x0
 .iplt          0x08012c44        0x0 D:/ST/STM32CubeIDE_1.19.0/STM32CubeIDE/plugins/com.st.stm32cube.ide.mcu.externaltools.gnu-tools-for-stm32.13.3.rel1.win32_1.0.0.202411081344/tools/bin/../lib/gcc/arm-none-eabi/13.3.1/thumb/v7e-m+dp/hard/crtbegin.o

.rodata         0x08012c60    0x31ad8
                0x08012c60                        . = ALIGN (0x4)
 *(.rodata)
 .rodata        0x08012c60       0x10 ./X-CUBE-AI/App/waterlevel_data.o
 *(.rodata*)
 .rodata.CameraApp_Init.str1.4
                0x08012c70      0x306 ./Core/Src/camera_app.o
                                0x14d (size before relaxing)
 .rodata.CameraApp_Run.str1.4
                0x08012f76       0xa7 ./Core/Src/camera_app.o
 .rodata.str1.4
                0x08012f76       0x25 ./Core/Src/camera_app.o
 *fill*         0x08012f76        0x2 
 .rodata.k_names.0
                0x08012f78       0x14 ./Core/Src/camera_app.o
 .rodata.msg.1  0x08012f8c       0x12 ./Core/Src/camera_app.o
 .rodata.Error_Handler.str1.4
                0x08012f9e       0x18 ./Core/Src/main.o
 .rodata.main.str1.4
                0x08012f9e       0x74 ./Core/Src/main.o
 *fill*         0x08012f9e        0x2 
 .rodata.ov2640_video_fast_cfg
                0x08012fa0        0xa ./Core/Src/ov2640.o
 *fill*         0x08012faa        0x2 
 .rodata.ov2640_jpeg_cfg
                0x08012fac        0xe ./Core/Src/ov2640.o
 *fill*         0x08012fba        0x2 
 .rodata.ov2640_yuv422_cfg
                0x08012fbc       0x10 ./Core/Src/ov2640.o
 .rodata.ov2640_init_common_cfg
                0x08012fcc      0x164 ./Core/Src/ov2640.o
 .rodata.fault_dump_regs.str1.4
                0x08013130       0x42 ./Core/Src/stm32h7xx_it.o
 .rodata.HardFault_Handler.str1.4
                0x08013130        0x5 ./Core/Src/stm32h7xx_it.o
 .rodata.MemManage_Handler.str1.4
                0x08013130        0x4 ./Core/Src/stm32h7xx_it.o
 .rodata.BusFault_Handler.str1.4
                0x08013130        0x4 ./Core/Src/stm32h7xx_it.o
 .rodata.UsageFault_Handler.str1.4
                0x08013130        0x6 ./Core/Src/stm32h7xx_it.o
 .rodata.D1CorePrescTable
                0x08013130       0x10 ./Core/Src/system_stm32h7xx.o
                0x08013130                D1CorePrescTable
 .rodata.Clip8  0x08013140      0x400 ./Core/Src/tjpgd.o
 .rodata.Ipsf   0x08013540       0x80 ./Core/Src/tjpgd.o
 .rodata.Zig    0x080135c0       0x40 ./Core/Src/tjpgd.o
 .rodata.flagBitshiftOffset.0
                0x08013600        0x8 ./Drivers/STM32H7xx_HAL_Driver/Src/stm32h7xx_hal_dma.o
 .rodata.UARTPrescTable
                0x08013608       0x18 ./Drivers/STM32H7xx_HAL_Driver/Src/stm32h7xx_hal_uart.o
                0x08013608                UARTPrescTable
 .rodata.denominator.0
                0x08013620        0x8 ./Drivers/STM32H7xx_HAL_Driver/Src/stm32h7xx_hal_uart_ex.o
 .rodata.numerator.1
                0x08013628        0x8 ./Drivers/STM32H7xx_HAL_Driver/Src/stm32h7xx_hal_uart_ex.o
 .rodata._feat_feat_0_feat_0_2_Clip_output_0_chain
                0x08013630        0x8 ./X-CUBE-AI/App/waterlevel.o
 .rodata._feat_feat_1_block_block_0_block_0_2_Relu_output_0_pad_before_chain
                0x08013638        0x8 ./X-CUBE-AI/App/waterlevel.o
 .rodata._feat_feat_1_block_block_0_block_0_2_Relu_output_0_pad_before_value
                0x08013640       0x10 ./X-CUBE-AI/App/waterlevel.o
 .rodata._feat_feat_1_block_block_0_block_0_2_Relu_output_0_pad_before_value_data
                0x08013650        0x1 ./X-CUBE-AI/App/waterlevel.o
 *fill*         0x08013651        0x3 
 .rodata._feat_feat_1_block_block_0_block_0_2_Relu_output_0_chain
                0x08013654        0x8 ./X-CUBE-AI/App/waterlevel.o
 .rodata._feat_feat_1_block_block_2_block_2_0_Conv_output_0_chain
                0x0801365c        0x8 ./X-CUBE-AI/App/waterlevel.o
 .rodata._feat_feat_2_block_block_0_block_0_2_Relu_output_0_chain
                0x08013664        0x8 ./X-CUBE-AI/App/waterlevel.o
 .rodata._feat_feat_2_block_block_1_block_1_2_Relu_output_0_pad_before_chain
                0x0801366c        0x8 ./X-CUBE-AI/App/waterlevel.o
 .rodata._feat_feat_2_block_block_1_block_1_2_Relu_output_0_pad_before_value
                0x08013674       0x10 ./X-CUBE-AI/App/waterlevel.o
 .rodata._feat_feat_2_block_block_1_block_1_2_Relu_output_0_pad_before_value_data
                0x08013684        0x1 ./X-CUBE-AI/App/waterlevel.o
 *fill*         0x08013685        0x3 
 .rodata._feat_feat_2_block_block_1_block_1_2_Relu_output_0_chain
                0x08013688        0x8 ./X-CUBE-AI/App/waterlevel.o
 .rodata._feat_feat_2_block_block_2_block_2_0_Conv_output_0_chain
                0x08013690        0x8 ./X-CUBE-AI/App/waterlevel.o
 .rodata._feat_feat_3_block_block_0_block_0_2_Relu_output_0_chain
                0x08013698        0x8 ./X-CUBE-AI/App/waterlevel.o
 .rodata._feat_feat_3_block_block_1_block_1_2_Relu_output_0_pad_before_chain
                0x080136a0        0x8 ./X-CUBE-AI/App/waterlevel.o
 .rodata._feat_feat_3_block_block_1_block_1_2_Relu_output_0_pad_before_value
                0x080136a8       0x10 ./X-CUBE-AI/App/waterlevel.o
 .rodata._feat_feat_3_block_block_1_block_1_2_Relu_output_0_pad_before_value_data
                0x080136b8        0x1 ./X-CUBE-AI/App/waterlevel.o
 *fill*         0x080136b9        0x3 
 .rodata._feat_feat_3_block_block_1_block_1_2_Relu_output_0_chain
                0x080136bc        0x8 ./X-CUBE-AI/App/waterlevel.o
 .rodata._feat_feat_3_block_block_2_block_2_0_Conv_output_0_chain
                0x080136c4        0x8 ./X-CUBE-AI/App/waterlevel.o
 .rodata._feat_feat_3_Add_output_0_chain
                0x080136cc        0x8 ./X-CUBE-AI/App/waterlevel.o
 .rodata._feat_feat_4_block_block_0_block_0_2_Clip_output_0_chain
                0x080136d4        0x8 ./X-CUBE-AI/App/waterlevel.o
 .rodata._feat_feat_4_block_block_1_block_1_2_Clip_output_0_chain
                0x080136dc        0x8 ./X-CUBE-AI/App/waterlevel.o
 .rodata._feat_feat_4_block_block_3_block_3_0_Conv_output_0_chain
                0x080136e4        0x8 ./X-CUBE-AI/App/waterlevel.o
 .rodata._feat_feat_5_block_block_0_block_0_2_Clip_output_0_chain
                0x080136ec        0x8 ./X-CUBE-AI/App/waterlevel.o
 .rodata._feat_feat_5_block_block_1_block_1_2_Clip_output_0_chain
                0x080136f4        0x8 ./X-CUBE-AI/App/waterlevel.o
 .rodata._feat_feat_5_block_block_3_block_3_0_Conv_output_0_chain
                0x080136fc        0x8 ./X-CUBE-AI/App/waterlevel.o
 .rodata._feat_feat_5_Add_output_0_chain
                0x08013704        0x8 ./X-CUBE-AI/App/waterlevel.o
 .rodata._feat_feat_6_block_block_0_block_0_2_Clip_output_0_chain
                0x0801370c        0x8 ./X-CUBE-AI/App/waterlevel.o
 .rodata._feat_feat_6_block_block_1_block_1_2_Clip_output_0_chain
                0x08013714        0x8 ./X-CUBE-AI/App/waterlevel.o
 .rodata._feat_feat_6_block_block_3_block_3_0_Conv_output_0_chain
                0x0801371c        0x8 ./X-CUBE-AI/App/waterlevel.o
 .rodata._feat_feat_6_Add_output_0_chain
                0x08013724        0x8 ./X-CUBE-AI/App/waterlevel.o
 .rodata._feat_feat_7_block_block_0_block_0_2_Clip_output_0_chain
                0x0801372c        0x8 ./X-CUBE-AI/App/waterlevel.o
 .rodata._feat_feat_7_block_block_1_block_1_2_Clip_output_0_chain
                0x08013734        0x8 ./X-CUBE-AI/App/waterlevel.o
 .rodata._feat_feat_7_block_block_3_block_3_0_Conv_output_0_chain
                0x0801373c        0x8 ./X-CUBE-AI/App/waterlevel.o
 .rodata._feat_feat_7_Add_output_0_chain
                0x08013744        0x8 ./X-CUBE-AI/App/waterlevel.o
 .rodata._feat_feat_8_block_block_0_block_0_2_Clip_output_0_chain
                0x0801374c        0x8 ./X-CUBE-AI/App/waterlevel.o
 .rodata._feat_feat_8_block_block_1_block_1_2_Clip_output_0_chain
                0x08013754        0x8 ./X-CUBE-AI/App/waterlevel.o
 .rodata._feat_feat_8_block_block_3_block_3_0_Conv_output_0_chain
                0x0801375c        0x8 ./X-CUBE-AI/App/waterlevel.o
 .rodata._feat_feat_8_Add_output_0_chain
                0x08013764        0x8 ./X-CUBE-AI/App/waterlevel.o
 .rodata._feat_feat_9_block_block_0_block_0_2_Clip_output_0_chain
                0x0801376c        0x8 ./X-CUBE-AI/App/waterlevel.o
 .rodata._feat_feat_9_block_block_1_block_1_2_Clip_output_0_chain
                0x08013774        0x8 ./X-CUBE-AI/App/waterlevel.o
 .rodata._feat_feat_9_block_block_3_block_3_0_Conv_output_0_chain
                0x0801377c        0x8 ./X-CUBE-AI/App/waterlevel.o
 .rodata._feat_feat_10_block_block_0_block_0_2_Clip_output_0_chain
                0x08013784        0x8 ./X-CUBE-AI/App/waterlevel.o
 .rodata._feat_feat_10_block_block_1_block_1_2_Clip_output_0_chain
                0x0801378c        0x8 ./X-CUBE-AI/App/waterlevel.o
 .rodata._feat_feat_10_block_block_3_block_3_0_Conv_output_0_chain
                0x08013794        0x8 ./X-CUBE-AI/App/waterlevel.o
 .rodata._feat_feat_10_Add_output_0_chain
                0x0801379c        0x8 ./X-CUBE-AI/App/waterlevel.o
 .rodata._feat_feat_11_block_block_0_block_0_2_Clip_output_0_chain
                0x080137a4        0x8 ./X-CUBE-AI/App/waterlevel.o
 .rodata._feat_feat_11_block_block_1_block_1_2_Clip_output_0_chain
                0x080137ac        0x8 ./X-CUBE-AI/App/waterlevel.o
 .rodata._feat_feat_11_block_block_3_block_3_0_Conv_output_0_chain
                0x080137b4        0x8 ./X-CUBE-AI/App/waterlevel.o
 .rodata._feat_feat_11_Add_output_0_chain
                0x080137bc        0x8 ./X-CUBE-AI/App/waterlevel.o
 .rodata._feat_feat_12_feat_12_2_Clip_output_0_chain
                0x080137c4        0x8 ./X-CUBE-AI/App/waterlevel.o
 .rodata._pool_GlobalAveragePool_output_0_chain
                0x080137cc        0x8 ./X-CUBE-AI/App/waterlevel.o
 .rodata._shared_shared_2_Clip_output_0_chain
                0x080137d4        0x8 ./X-CUBE-AI/App/waterlevel.o
 .rodata._reg_head_Gemm_output_0_chain
                0x080137dc        0x8 ./X-CUBE-AI/App/waterlevel.o
 .rodata._Sigmoid_output_0_chain
                0x080137e4        0x8 ./X-CUBE-AI/App/waterlevel.o
 .rodata._Sigmoid_output_0_nl_params
                0x080137ec       0x10 ./X-CUBE-AI/App/waterlevel.o
 .rodata._Sigmoid_output_0_nl_params_data
                0x080137fc      0x100 ./X-CUBE-AI/App/waterlevel.o
 .rodata.logits_QuantizeLinear_Input_chain
                0x080138fc        0x8 ./X-CUBE-AI/App/waterlevel.o
 .rodata.logits_QuantizeLinear_Input_weights_array_intq
                0x08013904        0x8 ./X-CUBE-AI/App/waterlevel.o
 .rodata.__compound_literal.260
                0x0801390c        0x8 ./X-CUBE-AI/App/waterlevel.o
 .rodata.__compound_literal.259
                0x08013914        0x5 ./X-CUBE-AI/App/waterlevel.o
 *fill*         0x08013919        0x3 
 .rodata.__compound_literal.258
                0x0801391c       0x14 ./X-CUBE-AI/App/waterlevel.o
 .rodata.logits_QuantizeLinear_Input_output_array_intq
                0x08013930        0x8 ./X-CUBE-AI/App/waterlevel.o
 .rodata.__compound_literal.257
                0x08013938        0x8 ./X-CUBE-AI/App/waterlevel.o
 .rodata.__compound_literal.256
                0x08013940        0x1 ./X-CUBE-AI/App/waterlevel.o
 *fill*         0x08013941        0x3 
 .rodata.__compound_literal.255
                0x08013944        0x4 ./X-CUBE-AI/App/waterlevel.o
 .rodata.input_output_array_intq
                0x08013948        0x8 ./X-CUBE-AI/App/waterlevel.o
 .rodata.__compound_literal.254
                0x08013950        0x8 ./X-CUBE-AI/App/waterlevel.o
 .rodata.__compound_literal.253
                0x08013958        0x1 ./X-CUBE-AI/App/waterlevel.o
 *fill*         0x08013959        0x3 
 .rodata.__compound_literal.252
                0x0801395c        0x4 ./X-CUBE-AI/App/waterlevel.o
 .rodata._shared_shared_2_Clip_output_0_weights_array_intq
                0x08013960        0x8 ./X-CUBE-AI/App/waterlevel.o
 .rodata.__compound_literal.251
                0x08013968        0x8 ./X-CUBE-AI/App/waterlevel.o
 .rodata.__compound_literal.250
                0x08013970       0x80 ./X-CUBE-AI/App/waterlevel.o
 .rodata.__compound_literal.249
                0x080139f0      0x200 ./X-CUBE-AI/App/waterlevel.o
 .rodata._shared_shared_2_Clip_output_0_output_array_intq
                0x08013bf0        0x8 ./X-CUBE-AI/App/waterlevel.o
 .rodata.__compound_literal.248
                0x08013bf8        0x8 ./X-CUBE-AI/App/waterlevel.o
 .rodata.__compound_literal.247
                0x08013c00        0x1 ./X-CUBE-AI/App/waterlevel.o
 *fill*         0x08013c01        0x3 
 .rodata.__compound_literal.246
                0x08013c04        0x4 ./X-CUBE-AI/App/waterlevel.o
 .rodata._reg_head_Gemm_output_0_weights_array_intq
                0x08013c08        0x8 ./X-CUBE-AI/App/waterlevel.o
 .rodata.__compound_literal.245
                0x08013c10        0x8 ./X-CUBE-AI/App/waterlevel.o
 .rodata.__compound_literal.244
                0x08013c18        0x1 ./X-CUBE-AI/App/waterlevel.o
 *fill*         0x08013c19        0x3 
 .rodata.__compound_literal.243
                0x08013c1c        0x4 ./X-CUBE-AI/App/waterlevel.o
 .rodata._reg_head_Gemm_output_0_output_array_intq
                0x08013c20        0x8 ./X-CUBE-AI/App/waterlevel.o
 .rodata.__compound_literal.242
                0x08013c28        0x8 ./X-CUBE-AI/App/waterlevel.o
 .rodata.__compound_literal.241
                0x08013c30        0x1 ./X-CUBE-AI/App/waterlevel.o
 *fill*         0x08013c31        0x3 
 .rodata.__compound_literal.240
                0x08013c34        0x4 ./X-CUBE-AI/App/waterlevel.o
 .rodata._pool_GlobalAveragePool_output_0_output_array_intq
                0x08013c38        0x8 ./X-CUBE-AI/App/waterlevel.o
 .rodata.__compound_literal.239
                0x08013c40        0x8 ./X-CUBE-AI/App/waterlevel.o
 .rodata.__compound_literal.238
                0x08013c48        0x1 ./X-CUBE-AI/App/waterlevel.o
 *fill*         0x08013c49        0x3 
 .rodata.__compound_literal.237
                0x08013c4c        0x4 ./X-CUBE-AI/App/waterlevel.o
 .rodata._feat_feat_9_block_block_3_block_3_0_Conv_output_0_weights_array_intq
                0x08013c50        0x8 ./X-CUBE-AI/App/waterlevel.o
 .rodata.__compound_literal.236
                0x08013c58        0x8 ./X-CUBE-AI/App/waterlevel.o
 .rodata.__compound_literal.235
                0x08013c60       0x30 ./X-CUBE-AI/App/waterlevel.o
 .rodata.__compound_literal.234
                0x08013c90       0xc0 ./X-CUBE-AI/App/waterlevel.o
 .rodata._feat_feat_9_block_block_3_block_3_0_Conv_output_0_output_array_intq
                0x08013d50        0x8 ./X-CUBE-AI/App/waterlevel.o
 .rodata.__compound_literal.233
                0x08013d58        0x8 ./X-CUBE-AI/App/waterlevel.o
 .rodata.__compound_literal.232
                0x08013d60        0x1 ./X-CUBE-AI/App/waterlevel.o
 *fill*         0x08013d61        0x3 
 .rodata.__compound_literal.231
                0x08013d64        0x4 ./X-CUBE-AI/App/waterlevel.o
 .rodata._feat_feat_9_block_block_1_block_1_2_Clip_output_0_weights_array_intq
                0x08013d68        0x8 ./X-CUBE-AI/App/waterlevel.o
 .rodata.__compound_literal.230
                0x08013d70        0x8 ./X-CUBE-AI/App/waterlevel.o
 .rodata.__compound_literal.229
                0x08013d78       0x90 ./X-CUBE-AI/App/waterlevel.o
 .rodata.__compound_literal.228
                0x08013e08      0x240 ./X-CUBE-AI/App/waterlevel.o
 .rodata._feat_feat_9_block_block_1_block_1_2_Clip_output_0_output_array_intq
                0x08014048        0x8 ./X-CUBE-AI/App/waterlevel.o
 .rodata.__compound_literal.227
                0x08014050        0x8 ./X-CUBE-AI/App/waterlevel.o
 .rodata.__compound_literal.226
                0x08014058        0x1 ./X-CUBE-AI/App/waterlevel.o
 *fill*         0x08014059        0x3 
 .rodata.__compound_literal.225
                0x0801405c        0x4 ./X-CUBE-AI/App/waterlevel.o
 .rodata._feat_feat_9_block_block_0_block_0_2_Clip_output_0_weights_array_intq
                0x08014060        0x8 ./X-CUBE-AI/App/waterlevel.o
 .rodata.__compound_literal.224
                0x08014068        0x8 ./X-CUBE-AI/App/waterlevel.o
 .rodata.__compound_literal.223
                0x08014070       0x90 ./X-CUBE-AI/App/waterlevel.o
 .rodata.__compound_literal.222
                0x08014100      0x240 ./X-CUBE-AI/App/waterlevel.o
 .rodata._feat_feat_9_block_block_0_block_0_2_Clip_output_0_output_array_intq
                0x08014340        0x8 ./X-CUBE-AI/App/waterlevel.o
 .rodata.__compound_literal.221
                0x08014348        0x8 ./X-CUBE-AI/App/waterlevel.o
 .rodata.__compound_literal.220
                0x08014350        0x1 ./X-CUBE-AI/App/waterlevel.o
 *fill*         0x08014351        0x3 
 .rodata.__compound_literal.219
                0x08014354        0x4 ./X-CUBE-AI/App/waterlevel.o
 .rodata._feat_feat_8_block_block_3_block_3_0_Conv_output_0_weights_array_intq
                0x08014358        0x8 ./X-CUBE-AI/App/waterlevel.o
 .rodata.__compound_literal.218
                0x08014360        0x8 ./X-CUBE-AI/App/waterlevel.o
 .rodata.__compound_literal.217
                0x08014368       0x18 ./X-CUBE-AI/App/waterlevel.o
 .rodata.__compound_literal.216
                0x08014380       0x60 ./X-CUBE-AI/App/waterlevel.o
 .rodata._feat_feat_8_block_block_3_block_3_0_Conv_output_0_output_array_intq
                0x080143e0        0x8 ./X-CUBE-AI/App/waterlevel.o
 .rodata.__compound_literal.215
                0x080143e8        0x8 ./X-CUBE-AI/App/waterlevel.o
 .rodata.__compound_literal.214
                0x080143f0        0x1 ./X-CUBE-AI/App/waterlevel.o
 *fill*         0x080143f1        0x3 
 .rodata.__compound_literal.213
                0x080143f4        0x4 ./X-CUBE-AI/App/waterlevel.o
 .rodata._feat_feat_8_block_block_1_block_1_2_Clip_output_0_weights_array_intq
                0x080143f8        0x8 ./X-CUBE-AI/App/waterlevel.o
 .rodata.__compound_literal.212
                0x08014400        0x8 ./X-CUBE-AI/App/waterlevel.o
 .rodata.__compound_literal.211
                0x08014408       0x48 ./X-CUBE-AI/App/waterlevel.o
 .rodata.__compound_literal.210
                0x08014450      0x120 ./X-CUBE-AI/App/waterlevel.o
 .rodata._feat_feat_8_block_block_1_block_1_2_Clip_output_0_output_array_intq
                0x08014570        0x8 ./X-CUBE-AI/App/waterlevel.o
 .rodata.__compound_literal.209
                0x08014578        0x8 ./X-CUBE-AI/App/waterlevel.o
 .rodata.__compound_literal.208
                0x08014580        0x1 ./X-CUBE-AI/App/waterlevel.o
 *fill*         0x08014581        0x3 
 .rodata.__compound_literal.207
                0x08014584        0x4 ./X-CUBE-AI/App/waterlevel.o
 .rodata._feat_feat_8_block_block_0_block_0_2_Clip_output_0_weights_array_intq
                0x08014588        0x8 ./X-CUBE-AI/App/waterlevel.o
 .rodata.__compound_literal.206
                0x08014590        0x8 ./X-CUBE-AI/App/waterlevel.o
 .rodata.__compound_literal.205
                0x08014598       0x48 ./X-CUBE-AI/App/waterlevel.o
 .rodata.__compound_literal.204
                0x080145e0      0x120 ./X-CUBE-AI/App/waterlevel.o
 .rodata._feat_feat_8_block_block_0_block_0_2_Clip_output_0_output_array_intq
                0x08014700        0x8 ./X-CUBE-AI/App/waterlevel.o
 .rodata.__compound_literal.203
                0x08014708        0x8 ./X-CUBE-AI/App/waterlevel.o
 .rodata.__compound_literal.202
                0x08014710        0x1 ./X-CUBE-AI/App/waterlevel.o
 *fill*         0x08014711        0x3 
 .rodata.__compound_literal.201
                0x08014714        0x4 ./X-CUBE-AI/App/waterlevel.o
 .rodata._feat_feat_8_Add_output_0_output_array_intq
                0x08014718        0x8 ./X-CUBE-AI/App/waterlevel.o
 .rodata.__compound_literal.200
                0x08014720        0x8 ./X-CUBE-AI/App/waterlevel.o
 .rodata.__compound_literal.199
                0x08014728        0x1 ./X-CUBE-AI/App/waterlevel.o
 *fill*         0x08014729        0x3 
 .rodata.__compound_literal.198
                0x0801472c        0x4 ./X-CUBE-AI/App/waterlevel.o
 .rodata._feat_feat_7_block_block_3_block_3_0_Conv_output_0_weights_array_intq
                0x08014730        0x8 ./X-CUBE-AI/App/waterlevel.o
 .rodata.__compound_literal.197
                0x08014738        0x8 ./X-CUBE-AI/App/waterlevel.o
 .rodata.__compound_literal.196
                0x08014740       0x18 ./X-CUBE-AI/App/waterlevel.o
 .rodata.__compound_literal.195
                0x08014758       0x60 ./X-CUBE-AI/App/waterlevel.o
 .rodata._feat_feat_7_block_block_3_block_3_0_Conv_output_0_output_array_intq
                0x080147b8        0x8 ./X-CUBE-AI/App/waterlevel.o
 .rodata.__compound_literal.194
                0x080147c0        0x8 ./X-CUBE-AI/App/waterlevel.o
 .rodata.__compound_literal.193
                0x080147c8        0x1 ./X-CUBE-AI/App/waterlevel.o
 *fill*         0x080147c9        0x3 
 .rodata.__compound_literal.192
                0x080147cc        0x4 ./X-CUBE-AI/App/waterlevel.o
 .rodata._feat_feat_7_block_block_1_block_1_2_Clip_output_0_weights_array_intq
                0x080147d0        0x8 ./X-CUBE-AI/App/waterlevel.o
 .rodata.__compound_literal.191
                0x080147d8        0x8 ./X-CUBE-AI/App/waterlevel.o
 .rodata.__compound_literal.190
                0x080147e0       0x40 ./X-CUBE-AI/App/waterlevel.o
 .rodata.__compound_literal.189
                0x08014820      0x100 ./X-CUBE-AI/App/waterlevel.o
 .rodata._feat_feat_7_block_block_1_block_1_2_Clip_output_0_output_array_intq
                0x08014920        0x8 ./X-CUBE-AI/App/waterlevel.o
 .rodata.__compound_literal.188
                0x08014928        0x8 ./X-CUBE-AI/App/waterlevel.o
 .rodata.__compound_literal.187
                0x08014930        0x1 ./X-CUBE-AI/App/waterlevel.o
 *fill*         0x08014931        0x3 
 .rodata.__compound_literal.186
                0x08014934        0x4 ./X-CUBE-AI/App/waterlevel.o
 .rodata._feat_feat_7_block_block_0_block_0_2_Clip_output_0_weights_array_intq
                0x08014938        0x8 ./X-CUBE-AI/App/waterlevel.o
 .rodata.__compound_literal.185
                0x08014940        0x8 ./X-CUBE-AI/App/waterlevel.o
 .rodata.__compound_literal.184
                0x08014948       0x40 ./X-CUBE-AI/App/waterlevel.o
 .rodata.__compound_literal.183
                0x08014988      0x100 ./X-CUBE-AI/App/waterlevel.o
 .rodata._feat_feat_7_block_block_0_block_0_2_Clip_output_0_output_array_intq
                0x08014a88        0x8 ./X-CUBE-AI/App/waterlevel.o
 .rodata.__compound_literal.182
                0x08014a90        0x8 ./X-CUBE-AI/App/waterlevel.o
 .rodata.__compound_literal.181
                0x08014a98        0x1 ./X-CUBE-AI/App/waterlevel.o
 *fill*         0x08014a99        0x3 
 .rodata.__compound_literal.180
                0x08014a9c        0x4 ./X-CUBE-AI/App/waterlevel.o
 .rodata._feat_feat_7_Add_output_0_output_array_intq
                0x08014aa0        0x8 ./X-CUBE-AI/App/waterlevel.o
 .rodata.__compound_literal.179
                0x08014aa8        0x8 ./X-CUBE-AI/App/waterlevel.o
 .rodata.__compound_literal.178
                0x08014ab0        0x1 ./X-CUBE-AI/App/waterlevel.o
 *fill*         0x08014ab1        0x3 
 .rodata.__compound_literal.177
                0x08014ab4        0x4 ./X-CUBE-AI/App/waterlevel.o
 .rodata._feat_feat_6_block_block_3_block_3_0_Conv_output_0_weights_array_intq
                0x08014ab8        0x8 ./X-CUBE-AI/App/waterlevel.o
 .rodata.__compound_literal.176
                0x08014ac0        0x8 ./X-CUBE-AI/App/waterlevel.o
 .rodata.__compound_literal.175
                0x08014ac8       0x18 ./X-CUBE-AI/App/waterlevel.o
 .rodata.__compound_literal.174
                0x08014ae0       0x60 ./X-CUBE-AI/App/waterlevel.o
 .rodata._feat_feat_6_block_block_3_block_3_0_Conv_output_0_output_array_intq
                0x08014b40        0x8 ./X-CUBE-AI/App/waterlevel.o
 .rodata.__compound_literal.173
                0x08014b48        0x8 ./X-CUBE-AI/App/waterlevel.o
 .rodata.__compound_literal.172
                0x08014b50        0x1 ./X-CUBE-AI/App/waterlevel.o
 *fill*         0x08014b51        0x3 
 .rodata.__compound_literal.171
                0x08014b54        0x4 ./X-CUBE-AI/App/waterlevel.o
 .rodata._feat_feat_6_block_block_1_block_1_2_Clip_output_0_weights_array_intq
                0x08014b58        0x8 ./X-CUBE-AI/App/waterlevel.o
 .rodata.__compound_literal.170
                0x08014b60        0x8 ./X-CUBE-AI/App/waterlevel.o
 .rodata.__compound_literal.169
                0x08014b68       0x78 ./X-CUBE-AI/App/waterlevel.o
 .rodata.__compound_literal.168
                0x08014be0      0x1e0 ./X-CUBE-AI/App/waterlevel.o
 .rodata._feat_feat_6_block_block_1_block_1_2_Clip_output_0_output_array_intq
                0x08014dc0        0x8 ./X-CUBE-AI/App/waterlevel.o
 .rodata.__compound_literal.167
                0x08014dc8        0x8 ./X-CUBE-AI/App/waterlevel.o
 .rodata.__compound_literal.166
                0x08014dd0        0x1 ./X-CUBE-AI/App/waterlevel.o
 *fill*         0x08014dd1        0x3 
 .rodata.__compound_literal.165
                0x08014dd4        0x4 ./X-CUBE-AI/App/waterlevel.o
 .rodata._feat_feat_6_block_block_0_block_0_2_Clip_output_0_weights_array_intq
                0x08014dd8        0x8 ./X-CUBE-AI/App/waterlevel.o
 .rodata.__compound_literal.164
                0x08014de0        0x8 ./X-CUBE-AI/App/waterlevel.o
 .rodata.__compound_literal.163
                0x08014de8       0x78 ./X-CUBE-AI/App/waterlevel.o
 .rodata.__compound_literal.162
                0x08014e60      0x1e0 ./X-CUBE-AI/App/waterlevel.o
 .rodata._feat_feat_6_block_block_0_block_0_2_Clip_output_0_output_array_intq
                0x08015040        0x8 ./X-CUBE-AI/App/waterlevel.o
 .rodata.__compound_literal.161
                0x08015048        0x8 ./X-CUBE-AI/App/waterlevel.o
 .rodata.__compound_literal.160
                0x08015050        0x1 ./X-CUBE-AI/App/waterlevel.o
 *fill*         0x08015051        0x3 
 .rodata.__compound_literal.159
                0x08015054        0x4 ./X-CUBE-AI/App/waterlevel.o
 .rodata._feat_feat_6_Add_output_0_output_array_intq
                0x08015058        0x8 ./X-CUBE-AI/App/waterlevel.o
 .rodata.__compound_literal.158
                0x08015060        0x8 ./X-CUBE-AI/App/waterlevel.o
 .rodata.__compound_literal.157
                0x08015068        0x1 ./X-CUBE-AI/App/waterlevel.o
 *fill*         0x08015069        0x3 
 .rodata.__compound_literal.156
                0x0801506c        0x4 ./X-CUBE-AI/App/waterlevel.o
 .rodata._feat_feat_5_block_block_3_block_3_0_Conv_output_0_weights_array_intq
                0x08015070        0x8 ./X-CUBE-AI/App/waterlevel.o
 .rodata.__compound_literal.155
                0x08015078        0x8 ./X-CUBE-AI/App/waterlevel.o
 .rodata.__compound_literal.154
                0x08015080       0x18 ./X-CUBE-AI/App/waterlevel.o
 .rodata.__compound_literal.153
                0x08015098       0x60 ./X-CUBE-AI/App/waterlevel.o
 .rodata._feat_feat_5_block_block_3_block_3_0_Conv_output_0_output_array_intq
                0x080150f8        0x8 ./X-CUBE-AI/App/waterlevel.o
 .rodata.__compound_literal.152
                0x08015100        0x8 ./X-CUBE-AI/App/waterlevel.o
 .rodata.__compound_literal.151
                0x08015108        0x1 ./X-CUBE-AI/App/waterlevel.o
 *fill*         0x08015109        0x3 
 .rodata.__compound_literal.150
                0x0801510c        0x4 ./X-CUBE-AI/App/waterlevel.o
 .rodata._feat_feat_5_block_block_1_block_1_2_Clip_output_0_weights_array_intq
                0x08015110        0x8 ./X-CUBE-AI/App/waterlevel.o
 .rodata.__compound_literal.149
                0x08015118        0x8 ./X-CUBE-AI/App/waterlevel.o
 .rodata.__compound_literal.148
                0x08015120       0x78 ./X-CUBE-AI/App/waterlevel.o
 .rodata.__compound_literal.147
                0x08015198      0x1e0 ./X-CUBE-AI/App/waterlevel.o
 .rodata._feat_feat_5_block_block_1_block_1_2_Clip_output_0_output_array_intq
                0x08015378        0x8 ./X-CUBE-AI/App/waterlevel.o
 .rodata.__compound_literal.146
                0x08015380        0x8 ./X-CUBE-AI/App/waterlevel.o
 .rodata.__compound_literal.145